"2025-12-25T12:20:31.0345229Z Current runner version: '2.330.0'
2025-12-25T12:20:31.0368986Z ##[group]Runner Image Provisioner
2025-12-25T12:20:31.0369824Z Hosted Compute Agent
2025-12-25T12:20:31.0370363Z Version: 20251211.462
2025-12-25T12:20:31.0371040Z Commit: 6cbad8c2bb55d58165063d031ccabf57e2d2db61
2025-12-25T12:20:31.0371732Z Build Date: 2025-12-11T16:28:49Z
2025-12-25T12:20:31.0372362Z Worker ID: {b1450e0a-af30-4c5b-b5a5-b52d0d3a8628}
2025-12-25T12:20:31.0373117Z ##[endgroup]
2025-12-25T12:20:31.0373642Z ##[group]Operating System
2025-12-25T12:20:31.0374153Z Ubuntu
2025-12-25T12:20:31.0374673Z 24.04.3
2025-12-25T12:20:31.0375100Z LTS
2025-12-25T12:20:31.0375556Z ##[endgroup]
2025-12-25T12:20:31.0376132Z ##[group]Runner Image
2025-12-25T12:20:31.0376646Z Image: ubuntu-24.04
2025-12-25T12:20:31.0377152Z Version: 20251215.174.1
2025-12-25T12:20:31.0378586Z Included Software: https://github.com/actions/runner-images/blob/ubuntu24/20251215.174/images/ubuntu/Ubuntu2404-Readme.md
2025-12-25T12:20:31.0380173Z Image Release: https://github.com/actions/runner-images/releases/tag/ubuntu24%2F20251215.174
2025-12-25T12:20:31.0381204Z ##[endgroup]
2025-12-25T12:20:31.0383688Z ##[group]GITHUB_TOKEN Permissions
2025-12-25T12:20:31.0385996Z Actions: write
2025-12-25T12:20:31.0386534Z ArtifactMetadata: write
2025-12-25T12:20:31.0387091Z Attestations: write
2025-12-25T12:20:31.0387869Z Checks: write
2025-12-25T12:20:31.0388343Z Contents: write
2025-12-25T12:20:31.0388896Z Deployments: write
2025-12-25T12:20:31.0389415Z Discussions: write
2025-12-25T12:20:31.0389951Z Issues: write
2025-12-25T12:20:31.0390458Z Metadata: read
2025-12-25T12:20:31.0390963Z Models: read
2025-12-25T12:20:31.0391484Z Packages: write
2025-12-25T12:20:31.0391964Z Pages: write
2025-12-25T12:20:31.0392543Z PullRequests: write
2025-12-25T12:20:31.0393195Z RepositoryProjects: write
2025-12-25T12:20:31.0393749Z SecurityEvents: write
2025-12-25T12:20:31.0394324Z Statuses: write
2025-12-25T12:20:31.0394839Z ##[endgroup]
2025-12-25T12:20:31.0396908Z Secret source: Actions
2025-12-25T12:20:31.0397905Z Prepare workflow directory
2025-12-25T12:20:31.1801687Z Prepare all required actions
2025-12-25T12:20:31.1839698Z Getting action download info
2025-12-25T12:20:31.5937050Z Download action repository 'actions/checkout@v4' (SHA:34e114876b0b11c390a56381ad16ebd13914f8d5)
2025-12-25T12:20:32.2141447Z Download action repository 'actions/setup-python@v5' (SHA:a26af69be951a213d495a4c3e4e4022e16d87065)
2025-12-25T12:20:32.4408351Z Complete job name: daily-sync
2025-12-25T12:20:32.5159944Z ##[group]Run actions/checkout@v4
2025-12-25T12:20:32.5160913Z with:
2025-12-25T12:20:32.5161359Z   repository: MLotfy88/MediSwitch-Final
2025-12-25T12:20:32.5162093Z   token: ***
2025-12-25T12:20:32.5162510Z   ssh-strict: true
2025-12-25T12:20:32.5162933Z   ssh-user: git
2025-12-25T12:20:32.5163355Z   persist-credentials: true
2025-12-25T12:20:32.5163840Z   clean: true
2025-12-25T12:20:32.5164277Z   sparse-checkout-cone-mode: true
2025-12-25T12:20:32.5164789Z   fetch-depth: 1
2025-12-25T12:20:32.5165205Z   fetch-tags: false
2025-12-25T12:20:32.5165666Z   show-progress: true
2025-12-25T12:20:32.5166118Z   lfs: false
2025-12-25T12:20:32.5166528Z   submodules: false
2025-12-25T12:20:32.5166954Z   set-safe-directory: true
2025-12-25T12:20:32.5167851Z ##[endgroup]
2025-12-25T12:20:32.6245466Z Syncing repository: MLotfy88/MediSwitch-Final
2025-12-25T12:20:32.6247332Z ##[group]Getting Git version info
2025-12-25T12:20:32.6248562Z Working directory is '/home/runner/work/MediSwitch-Final/MediSwitch-Final'
2025-12-25T12:20:32.6249655Z [command]/usr/bin/git version
2025-12-25T12:20:32.6338937Z git version 2.52.0
2025-12-25T12:20:32.6365444Z ##[endgroup]
2025-12-25T12:20:32.6381007Z Temporarily overriding HOME='/home/runner/work/_temp/851e090b-fe92-4958-a021-758b279c6bd7' before making global git config changes
2025-12-25T12:20:32.6382976Z Adding repository directory to the temporary git global config as a safe directory
2025-12-25T12:20:32.6386905Z [command]/usr/bin/git config --global --add safe.directory /home/runner/work/MediSwitch-Final/MediSwitch-Final
2025-12-25T12:20:32.6432473Z Deleting the contents of '/home/runner/work/MediSwitch-Final/MediSwitch-Final'
2025-12-25T12:20:32.6435712Z ##[group]Initializing the repository
2025-12-25T12:20:32.6440017Z [command]/usr/bin/git init /home/runner/work/MediSwitch-Final/MediSwitch-Final
2025-12-25T12:20:32.6545617Z hint: Using 'master' as the name for the initial branch. This default branch name
2025-12-25T12:20:32.6546663Z hint: will change to "main" in Git 3.0. To configure the initial branch name
2025-12-25T12:20:32.6547826Z hint: to use in all of your new repositories, which will suppress this warning,
2025-12-25T12:20:32.6548585Z hint: call:
2025-12-25T12:20:32.6548977Z hint:
2025-12-25T12:20:32.6549721Z hint: 	git config --global init.defaultBranch <name>
2025-12-25T12:20:32.6550789Z hint:
2025-12-25T12:20:32.6551577Z hint: Names commonly chosen instead of 'master' are 'main', 'trunk' and
2025-12-25T12:20:32.6552522Z hint: 'development'. The just-created branch can be renamed via this command:
2025-12-25T12:20:32.6553286Z hint:
2025-12-25T12:20:32.6553689Z hint: 	git branch -m <name>
2025-12-25T12:20:32.6554163Z hint:
2025-12-25T12:20:32.6554786Z hint: Disable this message with "git config set advice.defaultBranchName false"
2025-12-25T12:20:32.6556182Z Initialized empty Git repository in /home/runner/work/MediSwitch-Final/MediSwitch-Final/.git/
2025-12-25T12:20:32.6561581Z [command]/usr/bin/git remote add origin https://github.com/MLotfy88/MediSwitch-Final
2025-12-25T12:20:32.6601138Z ##[endgroup]
2025-12-25T12:20:32.6602560Z ##[group]Disabling automatic garbage collection
2025-12-25T12:20:32.6603763Z [command]/usr/bin/git config --local gc.auto 0
2025-12-25T12:20:32.6630588Z ##[endgroup]
2025-12-25T12:20:32.6631973Z ##[group]Setting up auth
2025-12-25T12:20:32.6638328Z [command]/usr/bin/git config --local --name-only --get-regexp core\.sshCommand
2025-12-25T12:20:32.6669788Z [command]/usr/bin/git submodule foreach --recursive sh -c "git config --local --name-only --get-regexp 'core\.sshCommand' && git config --local --unset-all 'core.sshCommand' || :"
2025-12-25T12:20:32.7026330Z [command]/usr/bin/git config --local --name-only --get-regexp http\.https\:\/\/github\.com\/\.extraheader
2025-12-25T12:20:32.7055992Z [command]/usr/bin/git submodule foreach --recursive sh -c "git config --local --name-only --get-regexp 'http\.https\:\/\/github\.com\/\.extraheader' && git config --local --unset-all 'http.https://github.com/.extraheader' || :"
2025-12-25T12:20:32.7277943Z [command]/usr/bin/git config --local --name-only --get-regexp ^includeIf\.gitdir:
2025-12-25T12:20:32.7306662Z [command]/usr/bin/git submodule foreach --recursive git config --local --show-origin --name-only --get-regexp remote.origin.url
2025-12-25T12:20:32.7536080Z [command]/usr/bin/git config --local http.https://github.com/.extraheader AUTHORIZATION: basic ***
2025-12-25T12:20:32.7570111Z ##[endgroup]
2025-12-25T12:20:32.7570934Z ##[group]Fetching the repository
2025-12-25T12:20:32.7578778Z [command]/usr/bin/git -c protocol.version=2 fetch --no-tags --prune --no-recurse-submodules --depth=1 origin +6a5ea4d15ae1d1a819c15a02d63730ac72c2256a:refs/remotes/origin/main
2025-12-25T12:20:49.7711533Z From https://github.com/MLotfy88/MediSwitch-Final
2025-12-25T12:20:49.7712436Z  * [new ref]         6a5ea4d15ae1d1a819c15a02d63730ac72c2256a -> origin/main
2025-12-25T12:20:49.7746737Z ##[endgroup]
2025-12-25T12:20:49.7747370Z ##[group]Determining the checkout info
2025-12-25T12:20:49.7750049Z ##[endgroup]
2025-12-25T12:20:49.7755537Z [command]/usr/bin/git sparse-checkout disable
2025-12-25T12:20:49.7796222Z [command]/usr/bin/git config --local --unset-all extensions.worktreeConfig
2025-12-25T12:20:49.7821576Z ##[group]Checking out the ref
2025-12-25T12:20:49.7826037Z [command]/usr/bin/git checkout --progress --force -B main refs/remotes/origin/main
2025-12-25T12:20:51.3647769Z Updating files:  89% (1547/1724)
2025-12-25T12:20:51.5809215Z Updating files:  90% (1552/1724)
2025-12-25T12:20:51.5817719Z Updating files:  91% (1569/1724)
2025-12-25T12:20:51.5827971Z Updating files:  92% (1587/1724)
2025-12-25T12:20:51.7862821Z Updating files:  93% (1604/1724)
2025-12-25T12:20:51.7868136Z Updating files:  94% (1621/1724)
2025-12-25T12:20:51.7921748Z Updating files:  94% (1633/1724)
2025-12-25T12:20:51.7934578Z Updating files:  95% (1638/1724)
2025-12-25T12:20:51.7943759Z Updating files:  96% (1656/1724)
2025-12-25T12:20:51.7953329Z Updating files:  97% (1673/1724)
2025-12-25T12:20:51.7964509Z Updating files:  98% (1690/1724)
2025-12-25T12:20:51.7972200Z Updating files:  99% (1707/1724)
2025-12-25T12:20:51.7972993Z Updating files: 100% (1724/1724)
2025-12-25T12:20:51.7973487Z Updating files: 100% (1724/1724), done.
2025-12-25T12:20:51.8001842Z Switched to a new branch 'main'
2025-12-25T12:20:51.8004922Z branch 'main' set up to track 'origin/main'.
2025-12-25T12:20:51.8143390Z ##[endgroup]
2025-12-25T12:20:51.8188842Z [command]/usr/bin/git log -1 --format=%H
2025-12-25T12:20:51.8213398Z 6a5ea4d15ae1d1a819c15a02d63730ac72c2256a
2025-12-25T12:20:51.8440427Z ##[group]Run actions/setup-python@v5
2025-12-25T12:20:51.8440761Z with:
2025-12-25T12:20:51.8440990Z   python-version: 3.10
2025-12-25T12:20:51.8441193Z   check-latest: false
2025-12-25T12:20:51.8441502Z   token: ***
2025-12-25T12:20:51.8441695Z   update-environment: true
2025-12-25T12:20:51.8441925Z   allow-prereleases: false
2025-12-25T12:20:51.8442134Z   freethreaded: false
2025-12-25T12:20:51.8442328Z ##[endgroup]
2025-12-25T12:20:52.0099257Z ##[group]Installed versions
2025-12-25T12:20:52.0712217Z Successfully set up CPython (3.10.19)
2025-12-25T12:20:52.0713372Z ##[endgroup]
2025-12-25T12:20:52.0828336Z ##[group]Run pip install requests pandas beautifulsoup4 aiohttp aiofiles brotli
2025-12-25T12:20:52.0828923Z [36;1mpip install requests pandas beautifulsoup4 aiohttp aiofiles brotli[0m
2025-12-25T12:20:52.1202393Z shell: /usr/bin/bash -e {0}
2025-12-25T12:20:52.1202679Z env:
2025-12-25T12:20:52.1202944Z   pythonLocation: /opt/hostedtoolcache/Python/3.10.19/x64
2025-12-25T12:20:52.1203396Z   PKG_CONFIG_PATH: /opt/hostedtoolcache/Python/3.10.19/x64/lib/pkgconfig
2025-12-25T12:20:52.1203837Z   Python_ROOT_DIR: /opt/hostedtoolcache/Python/3.10.19/x64
2025-12-25T12:20:52.1204195Z   Python2_ROOT_DIR: /opt/hostedtoolcache/Python/3.10.19/x64
2025-12-25T12:20:52.1204551Z   Python3_ROOT_DIR: /opt/hostedtoolcache/Python/3.10.19/x64
2025-12-25T12:20:52.1204902Z   LD_LIBRARY_PATH: /opt/hostedtoolcache/Python/3.10.19/x64/lib
2025-12-25T12:20:52.1205193Z ##[endgroup]
2025-12-25T12:20:55.9694242Z Collecting requests
2025-12-25T12:20:56.0238511Z   Downloading requests-2.32.5-py3-none-any.whl.metadata (4.9 kB)
2025-12-25T12:20:56.1876515Z Collecting pandas
2025-12-25T12:20:56.1912101Z   Downloading pandas-2.3.3-cp310-cp310-manylinux_2_24_x86_64.manylinux_2_28_x86_64.whl.metadata (91 kB)
2025-12-25T12:20:56.2674076Z Collecting beautifulsoup4
2025-12-25T12:20:56.2713142Z   Downloading beautifulsoup4-4.14.3-py3-none-any.whl.metadata (3.8 kB)
2025-12-25T12:20:56.8976027Z Collecting aiohttp
2025-12-25T12:20:56.9014607Z   Downloading aiohttp-3.13.2-cp310-cp310-manylinux2014_x86_64.manylinux_2_17_x86_64.manylinux_2_28_x86_64.whl.metadata (8.1 kB)
2025-12-25T12:20:56.9169101Z Collecting aiofiles
2025-12-25T12:20:56.9201101Z   Downloading aiofiles-25.1.0-py3-none-any.whl.metadata (6.3 kB)
2025-12-25T12:20:56.9580459Z Collecting brotli
2025-12-25T12:20:56.9614757Z   Downloading brotli-1.2.0-cp310-cp310-manylinux2014_x86_64.manylinux_2_17_x86_64.whl.metadata (6.1 kB)
2025-12-25T12:20:57.0642835Z Collecting charset_normalizer<4,>=2 (from requests)
2025-12-25T12:20:57.0685856Z   Downloading charset_normalizer-3.4.4-cp310-cp310-manylinux2014_x86_64.manylinux_2_17_x86_64.manylinux_2_28_x86_64.whl.metadata (37 kB)
2025-12-25T12:20:57.0872802Z Collecting idna<4,>=2.5 (from requests)
2025-12-25T12:20:57.0905651Z   Downloading idna-3.11-py3-none-any.whl.metadata (8.4 kB)
2025-12-25T12:20:57.1257786Z Collecting urllib3<3,>=1.21.1 (from requests)
2025-12-25T12:20:57.1292202Z   Downloading urllib3-2.6.2-py3-none-any.whl.metadata (6.6 kB)
2025-12-25T12:20:57.1552607Z Collecting certifi>=2017.4.17 (from requests)
2025-12-25T12:20:57.1587748Z   Downloading certifi-2025.11.12-py3-none-any.whl.metadata (2.5 kB)
2025-12-25T12:20:57.4134861Z Collecting numpy>=1.22.4 (from pandas)
2025-12-25T12:20:57.4169047Z   Downloading numpy-2.2.6-cp310-cp310-manylinux_2_17_x86_64.manylinux2014_x86_64.whl.metadata (62 kB)
2025-12-25T12:20:57.4351162Z Collecting python-dateutil>=2.8.2 (from pandas)
2025-12-25T12:20:57.4382715Z   Downloading python_dateutil-2.9.0.post0-py2.py3-none-any.whl.metadata (8.4 kB)
2025-12-25T12:20:57.4814651Z Collecting pytz>=2020.1 (from pandas)
2025-12-25T12:20:57.4848209Z   Downloading pytz-2025.2-py2.py3-none-any.whl.metadata (22 kB)
2025-12-25T12:20:57.5016775Z Collecting tzdata>=2022.7 (from pandas)
2025-12-25T12:20:57.5050264Z   Downloading tzdata-2025.3-py2.py3-none-any.whl.metadata (1.4 kB)
2025-12-25T12:20:57.5303528Z Collecting soupsieve>=1.6.1 (from beautifulsoup4)
2025-12-25T12:20:57.5343378Z   Downloading soupsieve-2.8.1-py3-none-any.whl.metadata (4.6 kB)
2025-12-25T12:20:57.5567886Z Collecting typing-extensions>=4.0.0 (from beautifulsoup4)
2025-12-25T12:20:57.5604730Z   Downloading typing_extensions-4.15.0-py3-none-any.whl.metadata (3.3 kB)
2025-12-25T12:20:57.5789101Z Collecting aiohappyeyeballs>=2.5.0 (from aiohttp)
2025-12-25T12:20:57.5826408Z   Downloading aiohappyeyeballs-2.6.1-py3-none-any.whl.metadata (5.9 kB)
2025-12-25T12:20:57.5940118Z Collecting aiosignal>=1.4.0 (from aiohttp)
2025-12-25T12:20:57.5972260Z   Downloading aiosignal-1.4.0-py3-none-any.whl.metadata (3.7 kB)
2025-12-25T12:20:57.6112513Z Collecting async-timeout<6.0,>=4.0 (from aiohttp)
2025-12-25T12:20:57.6149172Z   Downloading async_timeout-5.0.1-py3-none-any.whl.metadata (5.1 kB)
2025-12-25T12:20:57.6377907Z Collecting attrs>=17.3.0 (from aiohttp)
2025-12-25T12:20:57.6410721Z   Downloading attrs-25.4.0-py3-none-any.whl.metadata (10 kB)
2025-12-25T12:20:57.7254625Z Collecting frozenlist>=1.1.1 (from aiohttp)
2025-12-25T12:20:57.7288368Z   Downloading frozenlist-1.8.0-cp310-cp310-manylinux1_x86_64.manylinux_2_28_x86_64.manylinux_2_5_x86_64.whl.metadata (20 kB)
2025-12-25T12:20:58.0541320Z Collecting multidict<7.0,>=4.5 (from aiohttp)
2025-12-25T12:20:58.0578096Z   Downloading multidict-6.7.0-cp310-cp310-manylinux2014_x86_64.manylinux_2_17_x86_64.manylinux_2_28_x86_64.whl.metadata (5.3 kB)
2025-12-25T12:20:58.1291364Z Collecting propcache>=0.2.0 (from aiohttp)
2025-12-25T12:20:58.1328991Z   Downloading propcache-0.4.1-cp310-cp310-manylinux2014_x86_64.manylinux_2_17_x86_64.manylinux_2_28_x86_64.whl.metadata (13 kB)
2025-12-25T12:20:58.4979218Z Collecting yarl<2.0,>=1.17.0 (from aiohttp)
2025-12-25T12:20:58.5018518Z   Downloading yarl-1.22.0-cp310-cp310-manylinux2014_x86_64.manylinux_2_17_x86_64.manylinux_2_28_x86_64.whl.metadata (75 kB)
2025-12-25T12:20:58.5634808Z Collecting six>=1.5 (from python-dateutil>=2.8.2->pandas)
2025-12-25T12:20:58.5666847Z   Downloading six-1.17.0-py2.py3-none-any.whl.metadata (1.7 kB)
2025-12-25T12:20:58.5785045Z Downloading requests-2.32.5-py3-none-any.whl (64 kB)
2025-12-25T12:20:58.5855505Z Downloading charset_normalizer-3.4.4-cp310-cp310-manylinux2014_x86_64.manylinux_2_17_x86_64.manylinux_2_28_x86_64.whl (153 kB)
2025-12-25T12:20:58.5925980Z Downloading idna-3.11-py3-none-any.whl (71 kB)
2025-12-25T12:20:58.5986759Z Downloading urllib3-2.6.2-py3-none-any.whl (131 kB)
2025-12-25T12:20:58.6041890Z Downloading pandas-2.3.3-cp310-cp310-manylinux_2_24_x86_64.manylinux_2_28_x86_64.whl (12.8 MB)
2025-12-25T12:20:58.6840556Z    ‚îÅ‚îÅ‚îÅ‚îÅ‚îÅ‚îÅ‚îÅ‚îÅ‚îÅ‚îÅ‚îÅ‚îÅ‚îÅ‚îÅ‚îÅ‚îÅ‚îÅ‚îÅ‚îÅ‚îÅ‚îÅ‚îÅ‚îÅ‚îÅ‚îÅ‚îÅ‚îÅ‚îÅ‚îÅ‚îÅ‚îÅ‚îÅ‚îÅ‚îÅ‚îÅ‚îÅ‚îÅ‚îÅ‚îÅ‚îÅ 12.8/12.8 MB 181.8 MB/s  0:00:00
2025-12-25T12:20:58.6874575Z Downloading beautifulsoup4-4.14.3-py3-none-any.whl (107 kB)
2025-12-25T12:20:58.6934307Z Downloading aiohttp-3.13.2-cp310-cp310-manylinux2014_x86_64.manylinux_2_17_x86_64.manylinux_2_28_x86_64.whl (1.7 MB)
2025-12-25T12:20:58.7069858Z    ‚îÅ‚îÅ‚îÅ‚îÅ‚îÅ‚îÅ‚îÅ‚îÅ‚îÅ‚îÅ‚îÅ‚îÅ‚îÅ‚îÅ‚îÅ‚îÅ‚îÅ‚îÅ‚îÅ‚îÅ‚îÅ‚îÅ‚îÅ‚îÅ‚îÅ‚îÅ‚îÅ‚îÅ‚îÅ‚îÅ‚îÅ‚îÅ‚îÅ‚îÅ‚îÅ‚îÅ‚îÅ‚îÅ‚îÅ‚îÅ 1.7/1.7 MB 157.3 MB/s  0:00:00
2025-12-25T12:20:58.7104211Z Downloading async_timeout-5.0.1-py3-none-any.whl (6.2 kB)
2025-12-25T12:20:58.7169230Z Downloading multidict-6.7.0-cp310-cp310-manylinux2014_x86_64.manylinux_2_17_x86_64.manylinux_2_28_x86_64.whl (241 kB)
2025-12-25T12:20:58.7233563Z Downloading yarl-1.22.0-cp310-cp310-manylinux2014_x86_64.manylinux_2_17_x86_64.manylinux_2_28_x86_64.whl (346 kB)
2025-12-25T12:20:58.7313999Z Downloading aiofiles-25.1.0-py3-none-any.whl (14 kB)
2025-12-25T12:20:58.7382406Z Downloading brotli-1.2.0-cp310-cp310-manylinux2014_x86_64.manylinux_2_17_x86_64.whl (1.4 MB)
2025-12-25T12:20:58.7479860Z    ‚îÅ‚îÅ‚îÅ‚îÅ‚îÅ‚îÅ‚îÅ‚îÅ‚îÅ‚îÅ‚îÅ‚îÅ‚îÅ‚îÅ‚îÅ‚îÅ‚îÅ‚îÅ‚îÅ‚îÅ‚îÅ‚îÅ‚îÅ‚îÅ‚îÅ‚îÅ‚îÅ‚îÅ‚îÅ‚îÅ‚îÅ‚îÅ‚îÅ‚îÅ‚îÅ‚îÅ‚îÅ‚îÅ‚îÅ‚îÅ 1.4/1.4 MB 159.2 MB/s  0:00:00
2025-12-25T12:20:58.7522417Z Downloading aiohappyeyeballs-2.6.1-py3-none-any.whl (15 kB)
2025-12-25T12:20:58.7576179Z Downloading aiosignal-1.4.0-py3-none-any.whl (7.5 kB)
2025-12-25T12:20:58.7625944Z Downloading attrs-25.4.0-py3-none-any.whl (67 kB)
2025-12-25T12:20:58.7681533Z Downloading certifi-2025.11.12-py3-none-any.whl (159 kB)
2025-12-25T12:20:58.7741758Z Downloading frozenlist-1.8.0-cp310-cp310-manylinux1_x86_64.manylinux_2_28_x86_64.manylinux_2_5_x86_64.whl (219 kB)
2025-12-25T12:20:58.7855972Z Downloading numpy-2.2.6-cp310-cp310-manylinux_2_17_x86_64.manylinux2014_x86_64.whl (16.8 MB)
2025-12-25T12:20:58.8721903Z    ‚îÅ‚îÅ‚îÅ‚îÅ‚îÅ‚îÅ‚îÅ‚îÅ‚îÅ‚îÅ‚îÅ‚îÅ‚îÅ‚îÅ‚îÅ‚îÅ‚îÅ‚îÅ‚îÅ‚îÅ‚îÅ‚îÅ‚îÅ‚îÅ‚îÅ‚îÅ‚îÅ‚îÅ‚îÅ‚îÅ‚îÅ‚îÅ‚îÅ‚îÅ‚îÅ‚îÅ‚îÅ‚îÅ‚îÅ‚îÅ 16.8/16.8 MB 202.0 MB/s  0:00:00
2025-12-25T12:20:58.8765672Z Downloading propcache-0.4.1-cp310-cp310-manylinux2014_x86_64.manylinux_2_17_x86_64.manylinux_2_28_x86_64.whl (196 kB)
2025-12-25T12:20:58.8841556Z Downloading python_dateutil-2.9.0.post0-py2.py3-none-any.whl (229 kB)
2025-12-25T12:20:58.8904465Z Downloading pytz-2025.2-py2.py3-none-any.whl (509 kB)
2025-12-25T12:20:58.8975874Z Downloading six-1.17.0-py2.py3-none-any.whl (11 kB)
2025-12-25T12:20:58.9034193Z Downloading soupsieve-2.8.1-py3-none-any.whl (36 kB)
2025-12-25T12:20:58.9088732Z Downloading typing_extensions-4.15.0-py3-none-any.whl (44 kB)
2025-12-25T12:20:58.9145195Z Downloading tzdata-2025.3-py2.py3-none-any.whl (348 kB)
2025-12-25T12:20:59.1117647Z Installing collected packages: pytz, brotli, urllib3, tzdata, typing-extensions, soupsieve, six, propcache, numpy, idna, frozenlist, charset_normalizer, certifi, attrs, async-timeout, aiohappyeyeballs, aiofiles, requests, python-dateutil, multidict, beautifulsoup4, aiosignal, yarl, pandas, aiohttp
2025-12-25T12:21:06.1535098Z 
2025-12-25T12:21:06.1583621Z Successfully installed aiofiles-25.1.0 aiohappyeyeballs-2.6.1 aiohttp-3.13.2 aiosignal-1.4.0 async-timeout-5.0.1 attrs-25.4.0 beautifulsoup4-4.14.3 brotli-1.2.0 certifi-2025.11.12 charset_normalizer-3.4.4 frozenlist-1.8.0 idna-3.11 multidict-6.7.0 numpy-2.2.6 pandas-2.3.3 propcache-0.4.1 python-dateutil-2.9.0.post0 pytz-2025.2 requests-2.32.5 six-1.17.0 soupsieve-2.8.1 typing-extensions-4.15.0 tzdata-2025.3 urllib3-2.6.2 yarl-1.22.0
2025-12-25T12:21:06.5366504Z ##[group]Run # This script handles fetching and syncing drugs/prices to D1
2025-12-25T12:21:06.5367008Z [36;1m# This script handles fetching and syncing drugs/prices to D1[0m
2025-12-25T12:21:06.5367397Z [36;1m# I've fixed the visits column issue in this script.[0m
2025-12-25T12:21:06.5368531Z [36;1mpython3 scripts/bridge_daily_update.py[0m
2025-12-25T12:21:06.5401418Z shell: /usr/bin/bash -e {0}
2025-12-25T12:21:06.5401640Z env:
2025-12-25T12:21:06.5401887Z   pythonLocation: /opt/hostedtoolcache/Python/3.10.19/x64
2025-12-25T12:21:06.5402296Z   PKG_CONFIG_PATH: /opt/hostedtoolcache/Python/3.10.19/x64/lib/pkgconfig
2025-12-25T12:21:06.5402696Z   Python_ROOT_DIR: /opt/hostedtoolcache/Python/3.10.19/x64
2025-12-25T12:21:06.5403055Z   Python2_ROOT_DIR: /opt/hostedtoolcache/Python/3.10.19/x64
2025-12-25T12:21:06.5403401Z   Python3_ROOT_DIR: /opt/hostedtoolcache/Python/3.10.19/x64
2025-12-25T12:21:06.5403742Z   LD_LIBRARY_PATH: /opt/hostedtoolcache/Python/3.10.19/x64/lib
2025-12-25T12:21:06.5404220Z   CF_API_TOKEN: ***
2025-12-25T12:21:06.5404406Z ##[endgroup]
2025-12-25T12:21:09.4098452Z [2025-12-25 12:21:06] üìÖ Finding latest local update date...
2025-12-25T12:21:09.4099170Z [2025-12-25 12:21:06] ‚úÖ Latest local date: 2025-12-24
2025-12-25T12:21:09.4099767Z [2025-12-25 12:21:07] ‚úÖ API Handshake successful.
2025-12-25T12:21:09.4100769Z [2025-12-25 12:21:07] üîç Fetching updates since 2025-12-24...
2025-12-25T12:21:09.4101471Z [2025-12-25 12:21:08] üìä Collected 4 rich updates directly from server list.
2025-12-25T12:21:09.4101890Z [2025-12-25 12:21:08] üíæ Updating local meds.csv...
2025-12-25T12:21:09.4102252Z [2025-12-25 12:21:08] ‚úÖ Local CSV updated successfully.
2025-12-25T12:21:09.4102668Z [2025-12-25 12:21:08] ‚òÅÔ∏è Syncing updates to Cloudflare D1 (Direct API)...
2025-12-25T12:21:09.4103066Z [2025-12-25 12:21:09]   ‚úÖ Batch 1 synced successfully.
2025-12-25T12:21:09.4103446Z [2025-12-25 12:21:09] üéâ Daily update finished. Applied 4 updates.
2025-12-25T12:21:09.4293494Z ##[group]Run LAST_DATE=$(python3 scripts/prepare_daily_sync.py)
2025-12-25T12:21:09.4293930Z [36;1mLAST_DATE=$(python3 scripts/prepare_daily_sync.py)[0m
2025-12-25T12:21:09.4294257Z [36;1mecho "last_date=$LAST_DATE" >> $GITHUB_OUTPUT[0m
2025-12-25T12:21:09.4294517Z [36;1m[0m
2025-12-25T12:21:09.4294741Z [36;1m# Calculate days since last date (simple bash math)[0m
2025-12-25T12:21:09.4295041Z [36;1mTODAY=$(date +%s)[0m
2025-12-25T12:21:09.4295264Z [36;1mPREV=$(date -d "$LAST_DATE" +%s)[0m
2025-12-25T12:21:09.4295517Z [36;1mDIFF=$(( (TODAY - PREV) / 86400 ))[0m
2025-12-25T12:21:09.4295821Z [36;1m# Always fetch at least 1 day, max 7 to avoid timeout[0m
2025-12-25T12:21:09.4296116Z [36;1mFETCH_DAYS=$(( DIFF + 1 ))[0m
2025-12-25T12:21:09.4296381Z [36;1mif [ $FETCH_DAYS -gt 7 ]; then FETCH_DAYS=7; fi[0m
2025-12-25T12:21:09.4296696Z [36;1mecho "fetch_days=$FETCH_DAYS" >> $GITHUB_OUTPUT[0m
2025-12-25T12:21:09.4297127Z [36;1mecho "üîÑ Syncing DailyMed data for last $FETCH_DAYS days (since $LAST_DATE)"[0m
2025-12-25T12:21:09.4329664Z shell: /usr/bin/bash -e {0}
2025-12-25T12:21:09.4329875Z env:
2025-12-25T12:21:09.4330110Z   pythonLocation: /opt/hostedtoolcache/Python/3.10.19/x64
2025-12-25T12:21:09.4330510Z   PKG_CONFIG_PATH: /opt/hostedtoolcache/Python/3.10.19/x64/lib/pkgconfig
2025-12-25T12:21:09.4330895Z   Python_ROOT_DIR: /opt/hostedtoolcache/Python/3.10.19/x64
2025-12-25T12:21:09.4331262Z   Python2_ROOT_DIR: /opt/hostedtoolcache/Python/3.10.19/x64
2025-12-25T12:21:09.4331599Z   Python3_ROOT_DIR: /opt/hostedtoolcache/Python/3.10.19/x64
2025-12-25T12:21:09.4331946Z   LD_LIBRARY_PATH: /opt/hostedtoolcache/Python/3.10.19/x64/lib
2025-12-25T12:21:09.4332235Z ##[endgroup]
2025-12-25T12:21:09.4622693Z üîÑ Syncing DailyMed data for last 6 days (since 2025-12-20)
2025-12-25T12:21:09.4679687Z ##[group]Run # Fetch recent updates from DailyMed API
2025-12-25T12:21:09.4680045Z [36;1m# Fetch recent updates from DailyMed API[0m
2025-12-25T12:21:09.4680378Z [36;1mpython3 scripts/fetch_daily_updates.py --days 6[0m
2025-12-25T12:21:09.4709321Z shell: /usr/bin/bash -e {0}
2025-12-25T12:21:09.4709532Z env:
2025-12-25T12:21:09.4709773Z   pythonLocation: /opt/hostedtoolcache/Python/3.10.19/x64
2025-12-25T12:21:09.4710186Z   PKG_CONFIG_PATH: /opt/hostedtoolcache/Python/3.10.19/x64/lib/pkgconfig
2025-12-25T12:21:09.4710585Z   Python_ROOT_DIR: /opt/hostedtoolcache/Python/3.10.19/x64
2025-12-25T12:21:09.4710945Z   Python2_ROOT_DIR: /opt/hostedtoolcache/Python/3.10.19/x64
2025-12-25T12:21:09.4711284Z   Python3_ROOT_DIR: /opt/hostedtoolcache/Python/3.10.19/x64
2025-12-25T12:21:09.4711619Z   LD_LIBRARY_PATH: /opt/hostedtoolcache/Python/3.10.19/x64/lib
2025-12-25T12:21:09.4711907Z ##[endgroup]
2025-12-25T12:21:38.7755021Z üìÇ Loading App Data for Linkage...
2025-12-25T12:21:38.7755671Z ‚úÖ Loaded 25496 records.
2025-12-25T12:21:38.7756037Z   - Trade Name Keys: 19718
2025-12-25T12:21:38.7756429Z   - Exact Active Keys: 3308
2025-12-25T12:21:38.7756800Z   - Stripped Active Keys: 3206
2025-12-25T12:21:38.7757287Z üîç Checking for updates on 2025-12-25...
2025-12-25T12:21:38.7757991Z ‚úÖ Found 0 updates.
2025-12-25T12:21:38.7758389Z üîç Checking for updates on 2025-12-24...
2025-12-25T12:21:38.7758849Z ‚úÖ Found 109 updates.
2025-12-25T12:21:38.7759278Z   Processing 1/109: 00025ea5-d15f-49d2-a52a-6c1bd8c6a033...
2025-12-25T12:21:38.7760150Z   ‚ùå Error processing 00025ea5-d15f-49d2-a52a-6c1bd8c6a033: File is not a zip file
2025-12-25T12:21:38.7761222Z   Processing 2/109: 0291f14c-4365-415f-a7ca-4ce71538d2b8...
2025-12-25T12:21:38.7762123Z   ‚ùå Error processing 0291f14c-4365-415f-a7ca-4ce71538d2b8: File is not a zip file
2025-12-25T12:21:38.7762894Z   Processing 3/109: 0346155f-a455-4044-8d5f-eacb97a8c8f0...
2025-12-25T12:21:38.7763826Z   ‚ùå Error processing 0346155f-a455-4044-8d5f-eacb97a8c8f0: File is not a zip file
2025-12-25T12:21:38.7764574Z   Processing 4/109: 0543b2b5-b1c7-4ad6-b38c-3be0086f0e06...
2025-12-25T12:21:38.7765447Z   ‚ùå Error processing 0543b2b5-b1c7-4ad6-b38c-3be0086f0e06: File is not a zip file
2025-12-25T12:21:38.7766217Z   Processing 5/109: 05abb2db-d22e-90b5-e063-6294a90ace3f...
2025-12-25T12:21:38.7767129Z   ‚ùå Error processing 05abb2db-d22e-90b5-e063-6294a90ace3f: File is not a zip file
2025-12-25T12:21:38.7768188Z   Processing 6/109: 05cc932d-b412-0710-e063-6394a90a87f6...
2025-12-25T12:21:38.7769129Z   ‚ùå Error processing 05cc932d-b412-0710-e063-6394a90a87f6: File is not a zip file
2025-12-25T12:21:38.7769898Z   Processing 7/109: 07afdf7e-c480-4806-b469-a6a460522bc0...
2025-12-25T12:21:38.7770813Z   ‚ùå Error processing 07afdf7e-c480-4806-b469-a6a460522bc0: File is not a zip file
2025-12-25T12:21:38.7771584Z   Processing 8/109: 07b8db58-d037-477e-a62f-025e8a5afcb4...
2025-12-25T12:21:38.7772490Z   ‚ùå Error processing 07b8db58-d037-477e-a62f-025e8a5afcb4: File is not a zip file
2025-12-25T12:21:38.7773279Z   Processing 9/109: 09ae2a6d-673a-423a-ba45-3c543061b103...
2025-12-25T12:21:38.7774113Z   ‚ùå Error processing 09ae2a6d-673a-423a-ba45-3c543061b103: File is not a zip file
2025-12-25T12:21:38.7774535Z   Processing 10/109: 103d109d-f520-409c-8da2-eb6b0fbec891...
2025-12-25T12:21:38.7775024Z   ‚ùå Error processing 103d109d-f520-409c-8da2-eb6b0fbec891: File is not a zip file
2025-12-25T12:21:38.7775440Z   Processing 11/109: 109648d0-d30a-42fc-8273-39cb1540a751...
2025-12-25T12:21:38.7775912Z   ‚ùå Error processing 109648d0-d30a-42fc-8273-39cb1540a751: File is not a zip file
2025-12-25T12:21:38.7776495Z   Processing 12/109: 113afb0e-7773-6077-e063-6294a90a926a...
2025-12-25T12:21:38.7776970Z   ‚ùå Error processing 113afb0e-7773-6077-e063-6294a90a926a: File is not a zip file
2025-12-25T12:21:38.7777552Z   Processing 13/109: 201f836c-b38b-409c-abbb-c032e114f5e0...
2025-12-25T12:21:38.7778527Z   ‚ùå Error processing 201f836c-b38b-409c-abbb-c032e114f5e0: File is not a zip file
2025-12-25T12:21:38.7779564Z   Processing 14/109: 2220c753-e0e8-4797-bce2-34b3c63bd631...
2025-12-25T12:21:38.7780097Z   ‚ùå Error processing 2220c753-e0e8-4797-bce2-34b3c63bd631: File is not a zip file
2025-12-25T12:21:38.7780510Z   Processing 15/109: 266ba6e3-5450-e9a9-e063-6394a90ab8f4...
2025-12-25T12:21:38.7780965Z   ‚ùå Error processing 266ba6e3-5450-e9a9-e063-6394a90ab8f4: File is not a zip file
2025-12-25T12:21:38.7781367Z   Processing 16/109: 29190ebf-bb9c-4406-be7b-4427741aeb74...
2025-12-25T12:21:38.7781833Z   ‚ùå Error processing 29190ebf-bb9c-4406-be7b-4427741aeb74: File is not a zip file
2025-12-25T12:21:38.7782246Z   Processing 17/109: 2ef0cf38-101c-4681-98fe-c05dc9ead443...
2025-12-25T12:21:38.7782716Z   ‚ùå Error processing 2ef0cf38-101c-4681-98fe-c05dc9ead443: File is not a zip file
2025-12-25T12:21:38.7783111Z   Processing 18/109: 2f715e4e-b269-b935-d2c9-003cb29770be...
2025-12-25T12:21:38.7783575Z   ‚ùå Error processing 2f715e4e-b269-b935-d2c9-003cb29770be: File is not a zip file
2025-12-25T12:21:38.7783993Z   Processing 19/109: 300b1916-a3d8-0220-e063-6394a90a6f55...
2025-12-25T12:21:38.7784444Z   ‚ùå Error processing 300b1916-a3d8-0220-e063-6394a90a6f55: File is not a zip file
2025-12-25T12:21:38.7784837Z   Processing 20/109: 300b51d0-8fca-24ef-e063-6294a90ad2b9...
2025-12-25T12:21:38.7785296Z   ‚ùå Error processing 300b51d0-8fca-24ef-e063-6294a90ad2b9: File is not a zip file
2025-12-25T12:21:38.7785689Z   Processing 21/109: 300b6afd-bac8-32ca-e063-6294a90a12a7...
2025-12-25T12:21:38.7786147Z   ‚ùå Error processing 300b6afd-bac8-32ca-e063-6294a90a12a7: File is not a zip file
2025-12-25T12:21:38.7786684Z   Processing 22/109: 301ea0f4-a1dc-ad4f-e063-6294a90acc1c...
2025-12-25T12:21:38.7787143Z   ‚ùå Error processing 301ea0f4-a1dc-ad4f-e063-6294a90acc1c: File is not a zip file
2025-12-25T12:21:38.7787785Z   Processing 23/109: 301eaed5-8499-ad95-e063-6294a90a58f5...
2025-12-25T12:21:38.7788249Z   ‚ùå Error processing 301eaed5-8499-ad95-e063-6294a90a58f5: File is not a zip file
2025-12-25T12:21:38.7788650Z   Processing 24/109: 301ec2ea-84cb-ad89-e063-6294a90af49d...
2025-12-25T12:21:38.7789108Z   ‚ùå Error processing 301ec2ea-84cb-ad89-e063-6294a90af49d: File is not a zip file
2025-12-25T12:21:38.7789524Z   Processing 25/109: 301ecffc-ecaf-01de-e063-6294a90a61b3...
2025-12-25T12:21:38.7789977Z   ‚ùå Error processing 301ecffc-ecaf-01de-e063-6294a90a61b3: File is not a zip file
2025-12-25T12:21:38.7790377Z   Processing 26/109: 301edb6c-9ce0-f9fa-e063-6294a90a2909...
2025-12-25T12:21:38.7790826Z   ‚ùå Error processing 301edb6c-9ce0-f9fa-e063-6294a90a2909: File is not a zip file
2025-12-25T12:21:38.7791219Z   Processing 27/109: 301ee5ad-3b6c-1152-e063-6294a90a54e7...
2025-12-25T12:21:38.7791678Z   ‚ùå Error processing 301ee5ad-3b6c-1152-e063-6294a90a54e7: File is not a zip file
2025-12-25T12:21:38.7792064Z   Processing 28/109: 301eef74-16db-14aa-e063-6294a90ac8ff...
2025-12-25T12:21:38.7792518Z   ‚ùå Error processing 301eef74-16db-14aa-e063-6294a90ac8ff: File is not a zip file
2025-12-25T12:21:38.7792999Z   Processing 29/109: 31bfcbb4-c58c-4edc-ac68-356a448b7507...
2025-12-25T12:21:38.7793507Z   ‚ùå Error processing 31bfcbb4-c58c-4edc-ac68-356a448b7507: File is not a zip file
2025-12-25T12:21:38.7793901Z   Processing 30/109: 34818110-5291-4bda-9571-bd77d90bba7c...
2025-12-25T12:21:38.7794356Z   ‚ùå Error processing 34818110-5291-4bda-9571-bd77d90bba7c: File is not a zip file
2025-12-25T12:21:38.7794741Z   Processing 31/109: 45584fba-8081-4cd1-a21e-3ea8237f62ff...
2025-12-25T12:21:38.7795195Z   ‚ùå Error processing 45584fba-8081-4cd1-a21e-3ea8237f62ff: File is not a zip file
2025-12-25T12:21:38.7795593Z   Processing 32/109: 466dd0d2-9815-4c3e-b66b-d0732b3ba8e9...
2025-12-25T12:21:38.7796050Z   ‚ùå Error processing 466dd0d2-9815-4c3e-b66b-d0732b3ba8e9: File is not a zip file
2025-12-25T12:21:38.7796442Z   Processing 33/109: 46895ddb-0b9f-675e-e063-6394a90adf23...
2025-12-25T12:21:38.7796899Z   ‚ùå Error processing 46895ddb-0b9f-675e-e063-6394a90adf23: File is not a zip file
2025-12-25T12:21:38.7797281Z   Processing 34/109: 468dd98e-9578-955b-e063-6294a90ada53...
2025-12-25T12:21:38.7798115Z   ‚ùå Error processing 468dd98e-9578-955b-e063-6294a90ada53: File is not a zip file
2025-12-25T12:21:38.7798516Z   Processing 35/109: 469440e9-bf47-bebd-e063-6294a90acca2...
2025-12-25T12:21:38.7798971Z   ‚ùå Error processing 469440e9-bf47-bebd-e063-6294a90acca2: File is not a zip file
2025-12-25T12:21:38.7799360Z   Processing 36/109: 4694616b-4ef4-28a4-e063-6394a90ac5f6...
2025-12-25T12:21:38.7799893Z   ‚ùå Error processing 4694616b-4ef4-28a4-e063-6394a90ac5f6: File is not a zip file
2025-12-25T12:21:38.7800273Z   Processing 37/109: 4695572e-2c8c-34cf-e063-6294a90a4c95...
2025-12-25T12:21:38.7800734Z   ‚ùå Error processing 4695572e-2c8c-34cf-e063-6294a90a4c95: File is not a zip file
2025-12-25T12:21:38.7801118Z   Processing 38/109: 469677ae-65bb-9928-e063-6294a90a592d...
2025-12-25T12:21:38.7801566Z   ‚ùå Error processing 469677ae-65bb-9928-e063-6294a90a592d: File is not a zip file
2025-12-25T12:21:38.7801952Z   Processing 39/109: 46968f5a-d214-9871-e063-6394a90ab45d...
2025-12-25T12:21:38.7802401Z   ‚ùå Error processing 46968f5a-d214-9871-e063-6394a90ab45d: File is not a zip file
2025-12-25T12:21:38.7802793Z   Processing 40/109: 4696d365-7667-c25e-e063-6294a90a8dea...
2025-12-25T12:21:38.7803236Z   ‚ùå Error processing 4696d365-7667-c25e-e063-6294a90a8dea: File is not a zip file
2025-12-25T12:21:38.7803615Z   Processing 41/109: 46971061-fe89-62e0-e063-6394a90ab892...
2025-12-25T12:21:38.7804056Z   ‚ùå Error processing 46971061-fe89-62e0-e063-6394a90ab892: File is not a zip file
2025-12-25T12:21:38.7804439Z   Processing 42/109: 46976f4d-fde1-8546-e063-6394a90ad091...
2025-12-25T12:21:38.7805016Z   ‚ùå Error processing 46976f4d-fde1-8546-e063-6394a90ad091: File is not a zip file
2025-12-25T12:21:38.7805405Z   Processing 43/109: 4697878e-a9d2-a2b4-e063-6394a90af89d...
2025-12-25T12:21:38.7805847Z   ‚ùå Error processing 4697878e-a9d2-a2b4-e063-6394a90af89d: File is not a zip file
2025-12-25T12:21:38.7806234Z   Processing 44/109: 469788c8-f679-32fd-e063-6294a90a2a83...
2025-12-25T12:21:38.7806687Z   ‚ùå Error processing 469788c8-f679-32fd-e063-6294a90a2a83: File is not a zip file
2025-12-25T12:21:38.7807069Z   Processing 45/109: 4697a959-d535-7f33-e063-6294a90af35d...
2025-12-25T12:21:38.7807722Z   ‚ùå Error processing 4697a959-d535-7f33-e063-6294a90af35d: File is not a zip file
2025-12-25T12:21:38.7808115Z   Processing 46/109: 4697b46c-f8ed-812d-e063-6294a90a0b3f...
2025-12-25T12:21:38.7808567Z   ‚ùå Error processing 4697b46c-f8ed-812d-e063-6294a90a0b3f: File is not a zip file
2025-12-25T12:21:38.7808955Z   Processing 47/109: 4697ec4a-74ad-e36a-e063-6294a90a6494...
2025-12-25T12:21:38.7809420Z   ‚ùå Error processing 4697ec4a-74ad-e36a-e063-6294a90a6494: File is not a zip file
2025-12-25T12:21:38.7809801Z   Processing 48/109: 4698084f-51b3-8a66-e063-6394a90a4ad1...
2025-12-25T12:21:38.7810246Z   ‚ùå Error processing 4698084f-51b3-8a66-e063-6394a90a4ad1: File is not a zip file
2025-12-25T12:21:38.7810629Z   Processing 49/109: 469812dd-5260-4d47-e063-6394a90a58d6...
2025-12-25T12:21:38.7811077Z   ‚ùå Error processing 469812dd-5260-4d47-e063-6394a90a58d6: File is not a zip file
2025-12-25T12:21:38.7811462Z   Processing 50/109: 46984b78-78d8-7712-e063-6294a90a3d44...
2025-12-25T12:21:38.7811898Z   ‚ùå Error processing 46984b78-78d8-7712-e063-6294a90a3d44: File is not a zip file
2025-12-25T12:21:38.7812280Z   Processing 51/109: 469857b2-7f02-972c-e063-6294a90a0ef7...
2025-12-25T12:21:38.7812721Z   ‚ùå Error processing 469857b2-7f02-972c-e063-6294a90a0ef7: File is not a zip file
2025-12-25T12:21:38.7813104Z   Processing 52/109: 46986cce-f69f-0a24-e063-6394a90a434f...
2025-12-25T12:21:38.7813558Z   ‚ùå Error processing 46986cce-f69f-0a24-e063-6394a90a434f: File is not a zip file
2025-12-25T12:21:38.7813958Z   Processing 53/109: 469dffac-773e-8e91-e063-6394a90a7775...
2025-12-25T12:21:38.7814407Z   ‚ùå Error processing 469dffac-773e-8e91-e063-6394a90a7775: File is not a zip file
2025-12-25T12:21:38.7814800Z   Processing 54/109: 469fd09c-9186-a1c2-e063-6394a90afdbf...
2025-12-25T12:21:38.7815384Z   ‚ùå Error processing 469fd09c-9186-a1c2-e063-6394a90afdbf: File is not a zip file
2025-12-25T12:21:38.7815777Z   Processing 55/109: 469fdea2-4f29-a08c-e063-6394a90ac1be...
2025-12-25T12:22:05.0782112Z   ‚ùå Error processing 469fdea2-4f29-a08c-e063-6394a90ac1be: File is not a zip file
2025-12-25T12:22:05.0782984Z   Processing 56/109: 469ffccf-f5d7-a6e0-e063-6294a90ab453...
2025-12-25T12:22:05.0783950Z   ‚ùå Error processing 469ffccf-f5d7-a6e0-e063-6294a90ab453: File is not a zip file
2025-12-25T12:22:05.0784743Z   Processing 57/109: 46a009be-936d-ceb0-e063-6294a90a4851...
2025-12-25T12:22:05.0785662Z   ‚ùå Error processing 46a009be-936d-ceb0-e063-6294a90a4851: File is not a zip file
2025-12-25T12:22:05.0786493Z   Processing 58/109: 4dc08832-e610-4e62-a6af-cadaa339e39e...
2025-12-25T12:22:05.0787709Z   ‚ùå Error processing 4dc08832-e610-4e62-a6af-cadaa339e39e: File is not a zip file
2025-12-25T12:22:05.0788509Z   Processing 59/109: 4fb4e630-875f-4c82-86d9-7696857e3c42...
2025-12-25T12:22:05.0789425Z   ‚ùå Error processing 4fb4e630-875f-4c82-86d9-7696857e3c42: File is not a zip file
2025-12-25T12:22:05.0790224Z   Processing 60/109: 5361bb71-cc84-4a76-a0cf-2259a615baa4...
2025-12-25T12:22:05.0790789Z   ‚ùå Error processing 5361bb71-cc84-4a76-a0cf-2259a615baa4: File is not a zip file
2025-12-25T12:22:05.0791217Z   Processing 61/109: 56af4da6-217e-4edc-8c68-60ccbbaf8221...
2025-12-25T12:22:05.0791700Z   ‚ùå Error processing 56af4da6-217e-4edc-8c68-60ccbbaf8221: File is not a zip file
2025-12-25T12:22:05.0792106Z   Processing 62/109: 5a76498e-a6f6-4e04-a2c7-245be947b006...
2025-12-25T12:22:05.0792707Z   ‚ùå Error processing 5a76498e-a6f6-4e04-a2c7-245be947b006: File is not a zip file
2025-12-25T12:22:05.0793382Z   Processing 63/109: 5c394758-1179-455a-a562-c8e954fb2258...
2025-12-25T12:22:05.0793968Z   ‚ùå Error processing 5c394758-1179-455a-a562-c8e954fb2258: File is not a zip file
2025-12-25T12:22:05.0794716Z   Processing 64/109: 5d3b45d6-97c2-4400-ad09-95a4b21f5324...
2025-12-25T12:22:05.0795610Z   ‚ùå Error processing 5d3b45d6-97c2-4400-ad09-95a4b21f5324: File is not a zip file
2025-12-25T12:22:05.0796067Z   Processing 65/109: 5ef1c7cf-466f-495e-8d13-82e2ddfa7a4f...
2025-12-25T12:22:05.0796559Z   ‚ùå Error processing 5ef1c7cf-466f-495e-8d13-82e2ddfa7a4f: File is not a zip file
2025-12-25T12:22:05.0796972Z   Processing 66/109: 5fb23b7d-ed2b-4984-89c8-d0a509b917e1...
2025-12-25T12:22:05.0797639Z   ‚ùå Error processing 5fb23b7d-ed2b-4984-89c8-d0a509b917e1: File is not a zip file
2025-12-25T12:22:05.0798063Z   Processing 67/109: 5fb5e5ce-b268-4444-8b63-ea7ea6abf269...
2025-12-25T12:22:05.0798531Z   ‚ùå Error processing 5fb5e5ce-b268-4444-8b63-ea7ea6abf269: File is not a zip file
2025-12-25T12:22:05.0798941Z   Processing 68/109: 63b3790f-a9b5-47f4-bae1-ddf8b43c13c1...
2025-12-25T12:22:05.0799402Z   ‚ùå Error processing 63b3790f-a9b5-47f4-bae1-ddf8b43c13c1: File is not a zip file
2025-12-25T12:22:05.0799799Z   Processing 69/109: 67e6f2d9-21f6-466f-9def-826c6a4b8257...
2025-12-25T12:22:05.0800248Z   ‚ùå Error processing 67e6f2d9-21f6-466f-9def-826c6a4b8257: File is not a zip file
2025-12-25T12:22:05.0800648Z   Processing 70/109: 6874a9f1-d180-4073-8226-df6e21bcf0b7...
2025-12-25T12:22:05.0801098Z   ‚ùå Error processing 6874a9f1-d180-4073-8226-df6e21bcf0b7: File is not a zip file
2025-12-25T12:22:05.0801499Z   Processing 71/109: 6989591a-a78b-4971-baf2-51ebfaf9c7e7...
2025-12-25T12:22:05.0801964Z   ‚ùå Error processing 6989591a-a78b-4971-baf2-51ebfaf9c7e7: File is not a zip file
2025-12-25T12:22:05.0802369Z   Processing 72/109: 6a2b6dc2-48bd-4da7-a611-bc6bae2893c8...
2025-12-25T12:22:05.0802832Z   ‚ùå Error processing 6a2b6dc2-48bd-4da7-a611-bc6bae2893c8: File is not a zip file
2025-12-25T12:22:05.0803237Z   Processing 73/109: 71c39b37-33b5-42e1-bf4f-93ff751cc7fe...
2025-12-25T12:22:05.0803688Z   ‚ùå Error processing 71c39b37-33b5-42e1-bf4f-93ff751cc7fe: File is not a zip file
2025-12-25T12:22:05.0804088Z   Processing 74/109: 7a909b25-3772-403e-a5fe-e4a040293fb7...
2025-12-25T12:22:05.0804545Z   ‚ùå Error processing 7a909b25-3772-403e-a5fe-e4a040293fb7: File is not a zip file
2025-12-25T12:22:05.0805129Z   Processing 75/109: 7ac04ab7-7f8c-46ce-ab56-a7a08cd02ab3...
2025-12-25T12:22:05.0805607Z   ‚ùå Error processing 7ac04ab7-7f8c-46ce-ab56-a7a08cd02ab3: File is not a zip file
2025-12-25T12:22:05.0806005Z   Processing 76/109: 81a33cfa-262f-4432-a05d-7dd260928437...
2025-12-25T12:22:05.0806453Z   ‚ùå Error processing 81a33cfa-262f-4432-a05d-7dd260928437: File is not a zip file
2025-12-25T12:22:05.0806846Z   Processing 77/109: 834db232-afb0-4dcf-93e0-009ce8245c20...
2025-12-25T12:22:05.0807322Z   ‚ùå Error processing 834db232-afb0-4dcf-93e0-009ce8245c20: File is not a zip file
2025-12-25T12:22:05.0807943Z   Processing 78/109: 8793e3be-7409-4f71-9397-abbeacd27cf8...
2025-12-25T12:22:05.0808423Z   ‚ùå Error processing 8793e3be-7409-4f71-9397-abbeacd27cf8: File is not a zip file
2025-12-25T12:22:05.0808822Z   Processing 79/109: 8ff46193-2a3b-4de0-9572-775dda8cd8b2...
2025-12-25T12:22:05.0809282Z   ‚ùå Error processing 8ff46193-2a3b-4de0-9572-775dda8cd8b2: File is not a zip file
2025-12-25T12:22:05.0809693Z   Processing 80/109: 90073508-6dca-4d27-aa5a-ed837737c35b...
2025-12-25T12:22:05.0810142Z   ‚ùå Error processing 90073508-6dca-4d27-aa5a-ed837737c35b: File is not a zip file
2025-12-25T12:22:05.0810529Z   Processing 81/109: 92385737-dbad-98c5-e053-2995a90a2805...
2025-12-25T12:22:05.0810977Z   ‚ùå Error processing 92385737-dbad-98c5-e053-2995a90a2805: File is not a zip file
2025-12-25T12:22:05.0811355Z   Processing 82/109: 9383a404-63d0-459c-be30-6dc842e3ff55...
2025-12-25T12:22:05.0811805Z   ‚ùå Error processing 9383a404-63d0-459c-be30-6dc842e3ff55: File is not a zip file
2025-12-25T12:22:05.0812192Z   Processing 83/109: 94039190-dde3-4d8e-873a-79abd3f6208b...
2025-12-25T12:22:05.0812779Z   ‚ùå Error processing 94039190-dde3-4d8e-873a-79abd3f6208b: File is not a zip file
2025-12-25T12:22:05.0813167Z   Processing 84/109: 951b8948-dc0f-4aef-9910-82c252de936d...
2025-12-25T12:22:05.0813618Z   ‚ùå Error processing 951b8948-dc0f-4aef-9910-82c252de936d: File is not a zip file
2025-12-25T12:22:05.0814004Z   Processing 85/109: 99f6eee7-7e52-6999-7eb8-488d06dd1710...
2025-12-25T12:22:05.0814470Z   ‚ùå Error processing 99f6eee7-7e52-6999-7eb8-488d06dd1710: File is not a zip file
2025-12-25T12:22:05.0814853Z   Processing 86/109: 9c1a2828-1583-4414-ab22-a60480e8e508...
2025-12-25T12:22:05.0815301Z   ‚ùå Error processing 9c1a2828-1583-4414-ab22-a60480e8e508: File is not a zip file
2025-12-25T12:22:05.0815694Z   Processing 87/109: 9c278add-baaa-49bf-8bce-4bc9e663067d...
2025-12-25T12:22:05.0816152Z   ‚ùå Error processing 9c278add-baaa-49bf-8bce-4bc9e663067d: File is not a zip file
2025-12-25T12:22:05.0816558Z   Processing 88/109: a408084e-13e2-4919-a211-baacda95baf1...
2025-12-25T12:22:05.0817035Z   ‚ùå Error processing a408084e-13e2-4919-a211-baacda95baf1: File is not a zip file
2025-12-25T12:22:05.0817604Z   Processing 89/109: a7d5f89b-59b9-4603-99aa-273b85be813e...
2025-12-25T12:22:05.0818080Z   ‚ùå Error processing a7d5f89b-59b9-4603-99aa-273b85be813e: File is not a zip file
2025-12-25T12:22:05.0818485Z   Processing 90/109: ab84058e-e52c-4b81-badc-4b0c26aab259...
2025-12-25T12:22:05.0818948Z   ‚ùå Error processing ab84058e-e52c-4b81-badc-4b0c26aab259: File is not a zip file
2025-12-25T12:22:05.0819349Z   Processing 91/109: ace7eba4-e033-48f5-8533-c3ea9dfc32b0...
2025-12-25T12:22:05.0819808Z   ‚ùå Error processing ace7eba4-e033-48f5-8533-c3ea9dfc32b0: File is not a zip file
2025-12-25T12:22:05.0820203Z   Processing 92/109: b55238e0-840a-449b-95be-4b372034c1e3...
2025-12-25T12:22:05.0820650Z   ‚ùå Error processing b55238e0-840a-449b-95be-4b372034c1e3: File is not a zip file
2025-12-25T12:22:05.0821043Z   Processing 93/109: c006d8ef-8cb7-4fb3-88eb-b2debc302a20...
2025-12-25T12:22:05.0821515Z   ‚ùå Error processing c006d8ef-8cb7-4fb3-88eb-b2debc302a20: File is not a zip file
2025-12-25T12:22:05.0821910Z   Processing 94/109: c4f70a04-7d89-4b73-8b02-17d43471bf08...
2025-12-25T12:22:05.0822355Z   ‚ùå Error processing c4f70a04-7d89-4b73-8b02-17d43471bf08: File is not a zip file
2025-12-25T12:22:05.0822747Z   Processing 95/109: c94fc2c5-e840-4f18-b7d8-d5eacb26d3a0...
2025-12-25T12:22:05.0823440Z   ‚ùå Error processing c94fc2c5-e840-4f18-b7d8-d5eacb26d3a0: File is not a zip file
2025-12-25T12:22:05.0823863Z   Processing 96/109: c9bf8425-afa5-4171-b114-d83acb6d526d...
2025-12-25T12:22:05.0824330Z   ‚ùå Error processing c9bf8425-afa5-4171-b114-d83acb6d526d: File is not a zip file
2025-12-25T12:22:05.0824728Z   Processing 97/109: d30a87b9-90fb-35b2-e053-2995a90aea2c...
2025-12-25T12:22:05.0825180Z   ‚ùå Error processing d30a87b9-90fb-35b2-e053-2995a90aea2c: File is not a zip file
2025-12-25T12:22:05.0825573Z   Processing 98/109: d38b470a-2e62-487b-b3e7-134d3d1958b5...
2025-12-25T12:22:05.0826027Z   ‚ùå Error processing d38b470a-2e62-487b-b3e7-134d3d1958b5: File is not a zip file
2025-12-25T12:22:05.0826424Z   Processing 99/109: d4c5fead-bc4a-fb02-e053-2a95a90ae4fc...
2025-12-25T12:22:05.0826885Z   ‚ùå Error processing d4c5fead-bc4a-fb02-e053-2a95a90ae4fc: File is not a zip file
2025-12-25T12:22:05.0827284Z   Processing 100/109: d834721b-b624-4b27-9009-95e09827122e...
2025-12-25T12:22:05.0827966Z   ‚ùå Error processing d834721b-b624-4b27-9009-95e09827122e: File is not a zip file
2025-12-25T12:22:05.0828366Z   Processing 101/109: e28359cf-0c21-487a-a1a3-d1c62cef88f9...
2025-12-25T12:22:05.0828824Z   ‚ùå Error processing e28359cf-0c21-487a-a1a3-d1c62cef88f9: File is not a zip file
2025-12-25T12:22:05.0829217Z   Processing 102/109: e428429e-e1ea-40e1-870f-134533dc3aa1...
2025-12-25T12:22:05.0829673Z   ‚ùå Error processing e428429e-e1ea-40e1-870f-134533dc3aa1: File is not a zip file
2025-12-25T12:22:05.0830066Z   Processing 103/109: e5fb80a0-cc8c-e9e7-e053-2a95a90a455d...
2025-12-25T12:22:05.0830813Z   ‚ùå Error processing e5fb80a0-cc8c-e9e7-e053-2a95a90a455d: File is not a zip file
2025-12-25T12:22:05.0831211Z   Processing 104/109: e94854c5-6bb8-43db-b898-4d47a419d075...
2025-12-25T12:22:05.0831660Z   ‚ùå Error processing e94854c5-6bb8-43db-b898-4d47a419d075: File is not a zip file
2025-12-25T12:22:05.0832056Z   Processing 105/109: eb52a015-23cd-40f6-bf83-6749fc34947c...
2025-12-25T12:22:05.0832512Z   ‚ùå Error processing eb52a015-23cd-40f6-bf83-6749fc34947c: File is not a zip file
2025-12-25T12:22:05.0832907Z   Processing 106/109: ed5722d7-746b-468e-89b5-506055d12bbd...
2025-12-25T12:22:05.0833362Z   ‚ùå Error processing ed5722d7-746b-468e-89b5-506055d12bbd: File is not a zip file
2025-12-25T12:22:05.0833752Z   Processing 107/109: f2feda53-54b9-4e40-8a01-9e7b45cb3d8c...
2025-12-25T12:22:05.0834212Z   ‚ùå Error processing f2feda53-54b9-4e40-8a01-9e7b45cb3d8c: File is not a zip file
2025-12-25T12:22:05.0834610Z   Processing 108/109: f872f371-b92c-f5d5-e053-6294a90a7dcd...
2025-12-25T12:22:05.0835060Z   ‚ùå Error processing f872f371-b92c-f5d5-e053-6294a90a7dcd: File is not a zip file
2025-12-25T12:22:05.0835463Z   Processing 109/109: f873a0b8-8123-1600-e053-6394a90a043e...
2025-12-25T12:22:05.0835912Z   ‚ùå Error processing f873a0b8-8123-1600-e053-6394a90a043e: File is not a zip file
2025-12-25T12:22:05.0836317Z üîç Checking for updates on 2025-12-23...
2025-12-25T12:22:05.0836586Z ‚úÖ Found 387 updates.
2025-12-25T12:22:05.0836842Z   Processing 1/387: 00fd1905-27e4-420e-8dc5-a69e4ddc1526...
2025-12-25T12:22:05.0837328Z   ‚ùå Error processing 00fd1905-27e4-420e-8dc5-a69e4ddc1526: File is not a zip file
2025-12-25T12:22:30.8996446Z   Processing 2/387: 01411972-df40-4ccf-88f0-d3220e5abda9...
2025-12-25T12:22:30.8997839Z   ‚ùå Error processing 01411972-df40-4ccf-88f0-d3220e5abda9: File is not a zip file
2025-12-25T12:22:30.8998408Z   Processing 3/387: 018f20b1-06e0-eb13-e063-6394a90a5ec5...
2025-12-25T12:22:30.8999025Z   ‚ùå Error processing 018f20b1-06e0-eb13-e063-6394a90a5ec5: File is not a zip file
2025-12-25T12:22:30.8999557Z   Processing 4/387: 018f4790-8785-94f4-e063-6394a90a1916...
2025-12-25T12:22:30.9000126Z   ‚ùå Error processing 018f4790-8785-94f4-e063-6394a90a1916: File is not a zip file
2025-12-25T12:22:30.9000610Z   Processing 5/387: 0191fcf7-abc1-e583-e063-6294a90a7854...
2025-12-25T12:22:30.9001175Z   ‚ùå Error processing 0191fcf7-abc1-e583-e063-6294a90a7854: File is not a zip file
2025-12-25T12:22:30.9001964Z   Processing 6/387: 019211bf-dd4b-5f4c-e063-6294a90aacfb...
2025-12-25T12:22:30.9002539Z   ‚ùå Error processing 019211bf-dd4b-5f4c-e063-6294a90aacfb: File is not a zip file
2025-12-25T12:22:30.9003051Z   Processing 7/387: 025b278a-2263-41ca-8383-f5463516466f...
2025-12-25T12:22:30.9003640Z   ‚ùå Error processing 025b278a-2263-41ca-8383-f5463516466f: File is not a zip file
2025-12-25T12:22:30.9004125Z   Processing 8/387: 02e24443-04c6-4b98-a395-49aec4a468de...
2025-12-25T12:22:30.9004695Z   ‚ùå Error processing 02e24443-04c6-4b98-a395-49aec4a468de: File is not a zip file
2025-12-25T12:22:30.9005096Z   Processing 9/387: 043999bc-3efe-5d29-e063-6294a90a95f4...
2025-12-25T12:22:30.9005583Z   ‚ùå Error processing 043999bc-3efe-5d29-e063-6294a90a95f4: File is not a zip file
2025-12-25T12:22:30.9006010Z   Processing 10/387: 043a5e11-30c3-44cd-e063-6394a90a318b...
2025-12-25T12:22:30.9006498Z   ‚ùå Error processing 043a5e11-30c3-44cd-e063-6394a90a318b: File is not a zip file
2025-12-25T12:22:30.9006910Z   Processing 11/387: 043b3639-ab38-adff-e063-6394a90a2ade...
2025-12-25T12:22:30.9007387Z   ‚ùå Error processing 043b3639-ab38-adff-e063-6394a90a2ade: File is not a zip file
2025-12-25T12:22:30.9008045Z   Processing 12/387: 04d5114e-332b-4ed0-85df-b276c1dc296c...
2025-12-25T12:22:30.9008529Z   ‚ùå Error processing 04d5114e-332b-4ed0-85df-b276c1dc296c: File is not a zip file
2025-12-25T12:22:30.9008942Z   Processing 13/387: 06574e56-13b8-a3af-e063-6394a90a4867...
2025-12-25T12:22:30.9009410Z   ‚ùå Error processing 06574e56-13b8-a3af-e063-6394a90a4867: File is not a zip file
2025-12-25T12:22:30.9009815Z   Processing 14/387: 0668492e-c47e-b7cf-e063-6394a90a309b...
2025-12-25T12:22:30.9010454Z   ‚ùå Error processing 0668492e-c47e-b7cf-e063-6394a90a309b: File is not a zip file
2025-12-25T12:22:30.9010850Z   Processing 15/387: 0668ddcc-0214-8e97-e063-6294a90a4f32...
2025-12-25T12:22:30.9011311Z   ‚ùå Error processing 0668ddcc-0214-8e97-e063-6294a90a4f32: File is not a zip file
2025-12-25T12:22:30.9011711Z   Processing 16/387: 06f442d6-071e-4081-b7f7-40f3b803ab3f...
2025-12-25T12:22:30.9012176Z   ‚ùå Error processing 06f442d6-071e-4081-b7f7-40f3b803ab3f: File is not a zip file
2025-12-25T12:22:30.9012581Z   Processing 17/387: 073f8b95-6f46-4341-817f-22f5b4f32542...
2025-12-25T12:22:30.9013050Z   ‚ùå Error processing 073f8b95-6f46-4341-817f-22f5b4f32542: File is not a zip file
2025-12-25T12:22:30.9013457Z   Processing 18/387: 084f9d77-b4ab-4328-8ff4-cdc7523daebe...
2025-12-25T12:22:30.9013923Z   ‚ùå Error processing 084f9d77-b4ab-4328-8ff4-cdc7523daebe: File is not a zip file
2025-12-25T12:22:30.9014324Z   Processing 19/387: 085857e2-c6c1-4e67-b1f8-c72ff4326332...
2025-12-25T12:22:30.9014802Z   ‚ùå Error processing 085857e2-c6c1-4e67-b1f8-c72ff4326332: File is not a zip file
2025-12-25T12:22:30.9015202Z   Processing 20/387: 0961f83e-25e9-4ffc-8669-44e4e9169978...
2025-12-25T12:22:30.9015652Z   ‚ùå Error processing 0961f83e-25e9-4ffc-8669-44e4e9169978: File is not a zip file
2025-12-25T12:22:30.9016040Z   Processing 21/387: 0b15085d-8d54-4983-9272-3d99e4ac0e36...
2025-12-25T12:22:30.9016490Z   ‚ùå Error processing 0b15085d-8d54-4983-9272-3d99e4ac0e36: File is not a zip file
2025-12-25T12:22:30.9016868Z   Processing 22/387: 0cb2ee04-8581-46c8-a781-7be170ab5c86...
2025-12-25T12:22:30.9017320Z   ‚ùå Error processing 0cb2ee04-8581-46c8-a781-7be170ab5c86: File is not a zip file
2025-12-25T12:22:30.9017897Z   Processing 23/387: 0cc52ac5-77ec-4d66-a770-762a1a960914...
2025-12-25T12:22:30.9018354Z   ‚ùå Error processing 0cc52ac5-77ec-4d66-a770-762a1a960914: File is not a zip file
2025-12-25T12:22:30.9018747Z   Processing 24/387: 0ce2c1c4-2a40-485c-b7cb-96a9b85d9d11...
2025-12-25T12:22:30.9019211Z   ‚ùå Error processing 0ce2c1c4-2a40-485c-b7cb-96a9b85d9d11: File is not a zip file
2025-12-25T12:22:30.9019604Z   Processing 25/387: 0da81fc0-a137-46d3-9378-d8053a82e61a...
2025-12-25T12:22:30.9020052Z   ‚ùå Error processing 0da81fc0-a137-46d3-9378-d8053a82e61a: File is not a zip file
2025-12-25T12:22:30.9020466Z   Processing 26/387: 0f07aa1a-97be-44af-92d8-a10777e24e0a...
2025-12-25T12:22:30.9021049Z   ‚ùå Error processing 0f07aa1a-97be-44af-92d8-a10777e24e0a: File is not a zip file
2025-12-25T12:22:30.9021444Z   Processing 27/387: 0f224014-3b77-7188-e063-6394a90a4c2d...
2025-12-25T12:22:30.9021887Z   ‚ùå Error processing 0f224014-3b77-7188-e063-6394a90a4c2d: File is not a zip file
2025-12-25T12:22:30.9022272Z   Processing 28/387: 0f8e08bf-4b14-bdad-e063-6394a90a34e1...
2025-12-25T12:22:30.9022730Z   ‚ùå Error processing 0f8e08bf-4b14-bdad-e063-6394a90a34e1: File is not a zip file
2025-12-25T12:22:30.9023132Z   Processing 29/387: 0fc8fadf-69fc-40ad-b4ca-d96dd2b30f95...
2025-12-25T12:22:30.9023593Z   ‚ùå Error processing 0fc8fadf-69fc-40ad-b4ca-d96dd2b30f95: File is not a zip file
2025-12-25T12:22:30.9024004Z   Processing 30/387: 0ff1ba75-3c86-4baf-a6b1-1bb883839866...
2025-12-25T12:22:30.9024459Z   ‚ùå Error processing 0ff1ba75-3c86-4baf-a6b1-1bb883839866: File is not a zip file
2025-12-25T12:22:30.9024860Z   Processing 31/387: 1022be5e-d515-4a06-bf2b-65774ec29a0b...
2025-12-25T12:22:30.9025321Z   ‚ùå Error processing 1022be5e-d515-4a06-bf2b-65774ec29a0b: File is not a zip file
2025-12-25T12:22:30.9025702Z   Processing 32/387: 10497273-d907-0514-e063-6294a90a1362...
2025-12-25T12:22:30.9026142Z   ‚ùå Error processing 10497273-d907-0514-e063-6294a90a1362: File is not a zip file
2025-12-25T12:22:30.9026526Z   Processing 33/387: 10f5502a-2e63-4f2a-a3ba-ddc5bd403051...
2025-12-25T12:22:30.9026974Z   ‚ùå Error processing 10f5502a-2e63-4f2a-a3ba-ddc5bd403051: File is not a zip file
2025-12-25T12:22:30.9027368Z   Processing 34/387: 1148b4d9-fa6a-49e6-9663-17b2c8373846...
2025-12-25T12:22:30.9027929Z   ‚ùå Error processing 1148b4d9-fa6a-49e6-9663-17b2c8373846: File is not a zip file
2025-12-25T12:22:30.9028447Z   Processing 35/387: 118bf2df-ee7b-454f-9c0b-2697dc826268...
2025-12-25T12:22:30.9028909Z   ‚ùå Error processing 118bf2df-ee7b-454f-9c0b-2697dc826268: File is not a zip file
2025-12-25T12:22:30.9029296Z   Processing 36/387: 1259035e-9196-97de-e063-6394a90a9dec...
2025-12-25T12:22:30.9029742Z   ‚ùå Error processing 1259035e-9196-97de-e063-6394a90a9dec: File is not a zip file
2025-12-25T12:22:30.9030135Z   Processing 37/387: 125a46cb-50d6-458e-993c-e051cb07639e...
2025-12-25T12:22:30.9030581Z   ‚ùå Error processing 125a46cb-50d6-458e-993c-e051cb07639e: File is not a zip file
2025-12-25T12:22:30.9030971Z   Processing 38/387: 125d2792-a50b-485e-baef-891b73a79729...
2025-12-25T12:22:30.9031423Z   ‚ùå Error processing 125d2792-a50b-485e-baef-891b73a79729: File is not a zip file
2025-12-25T12:22:30.9031808Z   Processing 39/387: 178f4150-c75c-45e1-a5f3-3af67b5c8109...
2025-12-25T12:22:30.9032259Z   ‚ùå Error processing 178f4150-c75c-45e1-a5f3-3af67b5c8109: File is not a zip file
2025-12-25T12:22:30.9032658Z   Processing 40/387: 18d28b91-55a7-4d0d-8404-4f21afdef989...
2025-12-25T12:22:30.9033108Z   ‚ùå Error processing 18d28b91-55a7-4d0d-8404-4f21afdef989: File is not a zip file
2025-12-25T12:22:30.9033513Z   Processing 41/387: 1a4f4449-a8d3-4c5b-8ba1-21223574545b...
2025-12-25T12:22:30.9033974Z   ‚ùå Error processing 1a4f4449-a8d3-4c5b-8ba1-21223574545b: File is not a zip file
2025-12-25T12:22:30.9034371Z   Processing 42/387: 1a52bedc-8e2c-4116-a296-a87770676b4a...
2025-12-25T12:22:30.9034832Z   ‚ùå Error processing 1a52bedc-8e2c-4116-a296-a87770676b4a: File is not a zip file
2025-12-25T12:22:30.9035220Z   Processing 43/387: 1b731dd5-b000-4c38-bfc8-2505b076e316...
2025-12-25T12:22:30.9035673Z   ‚ùå Error processing 1b731dd5-b000-4c38-bfc8-2505b076e316: File is not a zip file
2025-12-25T12:22:30.9036061Z   Processing 44/387: 1b9c0a98-2a31-4b23-ac4f-7c3f14b6f92f...
2025-12-25T12:22:30.9036509Z   ‚ùå Error processing 1b9c0a98-2a31-4b23-ac4f-7c3f14b6f92f: File is not a zip file
2025-12-25T12:22:30.9036910Z   Processing 45/387: 1bfd1468-9139-43b1-9709-d47b63d17cfb...
2025-12-25T12:22:30.9037363Z   ‚ùå Error processing 1bfd1468-9139-43b1-9709-d47b63d17cfb: File is not a zip file
2025-12-25T12:22:30.9037955Z   Processing 46/387: 1c32b019-a038-eb61-e063-6394a90a45f2...
2025-12-25T12:22:30.9038414Z   ‚ùå Error processing 1c32b019-a038-eb61-e063-6394a90a45f2: File is not a zip file
2025-12-25T12:22:30.9038934Z   Processing 47/387: 1c6f0964-9bee-1c06-e063-6294a90ac2a4...
2025-12-25T12:22:30.9039396Z   ‚ùå Error processing 1c6f0964-9bee-1c06-e063-6294a90ac2a4: File is not a zip file
2025-12-25T12:22:30.9039792Z   Processing 48/387: 1cebcddc-fa0f-8b73-e063-6394a90ab95e...
2025-12-25T12:22:30.9040247Z   ‚ùå Error processing 1cebcddc-fa0f-8b73-e063-6394a90ab95e: File is not a zip file
2025-12-25T12:22:30.9040644Z   Processing 49/387: 1ddae2a1-0e16-e294-e063-6394a90a05f5...
2025-12-25T12:22:30.9041099Z   ‚ùå Error processing 1ddae2a1-0e16-e294-e063-6394a90a05f5: File is not a zip file
2025-12-25T12:22:30.9041492Z   Processing 50/387: 1ddb1716-9c5b-6348-e063-6394a90acbf1...
2025-12-25T12:22:30.9041940Z   ‚ùå Error processing 1ddb1716-9c5b-6348-e063-6394a90acbf1: File is not a zip file
2025-12-25T12:22:30.9042333Z   Processing 51/387: 1f6f1218-be7d-4b80-ad0d-eb4d1a54a1e2...
2025-12-25T12:22:30.9042785Z   ‚ùå Error processing 1f6f1218-be7d-4b80-ad0d-eb4d1a54a1e2: File is not a zip file
2025-12-25T12:22:30.9043183Z   Processing 52/387: 1f982f03-9542-29f9-e063-6294a90a959c...
2025-12-25T12:22:30.9043630Z   ‚ùå Error processing 1f982f03-9542-29f9-e063-6294a90a959c: File is not a zip file
2025-12-25T12:22:30.9044017Z   Processing 53/387: 1fa980fb-fc0e-fdd0-e063-6394a90adc13...
2025-12-25T12:22:30.9044482Z   ‚ùå Error processing 1fa980fb-fc0e-fdd0-e063-6394a90adc13: File is not a zip file
2025-12-25T12:22:30.9044876Z   Processing 54/387: 1fd09b04-9c79-da20-e063-6394a90ae263...
2025-12-25T12:22:30.9045361Z   ‚ùå Error processing 1fd09b04-9c79-da20-e063-6394a90ae263: File is not a zip file
2025-12-25T12:22:30.9045874Z   Processing 55/387: 1fd0a790-c67c-216f-e063-6294a90ae971...
2025-12-25T12:22:30.9046321Z   ‚ùå Error processing 1fd0a790-c67c-216f-e063-6294a90ae971: File is not a zip file
2025-12-25T12:22:30.9046710Z   Processing 56/387: 211ef2da-2868-4a77-8055-1cb2cd78e24b...
2025-12-25T12:22:30.9047161Z   ‚ùå Error processing 211ef2da-2868-4a77-8055-1cb2cd78e24b: File is not a zip file
2025-12-25T12:22:30.9047664Z   Processing 57/387: 21da4a30-403d-ec9c-e063-6394a90aa36b...
2025-12-25T12:22:30.9048118Z   ‚ùå Error processing 21da4a30-403d-ec9c-e063-6394a90aa36b: File is not a zip file
2025-12-25T12:22:30.9048506Z   Processing 58/387: 21dfe061-4538-2061-e063-6394a90a6e73...
2025-12-25T12:22:56.1342515Z   ‚ùå Error processing 21dfe061-4538-2061-e063-6394a90a6e73: File is not a zip file
2025-12-25T12:22:56.1343414Z   Processing 59/387: 22706146-40e7-4e09-ad19-434fd4718636...
2025-12-25T12:22:56.1344304Z   ‚ùå Error processing 22706146-40e7-4e09-ad19-434fd4718636: File is not a zip file
2025-12-25T12:22:56.1345006Z   Processing 60/387: 22d4817c-1f19-4490-8a38-d8904f0374f7...
2025-12-25T12:22:56.1345866Z   ‚ùå Error processing 22d4817c-1f19-4490-8a38-d8904f0374f7: File is not a zip file
2025-12-25T12:22:56.1346570Z   Processing 61/387: 240dc06b-5c66-5e1f-e063-6394a90a42a2...
2025-12-25T12:22:56.1347132Z   ‚ùå Error processing 240dc06b-5c66-5e1f-e063-6394a90a42a2: File is not a zip file
2025-12-25T12:22:56.1347790Z   Processing 62/387: 24c49214-b333-fba4-e063-6394a90a1a70...
2025-12-25T12:22:56.1348285Z   ‚ùå Error processing 24c49214-b333-fba4-e063-6394a90a1a70: File is not a zip file
2025-12-25T12:22:56.1348688Z   Processing 63/387: 24c76e3c-0b99-5cb5-e063-6394a90a35de...
2025-12-25T12:22:56.1349178Z   ‚ùå Error processing 24c76e3c-0b99-5cb5-e063-6394a90a35de: File is not a zip file
2025-12-25T12:22:56.1349606Z   Processing 64/387: 24d44eb6-921e-4150-a6b2-81f42ced32ab...
2025-12-25T12:22:56.1350086Z   ‚ùå Error processing 24d44eb6-921e-4150-a6b2-81f42ced32ab: File is not a zip file
2025-12-25T12:22:56.1350495Z   Processing 65/387: 25ef3128-6b28-3c20-e054-00144ff8d46c...
2025-12-25T12:22:56.1350962Z   ‚ùå Error processing 25ef3128-6b28-3c20-e054-00144ff8d46c: File is not a zip file
2025-12-25T12:22:56.1351364Z   Processing 66/387: 266b777a-939e-c697-e063-6394a90a90a9...
2025-12-25T12:22:56.1351822Z   ‚ùå Error processing 266b777a-939e-c697-e063-6394a90a90a9: File is not a zip file
2025-12-25T12:22:56.1352216Z   Processing 67/387: 26703751-00c4-451b-a5be-242da9cd2b88...
2025-12-25T12:22:56.1352935Z   ‚ùå Error processing 26703751-00c4-451b-a5be-242da9cd2b88: File is not a zip file
2025-12-25T12:22:56.1353343Z   Processing 68/387: 26afc6c3-125e-4937-9747-a619105af1ad...
2025-12-25T12:22:56.1353803Z   ‚ùå Error processing 26afc6c3-125e-4937-9747-a619105af1ad: File is not a zip file
2025-12-25T12:22:56.1354203Z   Processing 69/387: 26cd146a-6461-604f-e063-6394a90ac36e...
2025-12-25T12:22:56.1354660Z   ‚ùå Error processing 26cd146a-6461-604f-e063-6394a90ac36e: File is not a zip file
2025-12-25T12:22:56.1355052Z   Processing 70/387: 28596788-b73f-4247-85fc-3105f51fff5a...
2025-12-25T12:22:56.1355514Z   ‚ùå Error processing 28596788-b73f-4247-85fc-3105f51fff5a: File is not a zip file
2025-12-25T12:22:56.1355915Z   Processing 71/387: 28bee524-a52f-4b91-b5a8-b8dc85cb6562...
2025-12-25T12:22:56.1356380Z   ‚ùå Error processing 28bee524-a52f-4b91-b5a8-b8dc85cb6562: File is not a zip file
2025-12-25T12:22:56.1356912Z   Processing 72/387: 28cd0224-3569-4308-bd40-480bc4230503...
2025-12-25T12:22:56.1357944Z   ‚ùå Error processing 28cd0224-3569-4308-bd40-480bc4230503: File is not a zip file
2025-12-25T12:22:56.1358732Z   Processing 73/387: 29140df2-24a3-4a6f-a8e3-065521448d61...
2025-12-25T12:22:56.1359602Z   ‚ùå Error processing 29140df2-24a3-4a6f-a8e3-065521448d61: File is not a zip file
2025-12-25T12:22:56.1360358Z   Processing 74/387: 29f3f6dd-751e-1dfe-e063-6394a90a0dbb...
2025-12-25T12:22:56.1361245Z   ‚ùå Error processing 29f3f6dd-751e-1dfe-e063-6394a90a0dbb: File is not a zip file
2025-12-25T12:22:56.1361991Z   Processing 75/387: 2a7a27ab-1b4c-40d1-98bf-e4297aa25682...
2025-12-25T12:22:56.1362926Z   ‚ùå Error processing 2a7a27ab-1b4c-40d1-98bf-e4297aa25682: File is not a zip file
2025-12-25T12:22:56.1363341Z   Processing 76/387: 2bd685df-7dc6-78a6-e063-6294a90a580b...
2025-12-25T12:22:56.1363800Z   ‚ùå Error processing 2bd685df-7dc6-78a6-e063-6294a90a580b: File is not a zip file
2025-12-25T12:22:56.1364193Z   Processing 77/387: 2c55bc09-9af3-431d-9565-2b8a40b07cda...
2025-12-25T12:22:56.1364662Z   ‚ùå Error processing 2c55bc09-9af3-431d-9565-2b8a40b07cda: File is not a zip file
2025-12-25T12:22:56.1365071Z   Processing 78/387: 2ce3a61d-2004-4269-b8b3-3755b99b6d46...
2025-12-25T12:22:56.1365611Z   ‚ùå Error processing 2ce3a61d-2004-4269-b8b3-3755b99b6d46: File is not a zip file
2025-12-25T12:22:56.1366005Z   Processing 79/387: 2de875d8-4211-3811-e063-6394a90a4f72...
2025-12-25T12:22:56.1366451Z   ‚ùå Error processing 2de875d8-4211-3811-e063-6394a90a4f72: File is not a zip file
2025-12-25T12:22:56.1366835Z   Processing 80/387: 2fb31727-68b1-4183-947d-00e08bf99987...
2025-12-25T12:22:56.1367288Z   ‚ùå Error processing 2fb31727-68b1-4183-947d-00e08bf99987: File is not a zip file
2025-12-25T12:22:56.1367883Z   Processing 81/387: 306053c2-9e01-4c5c-b21c-b21f4ada80cf...
2025-12-25T12:22:56.1368360Z   ‚ùå Error processing 306053c2-9e01-4c5c-b21c-b21f4ada80cf: File is not a zip file
2025-12-25T12:22:56.1368764Z   Processing 82/387: 308969b5-5ab2-44ef-ac70-9518a5dfbee2...
2025-12-25T12:22:56.1369226Z   ‚ùå Error processing 308969b5-5ab2-44ef-ac70-9518a5dfbee2: File is not a zip file
2025-12-25T12:22:56.1369617Z   Processing 83/387: 316968e1-7715-4caa-e054-00144ff8d46c...
2025-12-25T12:22:56.1370062Z   ‚ùå Error processing 316968e1-7715-4caa-e054-00144ff8d46c: File is not a zip file
2025-12-25T12:22:56.1370441Z   Processing 84/387: 317bbd33-6087-3af1-e054-00144ff8d46c...
2025-12-25T12:22:56.1370891Z   ‚ùå Error processing 317bbd33-6087-3af1-e054-00144ff8d46c: File is not a zip file
2025-12-25T12:22:56.1371272Z   Processing 85/387: 318e7acb-0ebb-4518-e054-00144ff88e88...
2025-12-25T12:22:56.1371722Z   ‚ùå Error processing 318e7acb-0ebb-4518-e054-00144ff88e88: File is not a zip file
2025-12-25T12:22:56.1372117Z   Processing 86/387: 3264543c-e8f5-da9a-e063-6394a90ac8c6...
2025-12-25T12:22:56.1372564Z   ‚ùå Error processing 3264543c-e8f5-da9a-e063-6394a90ac8c6: File is not a zip file
2025-12-25T12:22:56.1372953Z   Processing 87/387: 331d5d9d-58d8-4b4f-8114-b28efa7276d7...
2025-12-25T12:22:56.1373561Z   ‚ùå Error processing 331d5d9d-58d8-4b4f-8114-b28efa7276d7: File is not a zip file
2025-12-25T12:22:56.1373955Z   Processing 88/387: 3364470e-d9bb-42a6-9bd5-80c0bed8bc9e...
2025-12-25T12:22:56.1374648Z   ‚ùå Error processing 3364470e-d9bb-42a6-9bd5-80c0bed8bc9e: File is not a zip file
2025-12-25T12:22:56.1391055Z   Processing 89/387: 3495a70c-870c-4968-940e-8baea152cf85...
2025-12-25T12:22:56.1391615Z   ‚ùå Error processing 3495a70c-870c-4968-940e-8baea152cf85: File is not a zip file
2025-12-25T12:22:56.1392047Z   Processing 90/387: 34ad5cf6-4df0-4104-bddd-4c7631133ded...
2025-12-25T12:22:56.1392525Z   ‚ùå Error processing 34ad5cf6-4df0-4104-bddd-4c7631133ded: File is not a zip file
2025-12-25T12:22:56.1392978Z   Processing 91/387: 34f26b33-af34-470a-b57e-921fbdcbd9af...
2025-12-25T12:22:56.1393446Z   ‚ùå Error processing 34f26b33-af34-470a-b57e-921fbdcbd9af: File is not a zip file
2025-12-25T12:22:56.1393846Z   Processing 92/387: 34f83d9d-2c64-463e-8a90-9a460fedfead...
2025-12-25T12:22:56.1394301Z   ‚ùå Error processing 34f83d9d-2c64-463e-8a90-9a460fedfead: File is not a zip file
2025-12-25T12:22:56.1394699Z   Processing 93/387: 35005045-57b2-4ffe-ab70-22d570c1b161...
2025-12-25T12:22:56.1395142Z   ‚ùå Error processing 35005045-57b2-4ffe-ab70-22d570c1b161: File is not a zip file
2025-12-25T12:22:56.1395530Z   Processing 94/387: 351d20eb-3cf4-e28b-e063-6294a90a4cf0...
2025-12-25T12:22:56.1395982Z   ‚ùå Error processing 351d20eb-3cf4-e28b-e063-6294a90a4cf0: File is not a zip file
2025-12-25T12:22:56.1396362Z   Processing 95/387: 35272744-8253-046c-e063-6394a90aabc2...
2025-12-25T12:22:56.1396802Z   ‚ùå Error processing 35272744-8253-046c-e063-6394a90aabc2: File is not a zip file
2025-12-25T12:22:56.1397385Z   Processing 96/387: 358c0dc3-2778-8aff-e063-6394a90a877c...
2025-12-25T12:22:56.1398096Z   ‚ùå Error processing 358c0dc3-2778-8aff-e063-6394a90a877c: File is not a zip file
2025-12-25T12:22:56.1398485Z   Processing 97/387: 3707ad2e-5c82-4111-a370-e518e5e7e4c5...
2025-12-25T12:22:56.1398936Z   ‚ùå Error processing 3707ad2e-5c82-4111-a370-e518e5e7e4c5: File is not a zip file
2025-12-25T12:22:56.1399330Z   Processing 98/387: 3819daf3-e935-2c53-c527-e1d57922f394...
2025-12-25T12:22:56.1399783Z   ‚ùå Error processing 3819daf3-e935-2c53-c527-e1d57922f394: File is not a zip file
2025-12-25T12:22:56.1400166Z   Processing 99/387: 38657668-8817-4b20-a1c5-bfa420445c18...
2025-12-25T12:22:56.1400610Z   ‚ùå Error processing 38657668-8817-4b20-a1c5-bfa420445c18: File is not a zip file
2025-12-25T12:22:56.1401020Z   Processing 100/387: 392a846e-7325-462d-b19b-8afda44c5cb0...
2025-12-25T12:22:56.1401484Z   ‚ùå Error processing 392a846e-7325-462d-b19b-8afda44c5cb0: File is not a zip file
2025-12-25T12:22:56.1401902Z   Processing 101/387: 396d0fd4-67be-4de1-8f0c-42c83dfe9120...
2025-12-25T12:22:56.1402367Z   ‚ùå Error processing 396d0fd4-67be-4de1-8f0c-42c83dfe9120: File is not a zip file
2025-12-25T12:22:56.1402760Z   Processing 102/387: 3994a267-ddc8-4886-9daa-9adb2ddd0ca3...
2025-12-25T12:22:56.1403228Z   ‚ùå Error processing 3994a267-ddc8-4886-9daa-9adb2ddd0ca3: File is not a zip file
2025-12-25T12:22:56.1403630Z   Processing 103/387: 3e65ec1a-0ed9-433d-8da9-a6cb61829911...
2025-12-25T12:22:56.1404091Z   ‚ùå Error processing 3e65ec1a-0ed9-433d-8da9-a6cb61829911: File is not a zip file
2025-12-25T12:22:56.1404536Z   Processing 104/387: 3ebcc539-efe0-4545-bd83-37c20de7efb0...
2025-12-25T12:22:56.1405006Z   ‚ùå Error processing 3ebcc539-efe0-4545-bd83-37c20de7efb0: File is not a zip file
2025-12-25T12:22:56.1405415Z   Processing 105/387: 3eee7b21-5401-4ef1-b1c6-1013439639d2...
2025-12-25T12:22:56.1405879Z   ‚ùå Error processing 3eee7b21-5401-4ef1-b1c6-1013439639d2: File is not a zip file
2025-12-25T12:22:56.1406277Z   Processing 106/387: 3f35d6e0-3450-4abc-a0da-cc7b277e7c6e...
2025-12-25T12:22:56.1406742Z   ‚ùå Error processing 3f35d6e0-3450-4abc-a0da-cc7b277e7c6e: File is not a zip file
2025-12-25T12:22:56.1407139Z   Processing 107/387: 3fa195b5-0712-aada-e063-6394a90a9069...
2025-12-25T12:22:56.1407787Z   ‚ùå Error processing 3fa195b5-0712-aada-e063-6394a90a9069: File is not a zip file
2025-12-25T12:22:56.1408325Z   Processing 108/387: 403b6540-c53d-4e92-91b4-36ca6338b2b1...
2025-12-25T12:22:56.1408798Z   ‚ùå Error processing 403b6540-c53d-4e92-91b4-36ca6338b2b1: File is not a zip file
2025-12-25T12:22:56.1409182Z   Processing 109/387: 40f9338f-41ad-19a8-e054-00144ff8d46c...
2025-12-25T12:22:56.1409637Z   ‚ùå Error processing 40f9338f-41ad-19a8-e054-00144ff8d46c: File is not a zip file
2025-12-25T12:22:56.1410020Z   Processing 110/387: 415bd983-86f3-4f38-917a-9805024f31cb...
2025-12-25T12:22:56.1410468Z   ‚ùå Error processing 415bd983-86f3-4f38-917a-9805024f31cb: File is not a zip file
2025-12-25T12:22:56.1410865Z   Processing 111/387: 420c7b62-3bea-4d6b-82e0-ab1c176c7f1e...
2025-12-25T12:22:56.1411320Z   ‚ùå Error processing 420c7b62-3bea-4d6b-82e0-ab1c176c7f1e: File is not a zip file
2025-12-25T12:22:56.1411714Z   Processing 112/387: 42a969c3-1144-4151-9cf3-3e9bace6a380...
2025-12-25T12:22:56.1412162Z   ‚ùå Error processing 42a969c3-1144-4151-9cf3-3e9bace6a380: File is not a zip file
2025-12-25T12:22:56.1412554Z   Processing 113/387: 42c449cc-a450-1796-e063-6294a90a762a...
2025-12-25T12:22:56.1413011Z   ‚ùå Error processing 42c449cc-a450-1796-e063-6294a90a762a: File is not a zip file
2025-12-25T12:22:56.1413401Z   Processing 114/387: 42c695c2-f31a-b178-e063-6394a90a2e63...
2025-12-25T12:23:21.4161159Z   ‚ùå Error processing 42c695c2-f31a-b178-e063-6394a90a2e63: File is not a zip file
2025-12-25T12:23:21.4162229Z   Processing 115/387: 42e9bea8-e840-4163-929e-967baf5f2f90...
2025-12-25T12:23:21.4163102Z   ‚ùå Error processing 42e9bea8-e840-4163-929e-967baf5f2f90: File is not a zip file
2025-12-25T12:23:21.4163848Z   Processing 116/387: 43413e55-1db2-fc1a-e063-6394a90a7167...
2025-12-25T12:23:21.4165130Z   ‚ùå Error processing 43413e55-1db2-fc1a-e063-6394a90a7167: File is not a zip file
2025-12-25T12:23:21.4165925Z   Processing 117/387: 437f6b77-ecf8-2cd8-e063-6394a90ad45d...
2025-12-25T12:23:21.4166792Z   ‚ùå Error processing 437f6b77-ecf8-2cd8-e063-6394a90ad45d: File is not a zip file
2025-12-25T12:23:21.4167791Z   Processing 118/387: 4411142f-a8ec-c8c2-e063-6394a90aa25c...
2025-12-25T12:23:21.4168816Z   ‚ùå Error processing 4411142f-a8ec-c8c2-e063-6394a90aa25c: File is not a zip file
2025-12-25T12:23:21.4169608Z   Processing 119/387: 44207c9a-8c2c-ca2e-e063-6394a90a61c5...
2025-12-25T12:23:21.4170536Z   ‚ùå Error processing 44207c9a-8c2c-ca2e-e063-6394a90a61c5: File is not a zip file
2025-12-25T12:23:21.4171350Z   Processing 120/387: 45953a4b-5080-4959-a1e8-d1559f2e5010...
2025-12-25T12:23:21.4172281Z   ‚ùå Error processing 45953a4b-5080-4959-a1e8-d1559f2e5010: File is not a zip file
2025-12-25T12:23:21.4173029Z   Processing 121/387: 45a961eb-a156-0597-e063-6294a90ad45f...
2025-12-25T12:23:21.4173974Z   ‚ùå Error processing 45a961eb-a156-0597-e063-6294a90ad45f: File is not a zip file
2025-12-25T12:23:21.4174754Z   Processing 122/387: 45e9e9dd-444b-46b1-a522-4ae372e6ff3c...
2025-12-25T12:23:21.4175658Z   ‚ùå Error processing 45e9e9dd-444b-46b1-a522-4ae372e6ff3c: File is not a zip file
2025-12-25T12:23:21.4176437Z   Processing 123/387: 46084e90-6ffa-4e1a-a8ff-1c1b1484fe88...
2025-12-25T12:23:21.4177376Z   ‚ùå Error processing 46084e90-6ffa-4e1a-a8ff-1c1b1484fe88: File is not a zip file
2025-12-25T12:23:21.4178395Z   Processing 124/387: 461420e0-a5b1-81df-e063-6394a90a94ec...
2025-12-25T12:23:21.4179313Z   ‚ùå Error processing 461420e0-a5b1-81df-e063-6394a90a94ec: File is not a zip file
2025-12-25T12:23:21.4179997Z   Processing 125/387: 4616f2ce-1b5e-436d-e063-6394a90acbe2...
2025-12-25T12:23:21.4180499Z   ‚ùå Error processing 4616f2ce-1b5e-436d-e063-6394a90acbe2: File is not a zip file
2025-12-25T12:23:21.4180910Z   Processing 126/387: 46179a73-7a7b-7e3b-e063-6294a90a06d6...
2025-12-25T12:23:21.4181376Z   ‚ùå Error processing 46179a73-7a7b-7e3b-e063-6294a90a06d6: File is not a zip file
2025-12-25T12:23:21.4181917Z   Processing 127/387: 4621249c-1f44-4d95-8513-a1a2b1859e41...
2025-12-25T12:23:21.4182401Z   ‚ùå Error processing 4621249c-1f44-4d95-8513-a1a2b1859e41: File is not a zip file
2025-12-25T12:23:21.4182813Z   Processing 128/387: 46278e27-5b6f-ef3f-e063-6394a90a118a...
2025-12-25T12:23:21.4183582Z   ‚ùå Error processing 46278e27-5b6f-ef3f-e063-6394a90a118a: File is not a zip file
2025-12-25T12:23:21.4184397Z   Processing 129/387: 4627ad3b-7e3d-0438-e063-6394a90afc6d...
2025-12-25T12:23:21.4185251Z   ‚ùå Error processing 4627ad3b-7e3d-0438-e063-6394a90afc6d: File is not a zip file
2025-12-25T12:23:21.4185675Z   Processing 130/387: 4627bbe9-b132-de28-e063-6294a90ab545...
2025-12-25T12:23:21.4186152Z   ‚ùå Error processing 4627bbe9-b132-de28-e063-6294a90ab545: File is not a zip file
2025-12-25T12:23:21.4186555Z   Processing 131/387: 463b7143-608e-0231-e063-6394a90ac6aa...
2025-12-25T12:23:21.4187036Z   ‚ùå Error processing 463b7143-608e-0231-e063-6394a90ac6aa: File is not a zip file
2025-12-25T12:23:21.4187656Z   Processing 132/387: 463c1d31-a1be-e13c-e063-6294a90acacd...
2025-12-25T12:23:21.4188141Z   ‚ùå Error processing 463c1d31-a1be-e13c-e063-6294a90acacd: File is not a zip file
2025-12-25T12:23:21.4188553Z   Processing 133/387: 463cb528-a54a-fc36-e063-6294a90a903d...
2025-12-25T12:23:21.4189015Z   ‚ùå Error processing 463cb528-a54a-fc36-e063-6294a90a903d: File is not a zip file
2025-12-25T12:23:21.4189411Z   Processing 134/387: 463d04c8-4df0-d3e5-e063-6394a90a0ff2...
2025-12-25T12:23:21.4189868Z   ‚ùå Error processing 463d04c8-4df0-d3e5-e063-6394a90a0ff2: File is not a zip file
2025-12-25T12:23:21.4190257Z   Processing 135/387: 463db517-be07-8c90-e063-6394a90a4c8c...
2025-12-25T12:23:21.4190709Z   ‚ùå Error processing 463db517-be07-8c90-e063-6394a90a4c8c: File is not a zip file
2025-12-25T12:23:21.4191105Z   Processing 136/387: 463fc2a9-742a-fbd3-e063-6394a90a0bf9...
2025-12-25T12:23:21.4193198Z   ‚ùå Error processing 463fc2a9-742a-fbd3-e063-6394a90a0bf9: File is not a zip file
2025-12-25T12:23:21.4193633Z   Processing 137/387: 463fc682-c8e4-17c7-e063-6294a90a21e6...
2025-12-25T12:23:21.4194104Z   ‚ùå Error processing 463fc682-c8e4-17c7-e063-6294a90a21e6: File is not a zip file
2025-12-25T12:23:21.4194506Z   Processing 138/387: 463fcad3-0c5c-599f-e063-6394a90a8d21...
2025-12-25T12:23:21.4194982Z   ‚ùå Error processing 463fcad3-0c5c-599f-e063-6394a90a8d21: File is not a zip file
2025-12-25T12:23:21.4195371Z   Processing 139/387: 464f6645-ca33-1722-e054-00144ff8d46c...
2025-12-25T12:23:21.4195824Z   ‚ùå Error processing 464f6645-ca33-1722-e054-00144ff8d46c: File is not a zip file
2025-12-25T12:23:21.4196213Z   Processing 140/387: 4653cf42-f61a-31a9-e063-6394a90a00a8...
2025-12-25T12:23:21.4196661Z   ‚ùå Error processing 4653cf42-f61a-31a9-e063-6394a90a00a8: File is not a zip file
2025-12-25T12:23:21.4197047Z   Processing 141/387: 46545d04-5958-d136-e063-6394a90a3462...
2025-12-25T12:23:21.4197713Z   ‚ùå Error processing 46545d04-5958-d136-e063-6394a90a3462: File is not a zip file
2025-12-25T12:23:21.4198110Z   Processing 142/387: 46623a3e-37bf-3ee4-e063-6294a90ae60d...
2025-12-25T12:23:21.4198586Z   ‚ùå Error processing 46623a3e-37bf-3ee4-e063-6294a90ae60d: File is not a zip file
2025-12-25T12:23:21.4198991Z   Processing 143/387: 4671e562-3d96-32ec-e063-6294a90ab53a...
2025-12-25T12:23:21.4199445Z   ‚ùå Error processing 4671e562-3d96-32ec-e063-6294a90ab53a: File is not a zip file
2025-12-25T12:23:21.4199833Z   Processing 144/387: 4678c4a8-0899-23e6-e063-6394a90a9071...
2025-12-25T12:23:21.4200288Z   ‚ùå Error processing 4678c4a8-0899-23e6-e063-6394a90a9071: File is not a zip file
2025-12-25T12:23:21.4200670Z   Processing 145/387: 4679166c-a87f-829a-e063-6394a90a9ad1...
2025-12-25T12:23:21.4201121Z   ‚ùå Error processing 4679166c-a87f-829a-e063-6394a90a9ad1: File is not a zip file
2025-12-25T12:23:21.4201505Z   Processing 146/387: 468551f3-351f-8b2a-e063-6394a90a301c...
2025-12-25T12:23:21.4201961Z   ‚ùå Error processing 468551f3-351f-8b2a-e063-6394a90a301c: File is not a zip file
2025-12-25T12:23:21.4202350Z   Processing 147/387: 468a15c7-c6f8-ed82-e063-6294a90a5520...
2025-12-25T12:23:21.4202795Z   ‚ùå Error processing 468a15c7-c6f8-ed82-e063-6294a90a5520: File is not a zip file
2025-12-25T12:23:21.4203195Z   Processing 148/387: 468c8e7a-95bb-6ad0-e063-6294a90a7ce9...
2025-12-25T12:23:21.4203802Z   ‚ùå Error processing 468c8e7a-95bb-6ad0-e063-6294a90a7ce9: File is not a zip file
2025-12-25T12:23:21.4204208Z   Processing 149/387: 468c90d7-3b9c-1641-e063-6394a90a928c...
2025-12-25T12:23:21.4204669Z   ‚ùå Error processing 468c90d7-3b9c-1641-e063-6394a90a928c: File is not a zip file
2025-12-25T12:23:21.4205064Z   Processing 150/387: 468c92f6-9cae-0c6e-e063-6394a90a78ef...
2025-12-25T12:23:21.4205523Z   ‚ùå Error processing 468c92f6-9cae-0c6e-e063-6394a90a78ef: File is not a zip file
2025-12-25T12:23:21.4205912Z   Processing 151/387: 468c93d1-8265-7cd2-e063-6294a90a5776...
2025-12-25T12:23:21.4206357Z   ‚ùå Error processing 468c93d1-8265-7cd2-e063-6294a90a5776: File is not a zip file
2025-12-25T12:23:21.4206749Z   Processing 152/387: 468c94df-7cf9-780f-e063-6294a90aa50f...
2025-12-25T12:23:21.4207205Z   ‚ùå Error processing 468c94df-7cf9-780f-e063-6294a90aa50f: File is not a zip file
2025-12-25T12:23:21.4207787Z   Processing 153/387: 468c9682-6163-830f-e063-6294a90a76a9...
2025-12-25T12:23:21.4208249Z   ‚ùå Error processing 468c9682-6163-830f-e063-6294a90a76a9: File is not a zip file
2025-12-25T12:23:21.4208636Z   Processing 154/387: 468c9ecb-1691-1e20-e063-6394a90a2e89...
2025-12-25T12:23:21.4209082Z   ‚ùå Error processing 468c9ecb-1691-1e20-e063-6394a90a2e89: File is not a zip file
2025-12-25T12:23:21.4209473Z   Processing 155/387: 468fab22-2b69-4a2c-e063-6294a90aab9a...
2025-12-25T12:23:21.4209928Z   ‚ùå Error processing 468fab22-2b69-4a2c-e063-6294a90aab9a: File is not a zip file
2025-12-25T12:23:21.4210319Z   Processing 156/387: 4690a48e-b80e-cafc-e063-6394a90aa6a1...
2025-12-25T12:23:21.4210792Z   ‚ùå Error processing 4690a48e-b80e-cafc-e063-6394a90aa6a1: File is not a zip file
2025-12-25T12:23:21.4211342Z   Processing 157/387: 4690a5fd-79cf-e1fd-e063-6294a90a009c...
2025-12-25T12:23:21.4211808Z   ‚ùå Error processing 4690a5fd-79cf-e1fd-e063-6294a90a009c: File is not a zip file
2025-12-25T12:23:21.4212210Z   Processing 158/387: 4690d89b-ae61-2ed5-e063-6294a90a743f...
2025-12-25T12:23:21.4212676Z   ‚ùå Error processing 4690d89b-ae61-2ed5-e063-6294a90a743f: File is not a zip file
2025-12-25T12:23:21.4213065Z   Processing 159/387: 46919f43-2dee-57b1-e063-6294a90a15eb...
2025-12-25T12:23:21.4213518Z   ‚ùå Error processing 46919f43-2dee-57b1-e063-6294a90a15eb: File is not a zip file
2025-12-25T12:23:21.4213905Z   Processing 160/387: 46919f45-e3f3-4ed0-e063-6294a90a9835...
2025-12-25T12:23:21.4214356Z   ‚ùå Error processing 46919f45-e3f3-4ed0-e063-6294a90a9835: File is not a zip file
2025-12-25T12:23:21.4214754Z   Processing 161/387: 47522852-005a-2a66-e054-00144ff8d46c...
2025-12-25T12:23:21.4215208Z   ‚ùå Error processing 47522852-005a-2a66-e054-00144ff8d46c: File is not a zip file
2025-12-25T12:23:21.4215612Z   Processing 162/387: 47653657-80b5-482f-e054-00144ff88e88...
2025-12-25T12:23:21.4216065Z   ‚ùå Error processing 47653657-80b5-482f-e054-00144ff88e88: File is not a zip file
2025-12-25T12:23:21.4216454Z   Processing 163/387: 4766afa8-fdaf-05e5-e054-00144ff8d46c...
2025-12-25T12:23:21.4216918Z   ‚ùå Error processing 4766afa8-fdaf-05e5-e054-00144ff8d46c: File is not a zip file
2025-12-25T12:23:21.4217322Z   Processing 164/387: 477b9fc3-c3c5-647e-e054-00144ff8d46c...
2025-12-25T12:23:21.4217953Z   ‚ùå Error processing 477b9fc3-c3c5-647e-e054-00144ff8d46c: File is not a zip file
2025-12-25T12:23:21.4218355Z   Processing 165/387: 477cedee-6bd3-2a34-e054-00144ff8d46c...
2025-12-25T12:23:21.4218805Z   ‚ùå Error processing 477cedee-6bd3-2a34-e054-00144ff8d46c: File is not a zip file
2025-12-25T12:23:21.4219200Z   Processing 166/387: 479284ad-ec02-4b74-e054-00144ff8d46c...
2025-12-25T12:23:21.4219650Z   ‚ùå Error processing 479284ad-ec02-4b74-e054-00144ff8d46c: File is not a zip file
2025-12-25T12:23:21.4220042Z   Processing 167/387: 47dfbe23-f407-6588-e054-00144ff8d46c...
2025-12-25T12:23:21.4220505Z   ‚ùå Error processing 47dfbe23-f407-6588-e054-00144ff8d46c: File is not a zip file
2025-12-25T12:23:21.4220889Z   Processing 168/387: 47e0830f-31e7-5ff0-e054-00144ff88e88...
2025-12-25T12:23:21.4221338Z   ‚ùå Error processing 47e0830f-31e7-5ff0-e054-00144ff88e88: File is not a zip file
2025-12-25T12:23:21.4221854Z   Processing 169/387: 47e0f809-0b30-2b23-e054-00144ff8d46c...
2025-12-25T12:23:21.4222307Z   ‚ùå Error processing 47e0f809-0b30-2b23-e054-00144ff8d46c: File is not a zip file
2025-12-25T12:23:21.4222699Z   Processing 170/387: 47f38e79-c730-21b9-e054-00144ff88e88...
2025-12-25T12:23:46.6860724Z   ‚ùå Error processing 47f38e79-c730-21b9-e054-00144ff88e88: File is not a zip file
2025-12-25T12:23:46.6861541Z   Processing 171/387: 47f89d33-6e0a-4bb4-e054-00144ff88e88...
2025-12-25T12:23:46.6862402Z   ‚ùå Error processing 47f89d33-6e0a-4bb4-e054-00144ff88e88: File is not a zip file
2025-12-25T12:23:46.6863148Z   Processing 172/387: 490f695c-e60f-43db-b3f3-a9ffbb2906dd...
2025-12-25T12:23:46.6863984Z   ‚ùå Error processing 490f695c-e60f-43db-b3f3-a9ffbb2906dd: File is not a zip file
2025-12-25T12:23:46.6864710Z   Processing 173/387: 499b2bf8-72fb-4500-b16e-517cab09a8ae...
2025-12-25T12:23:46.6865536Z   ‚ùå Error processing 499b2bf8-72fb-4500-b16e-517cab09a8ae: File is not a zip file
2025-12-25T12:23:46.6866282Z   Processing 174/387: 4a53b25e-f514-4d2d-8c2b-3c56d68ec7eb...
2025-12-25T12:23:46.6867206Z   ‚ùå Error processing 4a53b25e-f514-4d2d-8c2b-3c56d68ec7eb: File is not a zip file
2025-12-25T12:23:46.6868243Z   Processing 175/387: 4c133721-ad9a-4807-8ad5-c3efdff1ec52...
2025-12-25T12:23:46.6869141Z   ‚ùå Error processing 4c133721-ad9a-4807-8ad5-c3efdff1ec52: File is not a zip file
2025-12-25T12:23:46.6869904Z   Processing 176/387: 4c2612ab-86a4-4c54-a5c0-e837f755965f...
2025-12-25T12:23:46.6870801Z   ‚ùå Error processing 4c2612ab-86a4-4c54-a5c0-e837f755965f: File is not a zip file
2025-12-25T12:23:46.6871934Z   Processing 177/387: 4e12e1cb-b033-076d-e054-00144ff8d46c...
2025-12-25T12:23:46.6872867Z   ‚ùå Error processing 4e12e1cb-b033-076d-e054-00144ff8d46c: File is not a zip file
2025-12-25T12:23:46.6873637Z   Processing 178/387: 4e88a847-397b-4ddb-83d7-42c9b963a0b7...
2025-12-25T12:23:46.6874537Z   ‚ùå Error processing 4e88a847-397b-4ddb-83d7-42c9b963a0b7: File is not a zip file
2025-12-25T12:23:46.6875329Z   Processing 179/387: 5002cce4-0abc-4446-888c-47396549d4da...
2025-12-25T12:23:46.6876230Z   ‚ùå Error processing 5002cce4-0abc-4446-888c-47396549d4da: File is not a zip file
2025-12-25T12:23:46.6876986Z   Processing 180/387: 50593f55-82b0-4649-af03-fbb2a53ea8b8...
2025-12-25T12:23:46.6878107Z   ‚ùå Error processing 50593f55-82b0-4649-af03-fbb2a53ea8b8: File is not a zip file
2025-12-25T12:23:46.6878695Z   Processing 181/387: 5079b009-7f34-4d34-8f01-821365f04ca2...
2025-12-25T12:23:46.6879193Z   ‚ùå Error processing 5079b009-7f34-4d34-8f01-821365f04ca2: File is not a zip file
2025-12-25T12:23:46.6879615Z   Processing 182/387: 5103450a-3095-49cc-9823-4fb4c1d258ff...
2025-12-25T12:23:46.6880225Z   ‚ùå Error processing 5103450a-3095-49cc-9823-4fb4c1d258ff: File is not a zip file
2025-12-25T12:23:46.6880654Z   Processing 183/387: 5115ef84-078f-487a-854d-ab8fae7a3f0d...
2025-12-25T12:23:46.6881146Z   ‚ùå Error processing 5115ef84-078f-487a-854d-ab8fae7a3f0d: File is not a zip file
2025-12-25T12:23:46.6881560Z   Processing 184/387: 51e4144a-489e-436c-609a-39305f8f56ba...
2025-12-25T12:23:46.6882326Z   ‚ùå Error processing 51e4144a-489e-436c-609a-39305f8f56ba: File is not a zip file
2025-12-25T12:23:46.6883079Z   Processing 185/387: 5229f4b2-a194-46f8-a0bc-4510fbe52075...
2025-12-25T12:23:46.6883764Z   ‚ùå Error processing 5229f4b2-a194-46f8-a0bc-4510fbe52075: File is not a zip file
2025-12-25T12:23:46.6884171Z   Processing 186/387: 52ab5e74-81aa-438e-b06f-4f740414cd4d...
2025-12-25T12:23:46.6884637Z   ‚ùå Error processing 52ab5e74-81aa-438e-b06f-4f740414cd4d: File is not a zip file
2025-12-25T12:23:46.6885046Z   Processing 187/387: 5359b759-db7c-4672-9e8a-59c93869bd91...
2025-12-25T12:23:46.6885501Z   ‚ùå Error processing 5359b759-db7c-4672-9e8a-59c93869bd91: File is not a zip file
2025-12-25T12:23:46.6885895Z   Processing 188/387: 542972e4-29ff-42cf-a327-2955b2ab6274...
2025-12-25T12:23:46.6886347Z   ‚ùå Error processing 542972e4-29ff-42cf-a327-2955b2ab6274: File is not a zip file
2025-12-25T12:23:46.6886960Z   Processing 189/387: 54ebb0ba-e32c-4b8e-8427-b947ca644150...
2025-12-25T12:23:46.6887651Z   ‚ùå Error processing 54ebb0ba-e32c-4b8e-8427-b947ca644150: File is not a zip file
2025-12-25T12:23:46.6888071Z   Processing 190/387: 55c4ae18-3e37-4caf-9fdb-9d307970b5f9...
2025-12-25T12:23:46.6888540Z   ‚ùå Error processing 55c4ae18-3e37-4caf-9fdb-9d307970b5f9: File is not a zip file
2025-12-25T12:23:46.6888931Z   Processing 191/387: 56078729-5700-4ae1-8b50-199700924dd7...
2025-12-25T12:23:46.6889375Z   ‚ùå Error processing 56078729-5700-4ae1-8b50-199700924dd7: File is not a zip file
2025-12-25T12:23:46.6889760Z   Processing 192/387: 56900a58-b586-41e5-8b66-c9a006a79a9b...
2025-12-25T12:23:46.6890222Z   ‚ùå Error processing 56900a58-b586-41e5-8b66-c9a006a79a9b: File is not a zip file
2025-12-25T12:23:46.6890606Z   Processing 193/387: 56f365e5-0a23-4f69-e054-00144ff8d46c...
2025-12-25T12:23:46.6891065Z   ‚ùå Error processing 56f365e5-0a23-4f69-e054-00144ff8d46c: File is not a zip file
2025-12-25T12:23:46.6891460Z   Processing 194/387: 59bb84d6-6fd3-4586-bccf-7dc45cbbb39c...
2025-12-25T12:23:46.6891928Z   ‚ùå Error processing 59bb84d6-6fd3-4586-bccf-7dc45cbbb39c: File is not a zip file
2025-12-25T12:23:46.6892332Z   Processing 195/387: 5b6cd5ba-bdca-434e-b024-0089aeeec6a1...
2025-12-25T12:23:46.6892793Z   ‚ùå Error processing 5b6cd5ba-bdca-434e-b024-0089aeeec6a1: File is not a zip file
2025-12-25T12:23:46.6893187Z   Processing 196/387: 5c9d90c1-0381-4237-9529-398fa51b3ab4...
2025-12-25T12:23:46.6893634Z   ‚ùå Error processing 5c9d90c1-0381-4237-9529-398fa51b3ab4: File is not a zip file
2025-12-25T12:23:46.6894036Z   Processing 197/387: 5cc3fd98-d579-432e-a4b5-b6d5586991a6...
2025-12-25T12:23:46.6894655Z   ‚ùå Error processing 5cc3fd98-d579-432e-a4b5-b6d5586991a6: File is not a zip file
2025-12-25T12:23:46.6895060Z   Processing 198/387: 5ddba454-f3e6-43c2-a7a6-58365d297213...
2025-12-25T12:23:46.6895518Z   ‚ùå Error processing 5ddba454-f3e6-43c2-a7a6-58365d297213: File is not a zip file
2025-12-25T12:23:46.6895919Z   Processing 199/387: 5e5926a7-1de0-4b54-a5c0-286b6200ff82...
2025-12-25T12:23:46.6896381Z   ‚ùå Error processing 5e5926a7-1de0-4b54-a5c0-286b6200ff82: File is not a zip file
2025-12-25T12:23:46.6896769Z   Processing 200/387: 60c788d1-6c91-4456-848a-893e649e90be...
2025-12-25T12:23:46.6897224Z   ‚ùå Error processing 60c788d1-6c91-4456-848a-893e649e90be: File is not a zip file
2025-12-25T12:23:46.6897813Z   Processing 201/387: 61bbbb6a-9997-4df1-94be-a80686d1f1b9...
2025-12-25T12:23:46.6898293Z   ‚ùå Error processing 61bbbb6a-9997-4df1-94be-a80686d1f1b9: File is not a zip file
2025-12-25T12:23:46.6898702Z   Processing 202/387: 62de7345-613b-4838-96e5-aceca3cea6b2...
2025-12-25T12:23:46.6899169Z   ‚ùå Error processing 62de7345-613b-4838-96e5-aceca3cea6b2: File is not a zip file
2025-12-25T12:23:46.6899573Z   Processing 203/387: 650daa9f-aeec-49ce-95b9-5fa20b988afd...
2025-12-25T12:23:46.6900044Z   ‚ùå Error processing 650daa9f-aeec-49ce-95b9-5fa20b988afd: File is not a zip file
2025-12-25T12:23:46.6900444Z   Processing 204/387: 66e76ab2-360c-4738-8424-c89c81007d83...
2025-12-25T12:23:46.6900900Z   ‚ùå Error processing 66e76ab2-360c-4738-8424-c89c81007d83: File is not a zip file
2025-12-25T12:23:46.6901300Z   Processing 205/387: 67919c2c-2f8a-4bbb-bef5-0cd6c1e63a16...
2025-12-25T12:23:46.6901771Z   ‚ùå Error processing 67919c2c-2f8a-4bbb-bef5-0cd6c1e63a16: File is not a zip file
2025-12-25T12:23:46.6902178Z   Processing 206/387: 680563fe-5d3a-49bc-86a5-740bda2acebe...
2025-12-25T12:23:46.6902641Z   ‚ùå Error processing 680563fe-5d3a-49bc-86a5-740bda2acebe: File is not a zip file
2025-12-25T12:23:46.6903035Z   Processing 207/387: 68aa4b7f-3f13-4e73-b572-aa6c11a8429c...
2025-12-25T12:23:46.6903505Z   ‚ùå Error processing 68aa4b7f-3f13-4e73-b572-aa6c11a8429c: File is not a zip file
2025-12-25T12:23:46.6903895Z   Processing 208/387: 69699d40-4a64-4337-8664-e4e093437fbf...
2025-12-25T12:23:46.6904343Z   ‚ùå Error processing 69699d40-4a64-4337-8664-e4e093437fbf: File is not a zip file
2025-12-25T12:23:46.6904736Z   Processing 209/387: 699f1195-7186-4f0f-ace7-83debcfa4072...
2025-12-25T12:23:46.6905322Z   ‚ùå Error processing 699f1195-7186-4f0f-ace7-83debcfa4072: File is not a zip file
2025-12-25T12:23:46.6905721Z   Processing 210/387: 69eef888-0044-485c-96a1-247ed1204858...
2025-12-25T12:23:46.6906178Z   ‚ùå Error processing 69eef888-0044-485c-96a1-247ed1204858: File is not a zip file
2025-12-25T12:23:46.6906561Z   Processing 211/387: 6a407092-4b71-4156-b4ad-930782b5fb43...
2025-12-25T12:23:46.6907013Z   ‚ùå Error processing 6a407092-4b71-4156-b4ad-930782b5fb43: File is not a zip file
2025-12-25T12:23:46.6907586Z   Processing 212/387: 6b500780-f45c-477c-8371-3b60e3305000...
2025-12-25T12:23:46.6908089Z   ‚ùå Error processing 6b500780-f45c-477c-8371-3b60e3305000: File is not a zip file
2025-12-25T12:23:46.6908480Z   Processing 213/387: 6e63e29a-eb50-1790-e053-2a91aa0a3616...
2025-12-25T12:23:46.6908938Z   ‚ùå Error processing 6e63e29a-eb50-1790-e053-2a91aa0a3616: File is not a zip file
2025-12-25T12:23:46.6909326Z   Processing 214/387: 7058e4d5-a308-46e0-915a-2a4f48689909...
2025-12-25T12:23:46.6909787Z   ‚ùå Error processing 7058e4d5-a308-46e0-915a-2a4f48689909: File is not a zip file
2025-12-25T12:23:46.6910165Z   Processing 215/387: 7092df48-4904-4047-9916-e585417a216f...
2025-12-25T12:23:46.6910615Z   ‚ùå Error processing 7092df48-4904-4047-9916-e585417a216f: File is not a zip file
2025-12-25T12:23:46.6911001Z   Processing 216/387: 70d0a429-27c1-43a5-b2ea-a9919e0910f8...
2025-12-25T12:23:46.6911448Z   ‚ùå Error processing 70d0a429-27c1-43a5-b2ea-a9919e0910f8: File is not a zip file
2025-12-25T12:23:46.6911842Z   Processing 217/387: 71fec9ef-d9f0-408d-bdb2-04638750ebcc...
2025-12-25T12:23:46.6912450Z   ‚ùå Error processing 71fec9ef-d9f0-408d-bdb2-04638750ebcc: File is not a zip file
2025-12-25T12:23:46.6912849Z   Processing 218/387: 72ad22ae-efe6-4cd6-a302-98aaee423d69...
2025-12-25T12:23:46.6913317Z   ‚ùå Error processing 72ad22ae-efe6-4cd6-a302-98aaee423d69: File is not a zip file
2025-12-25T12:23:46.6913716Z   Processing 219/387: 72bc5dd6-6052-4483-9b13-afdeaaa8cc69...
2025-12-25T12:23:46.6914178Z   ‚ùå Error processing 72bc5dd6-6052-4483-9b13-afdeaaa8cc69: File is not a zip file
2025-12-25T12:23:46.6914574Z   Processing 220/387: 73dc5f91-d562-44c5-a556-66c96ed1dd82...
2025-12-25T12:23:46.6915028Z   ‚ùå Error processing 73dc5f91-d562-44c5-a556-66c96ed1dd82: File is not a zip file
2025-12-25T12:23:46.6915418Z   Processing 221/387: 746650b8-74b7-43f0-bdfc-62a68764f936...
2025-12-25T12:23:46.6915872Z   ‚ùå Error processing 746650b8-74b7-43f0-bdfc-62a68764f936: File is not a zip file
2025-12-25T12:23:46.6916266Z   Processing 222/387: 771b860f-3f6c-4c9e-b70b-0349a4fc3f56...
2025-12-25T12:23:46.6916725Z   ‚ùå Error processing 771b860f-3f6c-4c9e-b70b-0349a4fc3f56: File is not a zip file
2025-12-25T12:23:46.6917129Z   Processing 223/387: 77a8d96c-37df-4f3a-9757-b2d4131ff82b...
2025-12-25T12:23:46.6917763Z   ‚ùå Error processing 77a8d96c-37df-4f3a-9757-b2d4131ff82b: File is not a zip file
2025-12-25T12:23:46.6918165Z   Processing 224/387: 7835d2b0-8e5d-4d3f-a95f-9252fb65025b...
2025-12-25T12:23:46.6918628Z   ‚ùå Error processing 7835d2b0-8e5d-4d3f-a95f-9252fb65025b: File is not a zip file
2025-12-25T12:23:46.6919014Z   Processing 225/387: 7905e80f-b60b-48e8-8e63-a3e50211bfe4...
2025-12-25T12:23:46.6919468Z   ‚ùå Error processing 7905e80f-b60b-48e8-8e63-a3e50211bfe4: File is not a zip file
2025-12-25T12:23:46.6919866Z   Processing 226/387: 7a5644b9-4368-4e9a-aa22-b3307acf43cc...
2025-12-25T12:24:11.9694699Z   ‚ùå Error processing 7a5644b9-4368-4e9a-aa22-b3307acf43cc: File is not a zip file
2025-12-25T12:24:11.9695922Z   Processing 227/387: 7b972ddd-ccbb-4e3d-9ba9-4a5c7708f034...
2025-12-25T12:24:11.9697100Z   ‚ùå Error processing 7b972ddd-ccbb-4e3d-9ba9-4a5c7708f034: File is not a zip file
2025-12-25T12:24:11.9698443Z   Processing 228/387: 7c44fb4e-0eef-4ced-b03f-a02ebe6c0264...
2025-12-25T12:24:11.9699389Z   ‚ùå Error processing 7c44fb4e-0eef-4ced-b03f-a02ebe6c0264: File is not a zip file
2025-12-25T12:24:11.9700123Z   Processing 229/387: 7d93359c-1849-430d-a922-21d42932d0f3...
2025-12-25T12:24:11.9701287Z   ‚ùå Error processing 7d93359c-1849-430d-a922-21d42932d0f3: File is not a zip file
2025-12-25T12:24:11.9702095Z   Processing 230/387: 7dcd02d7-1ce0-43fc-8f25-2f0bb0caba2f...
2025-12-25T12:24:11.9703052Z   ‚ùå Error processing 7dcd02d7-1ce0-43fc-8f25-2f0bb0caba2f: File is not a zip file
2025-12-25T12:24:11.9703812Z   Processing 231/387: 7f40b439-d826-4a19-b184-702e9bd5a883...
2025-12-25T12:24:11.9704693Z   ‚ùå Error processing 7f40b439-d826-4a19-b184-702e9bd5a883: File is not a zip file
2025-12-25T12:24:11.9705460Z   Processing 232/387: 7f6df893-f404-4b2d-ab2b-696c8a2d36fa...
2025-12-25T12:24:11.9706368Z   ‚ùå Error processing 7f6df893-f404-4b2d-ab2b-696c8a2d36fa: File is not a zip file
2025-12-25T12:24:11.9707663Z   Processing 233/387: 7f98d59c-fc89-545b-e053-2a91aa0a49e6...
2025-12-25T12:24:11.9708647Z   ‚ùå Error processing 7f98d59c-fc89-545b-e053-2a91aa0a49e6: File is not a zip file
2025-12-25T12:24:11.9709423Z   Processing 234/387: 807e5be4-6f87-48b4-8a3b-e4ad1061e706...
2025-12-25T12:24:11.9710331Z   ‚ùå Error processing 807e5be4-6f87-48b4-8a3b-e4ad1061e706: File is not a zip file
2025-12-25T12:24:11.9711120Z   Processing 235/387: 817e804c-e55e-4d77-9ab9-ff54ae794725...
2025-12-25T12:24:11.9712038Z   ‚ùå Error processing 817e804c-e55e-4d77-9ab9-ff54ae794725: File is not a zip file
2025-12-25T12:24:11.9712795Z   Processing 236/387: 82467748-1d43-7653-e053-2a91aa0a2003...
2025-12-25T12:24:11.9713698Z   ‚ùå Error processing 82467748-1d43-7653-e053-2a91aa0a2003: File is not a zip file
2025-12-25T12:24:11.9714187Z   Processing 237/387: 826f0ce5-9862-4f6f-8943-a3f06b07e69f...
2025-12-25T12:24:11.9714681Z   ‚ùå Error processing 826f0ce5-9862-4f6f-8943-a3f06b07e69f: File is not a zip file
2025-12-25T12:24:11.9715106Z   Processing 238/387: 835e276a-493e-1038-e053-2a91aa0a7ea2...
2025-12-25T12:24:11.9715716Z   ‚ùå Error processing 835e276a-493e-1038-e053-2a91aa0a7ea2: File is not a zip file
2025-12-25T12:24:11.9716122Z   Processing 239/387: 85e72943-6989-42f4-b519-a3ebbf4bc777...
2025-12-25T12:24:11.9716582Z   ‚ùå Error processing 85e72943-6989-42f4-b519-a3ebbf4bc777: File is not a zip file
2025-12-25T12:24:11.9716979Z   Processing 240/387: 8606d9b8-4529-4689-8c93-7114c84c2e54...
2025-12-25T12:24:11.9717759Z   ‚ùå Error processing 8606d9b8-4529-4689-8c93-7114c84c2e54: File is not a zip file
2025-12-25T12:24:11.9718513Z   Processing 241/387: 8828d4f5-7b3a-4f1c-8f78-fa820ffa8441...
2025-12-25T12:24:11.9719360Z   ‚ùå Error processing 8828d4f5-7b3a-4f1c-8f78-fa820ffa8441: File is not a zip file
2025-12-25T12:24:11.9719771Z   Processing 242/387: 89fd57d2-fe49-41cb-b02e-9643e526cf47...
2025-12-25T12:24:11.9720250Z   ‚ùå Error processing 89fd57d2-fe49-41cb-b02e-9643e526cf47: File is not a zip file
2025-12-25T12:24:11.9720745Z   Processing 243/387: 8bc4108b-314e-4a52-a37c-631c6b869b04...
2025-12-25T12:24:11.9721213Z   ‚ùå Error processing 8bc4108b-314e-4a52-a37c-631c6b869b04: File is not a zip file
2025-12-25T12:24:11.9721615Z   Processing 244/387: 8c9f68e3-fedc-6457-e053-2995a90a045a...
2025-12-25T12:24:11.9722080Z   ‚ùå Error processing 8c9f68e3-fedc-6457-e053-2995a90a045a: File is not a zip file
2025-12-25T12:24:11.9722489Z   Processing 245/387: 8cb595d2-b7c2-687d-e053-2a95a90a5720...
2025-12-25T12:24:11.9722952Z   ‚ùå Error processing 8cb595d2-b7c2-687d-e053-2a95a90a5720: File is not a zip file
2025-12-25T12:24:11.9723343Z   Processing 246/387: 8cb8030c-b281-315c-e053-2a95a90a36f0...
2025-12-25T12:24:11.9723796Z   ‚ùå Error processing 8cb8030c-b281-315c-e053-2a95a90a36f0: File is not a zip file
2025-12-25T12:24:11.9724199Z   Processing 247/387: 8cd0cd64-fe62-4225-8986-5e8641dd6df2...
2025-12-25T12:24:11.9724656Z   ‚ùå Error processing 8cd0cd64-fe62-4225-8986-5e8641dd6df2: File is not a zip file
2025-12-25T12:24:11.9725059Z   Processing 248/387: 8e24f935-87fe-4b6a-b265-60b1039f38d5...
2025-12-25T12:24:11.9725518Z   ‚ùå Error processing 8e24f935-87fe-4b6a-b265-60b1039f38d5: File is not a zip file
2025-12-25T12:24:11.9725912Z   Processing 249/387: 933154b9-c9d6-4260-8775-1c83631c74e4...
2025-12-25T12:24:11.9726360Z   ‚ùå Error processing 933154b9-c9d6-4260-8775-1c83631c74e4: File is not a zip file
2025-12-25T12:24:11.9726934Z   Processing 250/387: 94461af3-11f1-4670-95d4-2965b9538ae3...
2025-12-25T12:24:11.9727605Z   ‚ùå Error processing 94461af3-11f1-4670-95d4-2965b9538ae3: File is not a zip file
2025-12-25T12:24:11.9728061Z   Processing 251/387: 94a59260-d2b6-464a-b5b9-bbc599e57e10...
2025-12-25T12:24:11.9728548Z   ‚ùå Error processing 94a59260-d2b6-464a-b5b9-bbc599e57e10: File is not a zip file
2025-12-25T12:24:11.9728952Z   Processing 252/387: 94bab0bd-c0b7-42f5-9e3c-911408817aed...
2025-12-25T12:24:11.9729418Z   ‚ùå Error processing 94bab0bd-c0b7-42f5-9e3c-911408817aed: File is not a zip file
2025-12-25T12:24:11.9729952Z   Processing 253/387: 96131c7b-bdff-0642-e053-2a95a90a4f32...
2025-12-25T12:24:11.9730416Z   ‚ùå Error processing 96131c7b-bdff-0642-e053-2a95a90a4f32: File is not a zip file
2025-12-25T12:24:11.9730807Z   Processing 254/387: 97563516-306a-4e17-9690-edbda49ecd83...
2025-12-25T12:24:11.9731256Z   ‚ùå Error processing 97563516-306a-4e17-9690-edbda49ecd83: File is not a zip file
2025-12-25T12:24:11.9731658Z   Processing 255/387: 9846c31c-56ba-4972-8fa1-926ef5601a84...
2025-12-25T12:24:11.9732110Z   ‚ùå Error processing 9846c31c-56ba-4972-8fa1-926ef5601a84: File is not a zip file
2025-12-25T12:24:11.9732501Z   Processing 256/387: 9a105eaf-ee77-4016-beeb-d425a5565db2...
2025-12-25T12:24:11.9732962Z   ‚ùå Error processing 9a105eaf-ee77-4016-beeb-d425a5565db2: File is not a zip file
2025-12-25T12:24:11.9733358Z   Processing 257/387: 9c5fa3e0-3e99-4fe0-86b9-f4d8de230a98...
2025-12-25T12:24:11.9733819Z   ‚ùå Error processing 9c5fa3e0-3e99-4fe0-86b9-f4d8de230a98: File is not a zip file
2025-12-25T12:24:11.9734239Z   Processing 258/387: 9ce26893-c7a1-47e9-98f9-f5d998cac418...
2025-12-25T12:24:11.9734693Z   ‚ùå Error processing 9ce26893-c7a1-47e9-98f9-f5d998cac418: File is not a zip file
2025-12-25T12:24:11.9735078Z   Processing 259/387: 9d666061-f7a8-4318-8db1-b65373689e1d...
2025-12-25T12:24:11.9735522Z   ‚ùå Error processing 9d666061-f7a8-4318-8db1-b65373689e1d: File is not a zip file
2025-12-25T12:24:11.9735917Z   Processing 260/387: a002b40c-097d-47a5-957f-7a7b1807af7f...
2025-12-25T12:24:11.9736367Z   ‚ùå Error processing a002b40c-097d-47a5-957f-7a7b1807af7f: File is not a zip file
2025-12-25T12:24:11.9736764Z   Processing 261/387: a078d9c2-f89c-4f9f-8ded-60ffb2983c3f...
2025-12-25T12:24:11.9737222Z   ‚ùå Error processing a078d9c2-f89c-4f9f-8ded-60ffb2983c3f: File is not a zip file
2025-12-25T12:24:11.9737815Z   Processing 262/387: a0b64dfe-49bc-45d7-9281-9e9d6e296c40...
2025-12-25T12:24:11.9738279Z   ‚ùå Error processing a0b64dfe-49bc-45d7-9281-9e9d6e296c40: File is not a zip file
2025-12-25T12:24:11.9738667Z   Processing 263/387: a1255f60-b9c6-9a95-e053-2995a90a9e80...
2025-12-25T12:24:11.9739124Z   ‚ùå Error processing a1255f60-b9c6-9a95-e053-2995a90a9e80: File is not a zip file
2025-12-25T12:24:11.9739510Z   Processing 264/387: a48a5b44-3812-4544-82d8-660763d76fd3...
2025-12-25T12:24:11.9739949Z   ‚ùå Error processing a48a5b44-3812-4544-82d8-660763d76fd3: File is not a zip file
2025-12-25T12:24:11.9740346Z   Processing 265/387: a48f9f1a-246e-47cb-b9f7-7824e97a27db...
2025-12-25T12:24:11.9740803Z   ‚ùå Error processing a48f9f1a-246e-47cb-b9f7-7824e97a27db: File is not a zip file
385/634: a1062a69-d44b-47a7-83e7-33ffb59577dd...
2025-12-25T12:28:02.2179320Z   ‚ùå Error processing a1062a69-d44b-47a7-83e7-33ffb59577dd: File is not a zip file
2025-12-25T12:28:02.2179711Z   Processing 386/634: a113a9f1-4792-41a5-8d1b-a6756f356e15...
2025-12-25T12:28:02.2180167Z   ‚ùå Error processing a113a9f1-4792-41a5-8d1b-a6756f356e15: File is not a zip file
2025-12-25T12:28:02.2180564Z   Processing 387/634: a1ef9ee6-7f52-4b4d-aee1-fc9932bd90c2...
2025-12-25T12:28:02.2181033Z   ‚ùå Error processing a1ef9ee6-7f52-4b4d-aee1-fc9932bd90c2: File is not a zip file
2025-12-25T12:28:02.2181548Z   Processing 388/634: a2032bcc-2da5-45e5-aa3f-ddbf50909df8...
2025-12-25T12:28:02.2182013Z   ‚ùå Error processing a2032bcc-2da5-45e5-aa3f-ddbf50909df8: File is not a zip file
2025-12-25T12:28:02.2182413Z   Processing 389/634: a2cc631e-13a6-40c2-acf9-065ccedfb90a...
2025-12-25T12:28:02.2182876Z   ‚ùå Error processing a2cc631e-13a6-40c2-acf9-065ccedfb90a: File is not a zip file
2025-12-25T12:28:02.2183282Z   Processing 390/634: a2cf512d-5a25-4ab3-e053-2995a90a125e...
2025-12-25T12:28:02.2183733Z   ‚ùå Error processing a2cf512d-5a25-4ab3-e053-2995a90a125e: File is not a zip file
2025-12-25T12:28:02.2184132Z   Processing 391/634: a315ed9c-bc19-40e9-85ab-50ac1daa5449...
2025-12-25T12:28:02.2184590Z   ‚ùå Error processing a315ed9c-bc19-40e9-85ab-50ac1daa5449: File is not a zip file
2025-12-25T12:28:02.2184985Z   Processing 392/634: a39864a3-2407-7b7e-e053-2a95a90ab92f...
2025-12-25T12:28:02.2185461Z   ‚ùå Error processing a39864a3-2407-7b7e-e053-2a95a90ab92f: File is not a zip file
2025-12-25T12:28:02.2185852Z   Processing 393/634: a39919d5-84db-05df-e053-2995a90ab1d2...
2025-12-25T12:28:02.2186312Z   ‚ùå Error processing a39919d5-84db-05df-e053-2995a90ab1d2: File is not a zip file
2025-12-25T12:28:02.2186713Z   Processing 394/634: a3c1a61b-88fc-419c-e053-2a95a90ac0c3...
2025-12-25T12:28:02.2187172Z   ‚ùå Error processing a3c1a61b-88fc-419c-e053-2a95a90ac0c3: File is not a zip file
2025-12-25T12:28:02.2187747Z   Processing 395/634: a53cfdd8-ca99-47a9-827d-1b06a0329878...
2025-12-25T12:28:02.2188230Z   ‚ùå Error processing a53cfdd8-ca99-47a9-827d-1b06a0329878: File is not a zip file
2025-12-25T12:28:02.2188626Z   Processing 396/634: a5652d5b-43fd-5bfa-e053-2995a90aad6c...
2025-12-25T12:28:02.2189088Z   ‚ùå Error processing a5652d5b-43fd-5bfa-e053-2995a90aad6c: File is not a zip file
2025-12-25T12:28:02.2189483Z   Processing 397/634: a56791ec-0037-51a3-e053-2995a90af761...
2025-12-25T12:28:02.2196837Z   ‚ùå Error processing a56791ec-0037-51a3-e053-2995a90af761: File is not a zip file
2025-12-25T12:28:02.2197339Z   Processing 398/634: a567dc6f-bd83-b9f5-e053-2995a90a05ee...
2025-12-25T12:28:02.2198104Z   ‚ùå Error processing a567dc6f-bd83-b9f5-e053-2995a90a05ee: File is not a zip file
2025-12-25T12:28:02.2198534Z   Processing 399/634: a568fd1e-9bf0-3c03-e053-2a95a90a45b7...
2025-12-25T12:28:27.6182046Z   ‚ùå Error processing a568fd1e-9bf0-3c03-e053-2a95a90a45b7: File is not a zip file
2025-12-25T12:28:27.6182873Z   Processing 400/634: a63ea887-cbe0-4a04-ad62-4d3a87ece113...
2025-12-25T12:28:27.6183764Z   ‚ùå Error processing a63ea887-cbe0-4a04-ad62-4d3a87ece113: File is not a zip file
2025-12-25T12:28:27.6184496Z   Processing 401/634: a733e905-af15-d3ea-e053-2a95a90aa7c3...
2025-12-25T12:28:27.6185340Z   ‚ùå Error processing a733e905-af15-d3ea-e053-2a95a90aa7c3: File is not a zip file
2025-12-25T12:28:27.6186041Z   Processing 402/634: a742449f-c76b-2b91-e053-2a95a90ae4d2...
2025-12-25T12:28:27.6186864Z   ‚ùå Error processing a742449f-c76b-2b91-e053-2a95a90ae4d2: File is not a zip file
2025-12-25T12:28:27.6187854Z   Processing 403/634: a7d2eaee-484e-43aa-8ae3-0e050219383f...
2025-12-25T12:28:27.6188822Z   ‚ùå Error processing a7d2eaee-484e-43aa-8ae3-0e050219383f: File is not a zip file
2025-12-25T12:28:27.6189629Z   Processing 404/634: a7d8c872-14ac-46a2-95bf-2f0788d96952...
2025-12-25T12:28:27.6190518Z   ‚ùå Error processing a7d8c872-14ac-46a2-95bf-2f0788d96952: File is not a zip file
2025-12-25T12:28:27.6191267Z   Processing 405/634: a8037741-ec57-43e7-adb4-2a93941ee108...
2025-12-25T12:28:27.6192456Z   ‚ùå Error processing a8037741-ec57-43e7-adb4-2a93941ee108: File is not a zip file
2025-12-25T12:28:27.6193271Z   Processing 406/634: a89af40e-cf45-4afc-aac7-5f71a05bcd3f...
2025-12-25T12:28:27.6194230Z   ‚ùå Error processing a89af40e-cf45-4afc-aac7-5f71a05bcd3f: File is not a zip file
2025-12-25T12:28:27.6195015Z   Processing 407/634: a8ba3986-1ded-44a8-8d10-d0f252a07794...
2025-12-25T12:28:27.6195913Z   ‚ùå Error processing a8ba3986-1ded-44a8-8d10-d0f252a07794: File is not a zip file
2025-12-25T12:28:27.6196688Z   Processing 408/634: a8f95207-b259-4f50-87f2-3652d9268890...
2025-12-25T12:28:27.6198094Z   ‚ùå Error processing a8f95207-b259-4f50-87f2-3652d9268890: File is not a zip file
2025-12-25T12:28:27.6198877Z   Processing 409/634: a90cd1f1-5258-4b0e-92fd-c4cebe47772b...
2025-12-25T12:28:27.6199832Z   ‚ùå Error processing a90cd1f1-5258-4b0e-92fd-c4cebe47772b: File is not a zip file
2025-12-25T12:28:27.6200297Z   Processing 410/634: aa0fb895-a867-4482-9bc2-16eee8bfaaa0...
2025-12-25T12:28:27.6200803Z   ‚ùå Error processing aa0fb895-a867-4482-9bc2-16eee8bfaaa0: File is not a zip file
2025-12-25T12:28:27.6201223Z   Processing 411/634: aad3ba54-dfd3-4cb3-9e2b-c5ef89559189...
2025-12-25T12:28:27.6201702Z   ‚ùå Error processing aad3ba54-dfd3-4cb3-9e2b-c5ef89559189: File is not a zip file
2025-12-25T12:28:27.6202254Z   Processing 412/634: ab9634bd-4226-2f73-e053-2995a90a802f...
2025-12-25T12:28:27.6202720Z   ‚ùå Error processing ab9634bd-4226-2f73-e053-2995a90a802f: File is not a zip file
2025-12-25T12:28:27.6203125Z   Processing 413/634: ababc2ad-0458-663e-e053-2a95a90a5a86...
2025-12-25T12:28:27.6204010Z   ‚ùå Error processing ababc2ad-0458-663e-e053-2a95a90a5a86: File is not a zip file
2025-12-25T12:28:27.6204781Z   Processing 414/634: ac0e5dc0-96eb-47b2-e053-2995a90add0e...
2025-12-25T12:28:27.6205323Z   ‚ùå Error processing ac0e5dc0-96eb-47b2-e053-2995a90add0e: File is not a zip file
2025-12-25T12:28:27.6205744Z   Processing 415/634: ac0e96d0-746e-fb42-e053-2a95a90a1957...
2025-12-25T12:28:27.6206241Z   ‚ùå Error processing ac0e96d0-746e-fb42-e053-2a95a90a1957: File is not a zip file
2025-12-25T12:28:27.6206705Z   Processing 416/634: ac0f8d5c-d200-1156-e053-2a95a90aece6...
2025-12-25T12:28:27.6207169Z   ‚ùå Error processing ac0f8d5c-d200-1156-e053-2a95a90aece6: File is not a zip file
2025-12-25T12:28:27.6207811Z   Processing 417/634: ac2ade1e-ac11-4b09-a754-524d63eaeea0...
2025-12-25T12:28:27.6208293Z   ‚ùå Error processing ac2ade1e-ac11-4b09-a754-524d63eaeea0: File is not a zip file
2025-12-25T12:28:27.6208701Z   Processing 418/634: ac674e5a-94df-4a35-9854-4e66cc17e509...
2025-12-25T12:28:27.6209173Z   ‚ùå Error processing ac674e5a-94df-4a35-9854-4e66cc17e509: File is not a zip file
2025-12-25T12:28:27.6209574Z   Processing 419/634: adadc041-8d5e-4bf8-a89b-e227729a880d...
2025-12-25T12:28:27.6210042Z   ‚ùå Error processing adadc041-8d5e-4bf8-a89b-e227729a880d: File is not a zip file
2025-12-25T12:28:27.6210438Z   Processing 420/634: add44e98-a042-4e38-b870-beb36693805b...
2025-12-25T12:28:27.6210906Z   ‚ùå Error processing add44e98-a042-4e38-b870-beb36693805b: File is not a zip file
2025-12-25T12:28:27.6211303Z   Processing 421/634: ae7ca27f-7806-452e-9935-4a4abc37a5eb...
2025-12-25T12:28:27.6211760Z   ‚ùå Error processing ae7ca27f-7806-452e-9935-4a4abc37a5eb: File is not a zip file
2025-12-25T12:28:27.6212162Z   Processing 422/634: afc90983-eeda-4440-87a9-7ffc0d12fda6...
2025-12-25T12:28:27.6212624Z   ‚ùå Error processing afc90983-eeda-4440-87a9-7ffc0d12fda6: File is not a zip file
2025-12-25T12:28:27.6213023Z   Processing 423/634: b098aba3-dad6-4421-a943-e88ce5e2f8d6...
2025-12-25T12:28:27.6213489Z   ‚ùå Error processing b098aba3-dad6-4421-a943-e88ce5e2f8d6: File is not a zip file
2025-12-25T12:28:27.6213889Z   Processing 424/634: b1307d52-10e6-46e1-e053-2995a90a03b6...
2025-12-25T12:28:27.6214337Z   ‚ùå Error processing b1307d52-10e6-46e1-e053-2995a90a03b6: File is not a zip file
2025-12-25T12:28:27.6214736Z   Processing 425/634: b1cb1314-d3e0-4b44-a1df-de14c32e8cc6...
2025-12-25T12:28:27.6215369Z   ‚ùå Error processing b1cb1314-d3e0-4b44-a1df-de14c32e8cc6: File is not a zip file
2025-12-25T12:28:27.6215777Z   Processing 426/634: b2d5cccd-e5ff-2909-e053-2a95a90a9773...
2025-12-25T12:28:27.6216246Z   ‚ùå Error processing b2d5cccd-e5ff-2909-e053-2a95a90a9773: File is not a zip file
2025-12-25T12:28:27.6216639Z   Processing 427/634: b3260833-8b7c-4d88-a55a-8cef4938442d...
2025-12-25T12:28:27.6217098Z   ‚ùå Error processing b3260833-8b7c-4d88-a55a-8cef4938442d: File is not a zip file
2025-12-25T12:28:27.6217669Z   Processing 428/634: b375de90-25c7-aa55-e053-2995a90a3cf8...
2025-12-25T12:28:27.6218133Z   ‚ùå Error processing b375de90-25c7-aa55-e053-2995a90a3cf8: File is not a zip file
2025-12-25T12:28:27.6218661Z   Processing 429/634: b3763182-2428-155a-e053-2995a90ab578...
2025-12-25T12:28:27.6219111Z   ‚ùå Error processing b3763182-2428-155a-e053-2995a90ab578: File is not a zip file
2025-12-25T12:28:27.6219495Z   Processing 430/634: b4caa2bc-8118-4137-8834-25800f8e5e01...
2025-12-25T12:28:27.6219956Z   ‚ùå Error processing b4caa2bc-8118-4137-8834-25800f8e5e01: File is not a zip file
2025-12-25T12:28:27.6220347Z   Processing 431/634: b5f6d869-6875-4c82-9311-98a148790c0b...
2025-12-25T12:28:27.6220791Z   ‚ùå Error processing b5f6d869-6875-4c82-9311-98a148790c0b: File is not a zip file
2025-12-25T12:28:27.6221191Z   Processing 432/634: b607827c-07d1-4ec6-be94-5c25aecc12b3...
2025-12-25T12:28:27.6221645Z   ‚ùå Error processing b607827c-07d1-4ec6-be94-5c25aecc12b3: File is not a zip file
2025-12-25T12:28:27.6222045Z   Processing 433/634: b6095639-e2ee-418e-b4f1-e59da1bd9216...
2025-12-25T12:28:27.6222504Z   ‚ùå Error processing b6095639-e2ee-418e-b4f1-e59da1bd9216: File is not a zip file
2025-12-25T12:28:27.6222901Z   Processing 434/634: b60e6572-0624-40c5-e053-2995a90ade48...
2025-12-25T12:28:27.6223351Z   ‚ùå Error processing b60e6572-0624-40c5-e053-2995a90ade48: File is not a zip file
2025-12-25T12:28:27.6223749Z   Processing 435/634: b63c4c7d-3dbf-419d-84cc-2c1957b92be7...
2025-12-25T12:28:27.6224207Z   ‚ùå Error processing b63c4c7d-3dbf-419d-84cc-2c1957b92be7: File is not a zip file
2025-12-25T12:28:27.6224616Z   Processing 436/634: b6704e31-9e4a-a0d7-e053-2995a90a3a6d...
2025-12-25T12:28:27.6225074Z   ‚ùå Error processing b6704e31-9e4a-a0d7-e053-2995a90a3a6d: File is not a zip file
2025-12-25T12:28:27.6225464Z   Processing 437/634: b698b310-a794-e7f3-e053-2a95a90a47c4...
2025-12-25T12:28:27.6225916Z   ‚ùå Error processing b698b310-a794-e7f3-e053-2a95a90a47c4: File is not a zip file
2025-12-25T12:28:27.6226313Z   Processing 438/634: b774c8e6-e68e-4a13-834d-7eba34c5c3e0...
2025-12-25T12:28:27.6226768Z   ‚ùå Error processing b774c8e6-e68e-4a13-834d-7eba34c5c3e0: File is not a zip file
2025-12-25T12:28:27.6227171Z   Processing 439/634: b8a23a29-2541-4987-a534-17a6369a6c8d...
2025-12-25T12:28:27.6227835Z   ‚ùå Error processing b8a23a29-2541-4987-a534-17a6369a6c8d: File is not a zip file
2025-12-25T12:28:27.6228239Z   Processing 440/634: b8a77b7e-e161-b3ac-e053-2995a90af3e8...
2025-12-25T12:28:27.6228705Z   ‚ùå Error processing b8a77b7e-e161-b3ac-e053-2995a90af3e8: File is not a zip file
2025-12-25T12:28:27.6229111Z   Processing 441/634: b8a855ae-c0a3-0b05-e053-2a95a90ac8a8...
2025-12-25T12:28:27.6229580Z   ‚ùå Error processing b8a855ae-c0a3-0b05-e053-2a95a90ac8a8: File is not a zip file
2025-12-25T12:28:27.6229977Z   Processing 442/634: b8be31d6-a212-4132-a9e5-f41fc1b2798c...
2025-12-25T12:28:27.6230432Z   ‚ùå Error processing b8be31d6-a212-4132-a9e5-f41fc1b2798c: File is not a zip file
2025-12-25T12:28:27.6230827Z   Processing 443/634: bb47b839-3f49-4818-a62c-b6d2b09b15dc...
2025-12-25T12:28:27.6231288Z   ‚ùå Error processing bb47b839-3f49-4818-a62c-b6d2b09b15dc: File is not a zip file
2025-12-25T12:28:27.6231683Z   Processing 444/634: bb635329-47ce-47a5-b18d-124d58a03e79...
2025-12-25T12:28:27.6232141Z   ‚ùå Error processing bb635329-47ce-47a5-b18d-124d58a03e79: File is not a zip file
2025-12-25T12:28:27.6232535Z   Processing 445/634: bca8d3d7-5463-0bf9-e053-2a95a90a4e73...
2025-12-25T12:28:27.6232987Z   ‚ùå Error processing bca8d3d7-5463-0bf9-e053-2a95a90a4e73: File is not a zip file
2025-12-25T12:28:27.6233524Z   Processing 446/634: bdac694e-ab2a-376d-e053-2a95a90a9467...
2025-12-25T12:28:27.6233991Z   ‚ùå Error processing bdac694e-ab2a-376d-e053-2a95a90a9467: File is not a zip file
2025-12-25T12:28:27.6234389Z   Processing 447/634: bdaf7359-8698-87d6-e053-2a95a90ada28...
2025-12-25T12:28:27.6234843Z   ‚ùå Error processing bdaf7359-8698-87d6-e053-2a95a90ada28: File is not a zip file
2025-12-25T12:28:27.6235240Z   Processing 448/634: bdcdee99-c0e8-4b8c-a0cc-009ecb1ddaae...
2025-12-25T12:28:27.6235715Z   ‚ùå Error processing bdcdee99-c0e8-4b8c-a0cc-009ecb1ddaae: File is not a zip file
2025-12-25T12:28:27.6236234Z   Processing 449/634: bdde7502-6218-401c-9a4f-dd3bc3a80f72...
2025-12-25T12:28:27.6236690Z   ‚ùå Error processing bdde7502-6218-401c-9a4f-dd3bc3a80f72: File is not a zip file
2025-12-25T12:28:27.6237088Z   Processing 450/634: be4a5c1d-0b7f-7568-e053-2a95a90a3a4f...
2025-12-25T12:28:27.6237734Z   ‚ùå Error processing be4a5c1d-0b7f-7568-e053-2a95a90a3a4f: File is not a zip file
2025-12-25T12:28:27.6238149Z   Processing 451/634: beb14aca-eede-6113-e053-2a95a90a0274...
2025-12-25T12:28:27.6238620Z   ‚ùå Error processing beb14aca-eede-6113-e053-2a95a90a0274: File is not a zip file
2025-12-25T12:28:27.6239019Z   Processing 452/634: bf7d668c-752a-2eee-e053-2a95a90add16...
2025-12-25T12:28:27.6239482Z   ‚ùå Error processing bf7d668c-752a-2eee-e053-2a95a90add16: File is not a zip file
2025-12-25T12:28:27.6239882Z   Processing 453/634: c0047bea-31db-4a2e-bf75-4c65000d4048...
2025-12-25T12:28:27.6240340Z   ‚ùå Error processing c0047bea-31db-4a2e-bf75-4c65000d4048: File is not a zip file
2025-12-25T12:28:27.6240744Z   Processing 454/634: c07c7853-763b-4383-e053-2995a90ab725...
2025-12-25T12:28:27.6241194Z   ‚ùå Error processing c07c7853-763b-4383-e053-2995a90ab725: File is not a zip file
2025-12-25T12:28:27.6241583Z   Processing 455/634: c07d6b50-1d67-ea7f-e053-2a95a90afbe4...
2025-12-25T12:28:52.9466072Z   ‚ùå Error processing c07d6b50-1d67-ea7f-e053-2a95a90afbe4: File is not a zip file
2025-12-25T12:28:52.9466877Z   Processing 456/634: c07e1058-903b-fd47-e053-2995a90afdab...
2025-12-25T12:28:52.9467638Z   ‚ùå Error processing c07e1058-903b-fd47-e053-2995a90afdab: File is not a zip file
2025-12-25T12:28:52.9468088Z   Processing 457/634: c0ef05d5-3fc8-4fb4-bf5b-c219ff17b092...
2025-12-25T12:28:52.9468590Z   ‚ùå Error processing c0ef05d5-3fc8-4fb4-bf5b-c219ff17b092: File is not a zip file
2025-12-25T12:28:52.9469005Z   Processing 458/634: c0f80b84-0dd5-416b-abdf-8a0412e0b40b...
2025-12-25T12:28:52.9469479Z   ‚ùå Error processing c0f80b84-0dd5-416b-abdf-8a0412e0b40b: File is not a zip file
2025-12-25T12:28:52.9469901Z   Processing 459/634: c0fa32fe-faa7-4a47-906c-14db01e55d47...
2025-12-25T12:28:52.9470365Z   ‚ùå Error processing c0fa32fe-faa7-4a47-906c-14db01e55d47: File is not a zip file
2025-12-25T12:28:52.9470766Z   Processing 460/634: c2c6d6a1-b492-506d-e053-2995a90aac23...
2025-12-25T12:28:52.9471221Z   ‚ùå Error processing c2c6d6a1-b492-506d-e053-2995a90aac23: File is not a zip file
2025-12-25T12:28:52.9471617Z   Processing 461/634: c32c8cbd-5775-afe3-e053-2995a90a81cb...
2025-12-25T12:28:52.9472087Z   ‚ùå Error processing c32c8cbd-5775-afe3-e053-2995a90a81cb: File is not a zip file
2025-12-25T12:28:52.9472489Z   Processing 462/634: c340c5ef-e15d-53ce-e053-2995a90a73e7...
2025-12-25T12:28:52.9472953Z   ‚ùå Error processing c340c5ef-e15d-53ce-e053-2995a90a73e7: File is not a zip file
2025-12-25T12:28:52.9473354Z   Processing 463/634: c37c7599-58b6-58bb-e053-2a95a90af1cf...
2025-12-25T12:28:52.9473806Z   ‚ùå Error processing c37c7599-58b6-58bb-e053-2a95a90af1cf: File is not a zip file
2025-12-25T12:28:52.9474202Z   Processing 464/634: c6027cde-b9fe-e593-e053-2995a90ac2c1...
2025-12-25T12:28:52.9474669Z   ‚ùå Error processing c6027cde-b9fe-e593-e053-2995a90ac2c1: File is not a zip file
2025-12-25T12:28:52.9475063Z   Processing 465/634: c6080942-dee6-423e-b688-1272c2ae90d4...
2025-12-25T12:28:52.9475519Z   ‚ùå Error processing c6080942-dee6-423e-b688-1272c2ae90d4: File is not a zip file
2025-12-25T12:28:52.9476156Z   Processing 466/634: c6fa4129-2f92-4179-ac5d-bb7b4a538789...
2025-12-25T12:28:52.9476626Z   ‚ùå Error processing c6fa4129-2f92-4179-ac5d-bb7b4a538789: File is not a zip file
2025-12-25T12:28:52.9477023Z   Processing 467/634: c728edf3-e6b5-4860-b966-39cf3ee4ff77...
2025-12-25T12:28:52.9477600Z   ‚ùå Error processing c728edf3-e6b5-4860-b966-39cf3ee4ff77: File is not a zip file
2025-12-25T12:28:52.9477994Z   Processing 468/634: c790f283-9798-40ee-bf5f-dadd1968c336...
2025-12-25T12:28:52.9478457Z   ‚ùå Error processing c790f283-9798-40ee-bf5f-dadd1968c336: File is not a zip file
2025-12-25T12:28:52.9478869Z   Processing 469/634: c7924d60-03fb-4a4d-b718-e324f6f1f65f...
2025-12-25T12:28:52.9479499Z   ‚ùå Error processing c7924d60-03fb-4a4d-b718-e324f6f1f65f: File is not a zip file
2025-12-25T12:28:52.9479902Z   Processing 470/634: c7bc3942-6943-2ea5-e053-2a95a90a42a9...
2025-12-25T12:28:52.9480361Z   ‚ùå Error processing c7bc3942-6943-2ea5-e053-2a95a90a42a9: File is not a zip file
2025-12-25T12:28:52.9480754Z   Processing 471/634: c87e5201-f7fd-4fd9-adeb-d6af9be00db6...
2025-12-25T12:28:52.9481228Z   ‚ùå Error processing c87e5201-f7fd-4fd9-adeb-d6af9be00db6: File is not a zip file
2025-12-25T12:28:52.9481624Z   Processing 472/634: c95e82e4-74fb-9dbf-e053-2a95a90a93e5...
2025-12-25T12:28:52.9482083Z   ‚ùå Error processing c95e82e4-74fb-9dbf-e053-2a95a90a93e5: File is not a zip file
2025-12-25T12:28:52.9482478Z   Processing 473/634: c9c44c37-bb49-4364-9293-3c8fd51b759e...
2025-12-25T12:28:52.9482928Z   ‚ùå Error processing c9c44c37-bb49-4364-9293-3c8fd51b759e: File is not a zip file
2025-12-25T12:28:52.9483323Z   Processing 474/634: cacb463d-85a5-479b-8f03-add5fadab509...
2025-12-25T12:28:52.9483794Z   ‚ùå Error processing cacb463d-85a5-479b-8f03-add5fadab509: File is not a zip file
2025-12-25T12:28:52.9484207Z   Processing 475/634: caf07d84-d3f3-eef2-e053-2a95a90aa511...
2025-12-25T12:28:52.9484685Z   ‚ùå Error processing caf07d84-d3f3-eef2-e053-2a95a90aa511: File is not a zip file
2025-12-25T12:28:52.9485077Z   Processing 476/634: cb0765cb-f48e-4daa-97b8-2897a2d95587...
2025-12-25T12:28:52.9485542Z   ‚ùå Error processing cb0765cb-f48e-4daa-97b8-2897a2d95587: File is not a zip file
2025-12-25T12:28:52.9485937Z   Processing 477/634: cb24d714-f6cd-4518-b146-627cfe6c2ccd...
2025-12-25T12:28:52.9486393Z   ‚ùå Error processing cb24d714-f6cd-4518-b146-627cfe6c2ccd: File is not a zip file
2025-12-25T12:28:52.9486791Z   Processing 478/634: cb966bcb-3af7-4dbe-b540-58d473b891e5...
2025-12-25T12:28:52.9487247Z   ‚ùå Error processing cb966bcb-3af7-4dbe-b540-58d473b891e5: File is not a zip file
2025-12-25T12:28:52.9487757Z   Processing 479/634: cc9a0cd2-6fb9-47ab-8e39-146d2fa361c2...
2025-12-25T12:28:52.9488228Z   ‚ùå Error processing cc9a0cd2-6fb9-47ab-8e39-146d2fa361c2: File is not a zip file
2025-12-25T12:28:52.9488619Z   Processing 480/634: ccb8bfb1-1303-4c2d-9106-78684e6b859f...
2025-12-25T12:28:52.9489075Z   ‚ùå Error processing ccb8bfb1-1303-4c2d-9106-78684e6b859f: File is not a zip file
2025-12-25T12:28:52.9489466Z   Processing 481/634: ccf25c1f-d8a2-49b9-8e09-88e6616c9ade...
2025-12-25T12:28:52.9489925Z   ‚ùå Error processing ccf25c1f-d8a2-49b9-8e09-88e6616c9ade: File is not a zip file
2025-12-25T12:28:52.9490325Z   Processing 482/634: cd37c94b-b175-42d2-b58a-a25a9f81bcea...
2025-12-25T12:28:52.9490783Z   ‚ùå Error processing cd37c94b-b175-42d2-b58a-a25a9f81bcea: File is not a zip file
2025-12-25T12:28:52.9491171Z   Processing 483/634: ce703715-4c11-472c-9270-daac87b7be05...
2025-12-25T12:28:52.9491623Z   ‚ùå Error processing ce703715-4c11-472c-9270-daac87b7be05: File is not a zip file
2025-12-25T12:28:52.9492013Z   Processing 484/634: ce93ca5b-2a65-4873-9686-926c44076c6c...
2025-12-25T12:28:52.9492467Z   ‚ùå Error processing ce93ca5b-2a65-4873-9686-926c44076c6c: File is not a zip file
2025-12-25T12:28:52.9492866Z   Processing 485/634: cfb5647b-2fb2-4449-b5d2-3d379eee6dd8...
2025-12-25T12:28:52.9493323Z   ‚ùå Error processing cfb5647b-2fb2-4449-b5d2-3d379eee6dd8: File is not a zip file
2025-12-25T12:28:52.9493725Z   Processing 486/634: cfee4476-a3c9-4e0c-a235-c68c5d46931e...
2025-12-25T12:28:52.9494310Z   ‚ùå Error processing cfee4476-a3c9-4e0c-a235-c68c5d46931e: File is not a zip file
2025-12-25T12:28:52.9494706Z   Processing 487/634: d08969cb-24ca-c49c-e053-2a95a90a71d1...
2025-12-25T12:28:52.9495166Z   ‚ùå Error processing d08969cb-24ca-c49c-e053-2a95a90a71d1: File is not a zip file
2025-12-25T12:28:52.9495563Z   Processing 488/634: d112a344-33cc-41d3-bae6-492631ebdba7...
2025-12-25T12:28:52.9496020Z   ‚ùå Error processing d112a344-33cc-41d3-bae6-492631ebdba7: File is not a zip file
2025-12-25T12:28:52.9496417Z   Processing 489/634: d15cbfe9-051d-4aeb-a0f3-105bef7796bc...
2025-12-25T12:28:52.9496996Z   ‚ùå Error processing d15cbfe9-051d-4aeb-a0f3-105bef7796bc: File is not a zip file
2025-12-25T12:28:52.9497392Z   Processing 490/634: d20a7f7a-febf-54f9-e053-2a95a90a06b1...
2025-12-25T12:28:52.9497991Z   ‚ùå Error processing d20a7f7a-febf-54f9-e053-2a95a90a06b1: File is not a zip file
2025-12-25T12:28:52.9498385Z   Processing 491/634: d20b4682-fed2-3ea2-e053-2995a90aa47e...
2025-12-25T12:28:52.9498848Z   ‚ùå Error processing d20b4682-fed2-3ea2-e053-2995a90aa47e: File is not a zip file
2025-12-25T12:28:52.9499242Z   Processing 492/634: d21c05e4-c4e6-de6e-e053-2995a90a38bb...
2025-12-25T12:28:52.9499693Z   ‚ùå Error processing d21c05e4-c4e6-de6e-e053-2995a90a38bb: File is not a zip file
2025-12-25T12:28:52.9500087Z   Processing 493/634: d21cbfda-17de-b17c-e053-2995a90a3399...
2025-12-25T12:28:52.9500545Z   ‚ùå Error processing d21cbfda-17de-b17c-e053-2995a90a3399: File is not a zip file
2025-12-25T12:28:52.9500932Z   Processing 494/634: d3447294-09b5-281d-e053-2a95a90a0728...
2025-12-25T12:28:52.9501387Z   ‚ùå Error processing d3447294-09b5-281d-e053-2a95a90a0728: File is not a zip file
2025-12-25T12:28:52.9501773Z   Processing 495/634: d346470c-3f51-bd52-e053-2a95a90a5439...
2025-12-25T12:28:52.9502216Z   ‚ùå Error processing d346470c-3f51-bd52-e053-2a95a90a5439: File is not a zip file
2025-12-25T12:28:52.9502609Z   Processing 496/634: d3bd710b-7d1a-4f96-9fbc-a67c550d863b...
2025-12-25T12:28:52.9503089Z   ‚ùå Error processing d3bd710b-7d1a-4f96-9fbc-a67c550d863b: File is not a zip file
2025-12-25T12:28:52.9503492Z   Processing 497/634: d42b7d26-6e72-4609-b95d-5b1bf280b9ed...
2025-12-25T12:28:52.9503952Z   ‚ùå Error processing d42b7d26-6e72-4609-b95d-5b1bf280b9ed: File is not a zip file
2025-12-25T12:28:52.9504341Z   Processing 498/634: d656b72d-48f8-4425-e053-2995a90ab1f2...
2025-12-25T12:28:52.9504792Z   ‚ùå Error processing d656b72d-48f8-4425-e053-2995a90ab1f2: File is not a zip file
2025-12-25T12:28:52.9505180Z   Processing 499/634: d6599395-3944-44f9-97f2-e0424c6b6a1f...
2025-12-25T12:28:52.9505631Z   ‚ùå Error processing d6599395-3944-44f9-97f2-e0424c6b6a1f: File is not a zip file
2025-12-25T12:28:52.9506041Z   Processing 500/634: d6832e54-8256-66b5-e053-2995a90a7c8d...
2025-12-25T12:28:52.9506502Z   ‚ùå Error processing d6832e54-8256-66b5-e053-2995a90a7c8d: File is not a zip file
2025-12-25T12:28:52.9506890Z   Processing 501/634: d6961473-262d-2e87-e053-2995a90ae23a...
2025-12-25T12:28:52.9507349Z   ‚ùå Error processing d6961473-262d-2e87-e053-2995a90ae23a: File is not a zip file
2025-12-25T12:28:52.9507860Z   Processing 502/634: d6a6315f-19ca-e760-e053-2a95a90a8311...
2025-12-25T12:28:52.9508319Z   ‚ùå Error processing d6a6315f-19ca-e760-e053-2a95a90a8311: File is not a zip file
2025-12-25T12:28:52.9508712Z   Processing 503/634: d71f8e6e-7005-4b3e-e053-2995a90a6789...
2025-12-25T12:28:52.9509166Z   ‚ùå Error processing d71f8e6e-7005-4b3e-e053-2995a90a6789: File is not a zip file
2025-12-25T12:28:52.9509553Z   Processing 504/634: d7235ad7-83d7-12e5-e053-2a95a90aaeaf...
2025-12-25T12:28:52.9510004Z   ‚ùå Error processing d7235ad7-83d7-12e5-e053-2a95a90aaeaf: File is not a zip file
2025-12-25T12:28:52.9510394Z   Processing 505/634: d7238996-374b-07aa-e053-2995a90ae889...
2025-12-25T12:28:52.9510844Z   ‚ùå Error processing d7238996-374b-07aa-e053-2995a90ae889: File is not a zip file
2025-12-25T12:28:52.9511247Z   Processing 506/634: d72415b3-c501-141f-e053-2995a90aaaa3...
2025-12-25T12:28:52.9511872Z   ‚ùå Error processing d72415b3-c501-141f-e053-2995a90aaaa3: File is not a zip file
2025-12-25T12:28:52.9512278Z   Processing 507/634: d7244125-1ca5-78ba-e053-2995a90ab764...
2025-12-25T12:28:52.9512736Z   ‚ùå Error processing d7244125-1ca5-78ba-e053-2995a90ab764: File is not a zip file
2025-12-25T12:28:52.9513133Z   Processing 508/634: d724bd2a-2a8e-faeb-e053-2995a90aca19...
2025-12-25T12:28:52.9513595Z   ‚ùå Error processing d724bd2a-2a8e-faeb-e053-2995a90aca19: File is not a zip file
2025-12-25T12:28:52.9513994Z   Processing 509/634: d724fe9f-c9ef-d9ad-e053-2995a90a7ecf...
2025-12-25T12:28:52.9514447Z   ‚ùå Error processing d724fe9f-c9ef-d9ad-e053-2995a90a7ecf: File is not a zip file
2025-12-25T12:28:52.9514958Z   Processing 510/634: d7354af1-f304-f4d9-e053-2995a90ab219...
2025-12-25T12:28:52.9515407Z   ‚ùå Error processing d7354af1-f304-f4d9-e053-2995a90ab219: File is not a zip file
2025-12-25T12:28:52.9515803Z   Processing 511/634: d8288751-f316-1dc0-e053-2995a90a139f...
2025-12-25T12:29:18.2397102Z   ‚ùå Error processing d8288751-f316-1dc0-e053-2995a90a139f: File is not a zip file
2025-12-25T12:29:18.2398435Z   Processing 512/634: d85840d6-c7ea-4a52-81a0-feaf43c2a0e5...
2025-12-25T12:29:18.2399677Z   ‚ùå Error processing d85840d6-c7ea-4a52-81a0-feaf43c2a0e5: File is not a zip file
2025-12-25T12:29:18.2400655Z   Processing 513/634: d8c78a7e-ff99-48f3-8952-643ec2ea0f86...
2025-12-25T12:29:18.2401792Z   ‚ùå Error processing d8c78a7e-ff99-48f3-8952-643ec2ea0f86: File is not a zip file
2025-12-25T12:29:18.2402551Z   Processing 514/634: d91d021f-f644-eac7-e053-2995a90a81c4...
2025-12-25T12:29:18.2403273Z   ‚ùå Error processing d91d021f-f644-eac7-e053-2995a90a81c4: File is not a zip file
2025-12-25T12:29:18.2403707Z   Processing 515/634: d92d97a8-0ee3-1206-e053-2a95a90a72a8...
2025-12-25T12:29:18.2404194Z   ‚ùå Error processing d92d97a8-0ee3-1206-e053-2a95a90a72a8: File is not a zip file
2025-12-25T12:29:18.2404606Z   Processing 516/634: dafe875e-391f-47a2-97b7-89840a760e44...
2025-12-25T12:29:18.2405087Z   ‚ùå Error processing dafe875e-391f-47a2-97b7-89840a760e44: File is not a zip file
2025-12-25T12:29:18.2405509Z   Processing 517/634: db4df818-cb0c-434d-e053-2a95a90aaa19...
2025-12-25T12:29:18.2405997Z   ‚ùå Error processing db4df818-cb0c-434d-e053-2a95a90aaa19: File is not a zip file
2025-12-25T12:29:18.2406406Z   Processing 518/634: dc97a895-8c2f-4891-85f3-7f45e2396140...
2025-12-25T12:29:18.2406869Z   ‚ùå Error processing dc97a895-8c2f-4891-85f3-7f45e2396140: File is not a zip file
2025-12-25T12:29:18.2407267Z   Processing 519/634: dd46db72-bc7b-400f-b396-45a680539767...
2025-12-25T12:29:18.2407974Z   ‚ùå Error processing dd46db72-bc7b-400f-b396-45a680539767: File is not a zip file
2025-12-25T12:29:18.2408393Z   Processing 520/634: dd93d53d-545a-b47c-e053-2a95a90a2a05...
2025-12-25T12:29:18.2408857Z   ‚ùå Error processing dd93d53d-545a-b47c-e053-2a95a90a2a05: File is not a zip file
2025-12-25T12:29:18.2409263Z   Processing 521/634: ddbfe1a9-df9b-79b0-e053-2995a90acc9b...
2025-12-25T12:29:18.2409733Z   ‚ùå Error processing ddbfe1a9-df9b-79b0-e053-2995a90acc9b: File is not a zip file
2025-12-25T12:29:18.2410403Z   Processing 522/634: de615c3e-669f-493c-9c75-73dfbe726c59...
2025-12-25T12:29:18.2410884Z   ‚ùå Error processing de615c3e-669f-493c-9c75-73dfbe726c59: File is not a zip file
2025-12-25T12:29:18.2411289Z   Processing 523/634: de9b5ebf-7f4c-5df0-e053-2995a90a4095...
2025-12-25T12:29:18.2411745Z   ‚ùå Error processing de9b5ebf-7f4c-5df0-e053-2995a90a4095: File is not a zip file
2025-12-25T12:29:18.2412147Z   Processing 524/634: deac0759-86b9-6214-e053-2a95a90aa4c4...
2025-12-25T12:29:18.2412603Z   ‚ùå Error processing deac0759-86b9-6214-e053-2a95a90aa4c4: File is not a zip file
2025-12-25T12:29:18.2413004Z   Processing 525/634: dfb1b42e-c821-1a41-e053-2995a90acf95...
2025-12-25T12:29:18.2413462Z   ‚ùå Error processing dfb1b42e-c821-1a41-e053-2995a90acf95: File is not a zip file
2025-12-25T12:29:18.2413857Z   Processing 526/634: e09e5f97-3fd9-4f13-b09f-ff5d058cbbcf...
2025-12-25T12:29:18.2414319Z   ‚ùå Error processing e09e5f97-3fd9-4f13-b09f-ff5d058cbbcf: File is not a zip file
2025-12-25T12:29:18.2414728Z   Processing 527/634: e117ebe5-de98-d650-e053-2a95a90a1fe1...
2025-12-25T12:29:18.2415186Z   ‚ùå Error processing e117ebe5-de98-d650-e053-2a95a90a1fe1: File is not a zip file
2025-12-25T12:29:18.2415582Z   Processing 528/634: e243033b-6603-4c3e-a330-e7c7de51f69d...
2025-12-25T12:29:18.2416042Z   ‚ùå Error processing e243033b-6603-4c3e-a330-e7c7de51f69d: File is not a zip file
2025-12-25T12:29:18.2416427Z   Processing 529/634: e25b440e-f389-443f-b333-c66ad1747158...
2025-12-25T12:29:18.2416881Z   ‚ùå Error processing e25b440e-f389-443f-b333-c66ad1747158: File is not a zip file
2025-12-25T12:29:18.2417607Z   Processing 530/634: e2890394-3b0c-0f84-e053-2995a90af801...
2025-12-25T12:29:18.2418093Z   ‚ùå Error processing e2890394-3b0c-0f84-e053-2995a90af801: File is not a zip file
2025-12-25T12:29:18.2418500Z   Processing 531/634: e2add97b-dc27-2019-e053-2a95a90ac787...
2025-12-25T12:29:18.2419022Z   ‚ùå Error processing e2add97b-dc27-2019-e053-2a95a90ac787: File is not a zip file
2025-12-25T12:29:18.2419432Z   Processing 532/634: e34d07b5-ccbb-cd14-e053-2a95a90a394b...
2025-12-25T12:29:18.2419898Z   ‚ùå Error processing e34d07b5-ccbb-cd14-e053-2a95a90a394b: File is not a zip file
2025-12-25T12:29:18.2420298Z   Processing 533/634: e364ff83-4aaf-4897-a7da-06581bc321f2...
2025-12-25T12:29:18.2420756Z   ‚ùå Error processing e364ff83-4aaf-4897-a7da-06581bc321f2: File is not a zip file
2025-12-25T12:29:18.2421155Z   Processing 534/634: e457af7c-0fa7-a47e-e053-2a95a90abf9c...
2025-12-25T12:29:18.2421611Z   ‚ùå Error processing e457af7c-0fa7-a47e-e053-2a95a90abf9c: File is not a zip file
2025-12-25T12:29:18.2422021Z   Processing 535/634: e45830a0-c884-e556-e053-2995a90ab565...
2025-12-25T12:29:18.2422471Z   ‚ùå Error processing e45830a0-c884-e556-e053-2995a90ab565: File is not a zip file
2025-12-25T12:29:18.2422857Z   Processing 536/634: e467b78e-9f23-5563-e053-2a95a90a586e...
2025-12-25T12:29:18.2423305Z   ‚ùå Error processing e467b78e-9f23-5563-e053-2a95a90a586e: File is not a zip file
2025-12-25T12:29:18.2423703Z   Processing 537/634: e55645ab-66f9-4160-8247-395bc5b02711...
2025-12-25T12:29:18.2424147Z   ‚ùå Error processing e55645ab-66f9-4160-8247-395bc5b02711: File is not a zip file
2025-12-25T12:29:18.2424547Z   Processing 538/634: e5e6e146-d39a-471c-e053-2995a90a7538...
2025-12-25T12:29:18.2425008Z   ‚ùå Error processing e5e6e146-d39a-471c-e053-2995a90a7538: File is not a zip file
2025-12-25T12:29:18.2425399Z   Processing 539/634: e6118c79-b6d5-5c09-e053-2a95a90a30cf...
2025-12-25T12:29:18.2425858Z   ‚ùå Error processing e6118c79-b6d5-5c09-e053-2a95a90a30cf: File is not a zip file
2025-12-25T12:29:18.2426262Z   Processing 540/634: e64a3c32-5466-0662-e053-2a95a90ae963...
2025-12-25T12:29:18.2426734Z   ‚ùå Error processing e64a3c32-5466-0662-e053-2a95a90ae963: File is not a zip file
2025-12-25T12:29:18.2427135Z   Processing 541/634: e64c0ec1-2889-96d1-e053-2995a90a8568...
2025-12-25T12:29:18.2427767Z   ‚ùå Error processing e64c0ec1-2889-96d1-e053-2995a90a8568: File is not a zip file
2025-12-25T12:29:18.2428169Z   Processing 542/634: e686a22f-bddc-5d7c-e053-2995a90a7b28...
2025-12-25T12:29:18.2428767Z   ‚ùå Error processing e686a22f-bddc-5d7c-e053-2995a90a7b28: File is not a zip file
2025-12-25T12:29:18.2429169Z   Processing 543/634: e6ffd6d1-fcfb-547d-e053-2995a90af9b6...
2025-12-25T12:29:18.2429640Z   ‚ùå Error processing e6ffd6d1-fcfb-547d-e053-2995a90af9b6: File is not a zip file
2025-12-25T12:29:18.2430045Z   Processing 544/634: e700dc6e-e7ae-47ee-9974-430bfd045b4f...
2025-12-25T12:29:18.2430501Z   ‚ùå Error processing e700dc6e-e7ae-47ee-9974-430bfd045b4f: File is not a zip file
2025-12-25T12:29:18.2430898Z   Processing 545/634: e717435a-b46a-1997-e053-2995a90a6edc...
2025-12-25T12:29:18.2431352Z   ‚ùå Error processing e717435a-b46a-1997-e053-2995a90a6edc: File is not a zip file
2025-12-25T12:29:18.2431747Z   Processing 546/634: e7179c39-c7df-b871-e053-2a95a90afabe...
2025-12-25T12:29:18.2432202Z   ‚ùå Error processing e7179c39-c7df-b871-e053-2a95a90afabe: File is not a zip file
2025-12-25T12:29:18.2432593Z   Processing 547/634: e77c2bc7-0258-4a6d-e053-2a95a90afe6e...
2025-12-25T12:29:18.2433057Z   ‚ùå Error processing e77c2bc7-0258-4a6d-e053-2a95a90afe6e: File is not a zip file
2025-12-25T12:29:18.2433457Z   Processing 548/634: e78c9ae0-c2ef-12ce-e053-2995a90abf1c...
2025-12-25T12:29:18.2433912Z   ‚ùå Error processing e78c9ae0-c2ef-12ce-e053-2995a90abf1c: File is not a zip file
2025-12-25T12:29:18.2434313Z   Processing 549/634: e7b7009a-89a4-720d-e053-2a95a90abff7...
2025-12-25T12:29:18.2434768Z   ‚ùå Error processing e7b7009a-89a4-720d-e053-2a95a90abff7: File is not a zip file
2025-12-25T12:29:18.2435155Z   Processing 550/634: e862b337-2991-4b56-8584-fd80dccd725f...
2025-12-25T12:29:18.2435737Z   ‚ùå Error processing e862b337-2991-4b56-8584-fd80dccd725f: File is not a zip file
2025-12-25T12:29:18.2436129Z   Processing 551/634: e8d27684-fb15-2e6a-e053-2a95a90a248f...
2025-12-25T12:29:18.2436580Z   ‚ùå Error processing e8d27684-fb15-2e6a-e053-2a95a90a248f: File is not a zip file
2025-12-25T12:29:18.2436975Z   Processing 552/634: e916ef86-ca73-42dd-83dc-6033f56d96f2...
2025-12-25T12:29:18.2437658Z   ‚ùå Error processing e916ef86-ca73-42dd-83dc-6033f56d96f2: File is not a zip file
2025-12-25T12:29:18.2438084Z   Processing 553/634: e97d82fe-cd45-43a5-9c1f-3900025240a1...
2025-12-25T12:29:18.2438557Z   ‚ùå Error processing e97d82fe-cd45-43a5-9c1f-3900025240a1: File is not a zip file
2025-12-25T12:29:18.2438954Z   Processing 554/634: e9b2afdd-049a-3987-e053-2a95a90a6cbb...
2025-12-25T12:29:18.2439417Z   ‚ùå Error processing e9b2afdd-049a-3987-e053-2a95a90a6cbb: File is not a zip file
2025-12-25T12:29:18.2439821Z   Processing 555/634: ea4e50e9-2c4d-4e58-b2cb-ab23e91fd50e...
2025-12-25T12:29:18.2440290Z   ‚ùå Error processing ea4e50e9-2c4d-4e58-b2cb-ab23e91fd50e: File is not a zip file
2025-12-25T12:29:18.2440696Z   Processing 556/634: eadacdae-3901-3f7c-e053-2a95a90ab184...
2025-12-25T12:29:18.2441159Z   ‚ùå Error processing eadacdae-3901-3f7c-e053-2a95a90ab184: File is not a zip file
2025-12-25T12:29:18.2441557Z   Processing 557/634: ec4fae96-ffe3-489c-9ed2-4aaec114c493...
2025-12-25T12:29:18.2442031Z   ‚ùå Error processing ec4fae96-ffe3-489c-9ed2-4aaec114c493: File is not a zip file
2025-12-25T12:29:18.2442435Z   Processing 558/634: ecf5decb-c98b-7739-e053-2995a90a5541...
2025-12-25T12:29:18.2442894Z   ‚ùå Error processing ecf5decb-c98b-7739-e053-2995a90a5541: File is not a zip file
2025-12-25T12:29:18.2443297Z   Processing 559/634: ecfd66a4-81f4-3463-e053-2a95a90a18b1...
2025-12-25T12:29:18.2443752Z   ‚ùå Error processing ecfd66a4-81f4-3463-e053-2a95a90a18b1: File is not a zip file
2025-12-25T12:29:18.2444149Z   Processing 560/634: ecfde5bc-6100-d00c-e053-2995a90ac5dc...
2025-12-25T12:29:18.2444619Z   ‚ùå Error processing ecfde5bc-6100-d00c-e053-2995a90ac5dc: File is not a zip file
2025-12-25T12:29:18.2445017Z   Processing 561/634: ed0eecfb-85bf-63bf-e053-2995a90a0e03...
2025-12-25T12:29:18.2445479Z   ‚ùå Error processing ed0eecfb-85bf-63bf-e053-2995a90a0e03: File is not a zip file
2025-12-25T12:29:18.2445882Z   Processing 562/634: ed0f3275-f156-13a3-e053-2a95a90a2ce8...
2025-12-25T12:29:18.2446455Z   ‚ùå Error processing ed0f3275-f156-13a3-e053-2a95a90a2ce8: File is not a zip file
2025-12-25T12:29:18.2446859Z   Processing 563/634: ed23c587-7806-1f64-e053-2a95a90aea7f...
2025-12-25T12:29:18.2447315Z   ‚ùå Error processing ed23c587-7806-1f64-e053-2a95a90aea7f: File is not a zip file
2025-12-25T12:29:18.2447953Z   Processing 564/634: ed25620f-e39b-e30c-e053-2995a90af621...
2025-12-25T12:29:18.2448423Z   ‚ùå Error processing ed25620f-e39b-e30c-e053-2995a90af621: File is not a zip file
2025-12-25T12:29:18.2448820Z   Processing 565/634: ed340993-04e6-b084-e053-2a95a90abf60...
2025-12-25T12:29:18.2449275Z   ‚ùå Error processing ed340993-04e6-b084-e053-2a95a90abf60: File is not a zip file
2025-12-25T12:29:18.2449693Z   Processing 566/634: efadeae2-1ed9-4e80-9909-908bde98965b...
2025-12-25T12:29:18.2450155Z   ‚ùå Error processing efadeae2-1ed9-4e80-9909-908bde98965b: File is not a zip file
2025-12-25T12:29:18.2450557Z   Processing 567/634: efd0a432-abbb-1f88-e053-2995a90a8ce5...
2025-12-25T12:29:43.5014664Z   ‚ùå Error processing efd0a432-abbb-1f88-e053-2995a90a8ce5: File is not a zip file
2025-12-25T12:29:43.5015717Z   Processing 568/634: f01adfcc-b32a-4a98-a4e7-2ce87b824b5a...
2025-12-25T12:29:43.5016442Z   ‚ùå Error processing f01adfcc-b32a-4a98-a4e7-2ce87b824b5a: File is not a zip file
2025-12-25T12:29:43.5017051Z   Processing 569/634: f037a079-fde6-3588-e053-2995a90a6621...
2025-12-25T12:29:43.5017904Z   ‚ùå Error processing f037a079-fde6-3588-e053-2995a90a6621: File is not a zip file
2025-12-25T12:29:43.5018325Z   Processing 570/634: f049551b-4708-eb13-e053-2a95a90afd1f...
2025-12-25T12:29:43.5018795Z   ‚ùå Error processing f049551b-4708-eb13-e053-2a95a90afd1f: File is not a zip file
2025-12-25T12:29:43.5019425Z   Processing 571/634: f0561804-e0f7-495d-9768-9b86a208c51e...
2025-12-25T12:29:43.5019897Z   ‚ùå Error processing f0561804-e0f7-495d-9768-9b86a208c51e: File is not a zip file
2025-12-25T12:29:43.5020307Z   Processing 572/634: f0d3f0ab-07ee-f068-e053-2995a90a481a...
2025-12-25T12:29:43.5020789Z   ‚ùå Error processing f0d3f0ab-07ee-f068-e053-2995a90a481a: File is not a zip file
2025-12-25T12:29:43.5021199Z   Processing 573/634: f14c065e-88bc-4fba-8a70-51e140afeb37...
2025-12-25T12:29:43.5021668Z   ‚ùå Error processing f14c065e-88bc-4fba-8a70-51e140afeb37: File is not a zip file
2025-12-25T12:29:43.5022078Z   Processing 574/634: f1774540-7c2f-c60b-e053-2995a90a1ccb...
2025-12-25T12:29:43.5022535Z   ‚ùå Error processing f1774540-7c2f-c60b-e053-2995a90a1ccb: File is not a zip file
2025-12-25T12:29:43.5022940Z   Processing 575/634: f18c1195-48a1-69dc-e053-2a95a90a4077...
2025-12-25T12:29:43.5023404Z   ‚ùå Error processing f18c1195-48a1-69dc-e053-2a95a90a4077: File is not a zip file
2025-12-25T12:29:43.5023813Z   Processing 576/634: f18c1aa2-5f8b-5458-e053-2995a90ab947...
2025-12-25T12:29:43.5024285Z   ‚ùå Error processing f18c1aa2-5f8b-5458-e053-2995a90ab947: File is not a zip file
2025-12-25T12:29:43.5024693Z   Processing 577/634: f19ba97d-5c47-e98f-e053-2995a90afc23...
2025-12-25T12:29:43.5025164Z   ‚ùå Error processing f19ba97d-5c47-e98f-e053-2995a90afc23: File is not a zip file
2025-12-25T12:29:43.5025577Z   Processing 578/634: f1a9877a-fdb7-4e1c-8bc5-0b2b8b507f04...
2025-12-25T12:29:43.5026051Z   ‚ùå Error processing f1a9877a-fdb7-4e1c-8bc5-0b2b8b507f04: File is not a zip file
2025-12-25T12:29:43.5026457Z   Processing 579/634: f1d69088-4d52-cbb5-e053-2995a90a3ec8...
2025-12-25T12:29:43.5026944Z   ‚ùå Error processing f1d69088-4d52-cbb5-e053-2995a90a3ec8: File is not a zip file
2025-12-25T12:29:43.5027842Z   Processing 580/634: f21314eb-3581-4e06-9fe7-8239cc80ba11...
2025-12-25T12:29:43.5028725Z   ‚ùå Error processing f21314eb-3581-4e06-9fe7-8239cc80ba11: File is not a zip file
2025-12-25T12:29:43.5029470Z   Processing 581/634: f246553e-17c2-4dba-855b-1942646bb834...
2025-12-25T12:29:43.5030360Z   ‚ùå Error processing f246553e-17c2-4dba-855b-1942646bb834: File is not a zip file
2025-12-25T12:29:43.5031094Z   Processing 582/634: f2676cf2-f6fb-46b8-b723-5497f1655902...
2025-12-25T12:29:43.5031955Z   ‚ùå Error processing f2676cf2-f6fb-46b8-b723-5497f1655902: File is not a zip file
2025-12-25T12:29:43.5032930Z   Processing 583/634: f2a273f8-d623-dc2f-e053-2995a90a0c02...
2025-12-25T12:29:43.5033475Z   ‚ùå Error processing f2a273f8-d623-dc2f-e053-2995a90a0c02: File is not a zip file
2025-12-25T12:29:43.5033891Z   Processing 584/634: f2a297c2-3898-5e47-e053-2995a90ab3cc...
2025-12-25T12:29:43.5034354Z   ‚ùå Error processing f2a297c2-3898-5e47-e053-2995a90ab3cc: File is not a zip file
2025-12-25T12:29:43.5034753Z   Processing 585/634: f2a2a754-0170-e37c-e053-2a95a90a4dca...
2025-12-25T12:29:43.5035212Z   ‚ùå Error processing f2a2a754-0170-e37c-e053-2a95a90a4dca: File is not a zip file
2025-12-25T12:29:43.5035613Z   Processing 586/634: f2a2cbb5-5a63-7514-e053-2995a90a572c...
2025-12-25T12:29:43.5036070Z   ‚ùå Error processing f2a2cbb5-5a63-7514-e053-2995a90a572c: File is not a zip file
2025-12-25T12:29:43.5036464Z   Processing 587/634: f32e5b0f-1fd9-9b33-e053-2995a90a8103...
2025-12-25T12:29:43.5037020Z   ‚ùå Error processing f32e5b0f-1fd9-9b33-e053-2995a90a8103: File is not a zip file
2025-12-25T12:29:43.5037591Z   Processing 588/634: f32e9cb6-af93-e60a-e053-2995a90a42f5...
2025-12-25T12:29:43.5038061Z   ‚ùå Error processing f32e9cb6-af93-e60a-e053-2995a90a42f5: File is not a zip file
2025-12-25T12:29:43.5038462Z   Processing 589/634: f34904dc-c945-4de4-8594-34e4f4ac1983...
2025-12-25T12:29:43.5038920Z   ‚ùå Error processing f34904dc-c945-4de4-8594-34e4f4ac1983: File is not a zip file
2025-12-25T12:29:43.5039305Z   Processing 590/634: f446037e-4896-641d-e053-2995a90ac60e...
2025-12-25T12:29:43.5039756Z   ‚ùå Error processing f446037e-4896-641d-e053-2995a90ac60e: File is not a zip file
2025-12-25T12:29:43.5040294Z   Processing 591/634: f4464fb2-ba25-16f2-e053-2a95a90a0406...
2025-12-25T12:29:43.5040750Z   ‚ùå Error processing f4464fb2-ba25-16f2-e053-2a95a90a0406: File is not a zip file
2025-12-25T12:29:43.5041140Z   Processing 592/634: f4853677-1622-4037-688b-fdf533a11d96...
2025-12-25T12:29:43.5041591Z   ‚ùå Error processing f4853677-1622-4037-688b-fdf533a11d96: File is not a zip file
2025-12-25T12:29:43.5041984Z   Processing 593/634: f493c3ea-41b3-4625-84a6-fab545a76940...
2025-12-25T12:29:43.5042437Z   ‚ùå Error processing f493c3ea-41b3-4625-84a6-fab545a76940: File is not a zip file
2025-12-25T12:29:43.5042836Z   Processing 594/634: f5dc335d-d3cf-ba94-e053-2a95a90ac6d3...
2025-12-25T12:29:43.5043293Z   ‚ùå Error processing f5dc335d-d3cf-ba94-e053-2a95a90ac6d3: File is not a zip file
2025-12-25T12:29:43.5043690Z   Processing 595/634: f655aa72-069f-9d19-e053-2995a90a2079...
2025-12-25T12:29:43.5044139Z   ‚ùå Error processing f655aa72-069f-9d19-e053-2995a90a2079: File is not a zip file
2025-12-25T12:29:43.5044543Z   Processing 596/634: f6560d6e-03d5-6b22-e053-2a95a90ae625...
2025-12-25T12:29:43.5044998Z   ‚ùå Error processing f6560d6e-03d5-6b22-e053-2a95a90ae625: File is not a zip file
2025-12-25T12:29:43.5045378Z   Processing 597/634: f6801575-6081-7566-e053-2995a90a20a8...
2025-12-25T12:29:43.5045822Z   ‚ùå Error processing f6801575-6081-7566-e053-2995a90a20a8: File is not a zip file
2025-12-25T12:29:43.5046215Z   Processing 598/634: f6f5251d-db89-4b69-e053-6394a90a1028...
2025-12-25T12:29:43.5046664Z   ‚ùå Error processing f6f5251d-db89-4b69-e053-6394a90a1028: File is not a zip file
2025-12-25T12:29:43.5047061Z   Processing 599/634: f708e1ec-cf2a-4e2b-851f-f6b703f359b2...
2025-12-25T12:29:43.5047632Z   ‚ùå Error processing f708e1ec-cf2a-4e2b-851f-f6b703f359b2: File is not a zip file
2025-12-25T12:29:43.5048028Z   Processing 600/634: f710edb6-e30d-e400-59a3-7ff437bebcd5...
2025-12-25T12:29:43.5048491Z   ‚ùå Error processing f710edb6-e30d-e400-59a3-7ff437bebcd5: File is not a zip file
2025-12-25T12:29:43.5048909Z   Processing 601/634: f73e0df0-4af4-42f1-bde6-3cccb47ca378...
2025-12-25T12:29:43.5049387Z   ‚ùå Error processing f73e0df0-4af4-42f1-bde6-3cccb47ca378: File is not a zip file
2025-12-25T12:29:43.5049793Z   Processing 602/634: f791c94b-7fba-3857-e053-6294a90ac6be...
2025-12-25T12:29:43.5050252Z   ‚ùå Error processing f791c94b-7fba-3857-e053-6294a90ac6be: File is not a zip file
2025-12-25T12:29:43.5050768Z   Processing 603/634: f7960b61-840c-0914-e053-6294a90a50de...
2025-12-25T12:29:43.5051231Z   ‚ùå Error processing f7960b61-840c-0914-e053-6294a90a50de: File is not a zip file
2025-12-25T12:29:43.5051620Z   Processing 604/634: f797848e-f23f-997b-e053-6394a90aae55...
2025-12-25T12:29:43.5052079Z   ‚ùå Error processing f797848e-f23f-997b-e053-6394a90aae55: File is not a zip file
2025-12-25T12:29:43.5052477Z   Processing 605/634: f7ed39e2-5431-4e47-935c-c7441d058f94...
2025-12-25T12:29:43.5052928Z   ‚ùå Error processing f7ed39e2-5431-4e47-935c-c7441d058f94: File is not a zip file
2025-12-25T12:29:43.5053330Z   Processing 606/634: f809ac18-f8bc-4ebc-83a9-a70633c7192a...
2025-12-25T12:29:43.5053795Z   ‚ùå Error processing f809ac18-f8bc-4ebc-83a9-a70633c7192a: File is not a zip file
2025-12-25T12:29:43.5054192Z   Processing 607/634: f824602a-8e7b-b8c3-e053-6294a90a6d9d...
2025-12-25T12:29:43.5054651Z   ‚ùå Error processing f824602a-8e7b-b8c3-e053-6294a90a6d9d: File is not a zip file
2025-12-25T12:29:43.5055051Z   Processing 608/634: f837e190-6fb3-e22e-e053-6394a90a12e6...
2025-12-25T12:29:43.5055513Z   ‚ùå Error processing f837e190-6fb3-e22e-e053-6394a90a12e6: File is not a zip file
2025-12-25T12:29:43.5055901Z   Processing 609/634: f8383108-0970-9f1e-e053-6294a90ad38f...
2025-12-25T12:29:43.5056353Z   ‚ùå Error processing f8383108-0970-9f1e-e053-6294a90ad38f: File is not a zip file
2025-12-25T12:29:43.5056741Z   Processing 610/634: f84e3365-57d2-4904-9275-96600f8d74c7...
2025-12-25T12:29:43.5057194Z   ‚ùå Error processing f84e3365-57d2-4904-9275-96600f8d74c7: File is not a zip file
2025-12-25T12:29:43.5057844Z   Processing 611/634: f96cfd69-da34-41ee-90a9-610a4655cd1c...
2025-12-25T12:29:43.5058471Z   ‚ùå Error processing f96cfd69-da34-41ee-90a9-610a4655cd1c: File is not a zip file
2025-12-25T12:29:43.5058870Z   Processing 612/634: f98b1e8f-9c66-3e9c-e053-6294a90ab057...
2025-12-25T12:29:43.5059325Z   ‚ùå Error processing f98b1e8f-9c66-3e9c-e053-6294a90ab057: File is not a zip file
2025-12-25T12:29:43.5059731Z   Processing 613/634: fbc05ccb-782b-55f6-e053-6394a90a7fd6...
2025-12-25T12:29:43.5060200Z   ‚ùå Error processing fbc05ccb-782b-55f6-e053-6394a90a7fd6: File is not a zip file
2025-12-25T12:29:43.5060592Z   Processing 614/634: fbe71308-2927-2467-e053-6394a90aa419...
2025-12-25T12:29:43.5061043Z   ‚ùå Error processing fbe71308-2927-2467-e053-6394a90aa419: File is not a zip file
2025-12-25T12:29:43.5061428Z   Processing 615/634: fc7566e6-c043-fcd4-e053-6294a90a77e5...
2025-12-25T12:29:43.5061886Z   ‚ùå Error processing fc7566e6-c043-fcd4-e053-6294a90a77e5: File is not a zip file
2025-12-25T12:29:43.5062280Z   Processing 616/634: fc88eec0-c66c-5d6d-e053-6294a90a13d2...
2025-12-25T12:29:43.5062744Z   ‚ùå Error processing fc88eec0-c66c-5d6d-e053-6294a90a13d2: File is not a zip file
2025-12-25T12:29:43.5063150Z   Processing 617/634: fc8cb10c-4973-c0bd-e053-6394a90a6fdb...
2025-12-25T12:29:43.5063612Z   ‚ùå Error processing fc8cb10c-4973-c0bd-e053-6394a90a6fdb: File is not a zip file
2025-12-25T12:29:43.5064006Z   Processing 618/634: fcf27cbf-9535-1356-e053-6394a90a0362...
2025-12-25T12:29:43.5064472Z   ‚ùå Error processing fcf27cbf-9535-1356-e053-6394a90a0362: File is not a zip file
2025-12-25T12:29:43.5064872Z   Processing 619/634: fcf30b3a-c25b-7aaf-e053-6394a90affda...
2025-12-25T12:29:43.5065331Z   ‚ùå Error processing fcf30b3a-c25b-7aaf-e053-6394a90affda: File is not a zip file
2025-12-25T12:29:43.5065731Z   Processing 620/634: fd775af1-782e-bb4f-e053-6294a90aaa5d...
2025-12-25T12:29:43.5066190Z   ‚ùå Error processing fd775af1-782e-bb4f-e053-6294a90aaa5d: File is not a zip file
2025-12-25T12:29:43.5066580Z   Processing 621/634: fd796139-ea9f-f4db-e053-6394a90acdf3...
2025-12-25T12:29:43.5067056Z   ‚ùå Error processing fd796139-ea9f-f4db-e053-6394a90acdf3: File is not a zip file
2025-12-25T12:29:43.5067559Z   Processing 622/634: fd7c3250-35d4-494a-e053-6394a90a2db5...
2025-12-25T12:29:43.5068018Z   ‚ùå Error processing fd7c3250-35d4-494a-e053-6394a90a2db5: File is not a zip file
2025-12-25T12:29:43.5068407Z   Processing 623/634: fd8f495a-9940-363b-e053-6294a90a1097...
2025-12-25T12:29:49.0233905Z   ‚ùå Error processing fd8f495a-9940-363b-e053-6294a90a1097: File is not a zip file
/opt/hostedtoolcache/Python/3.10.19/x64
2025-12-25T12:29:50.4341833Z   Python2_ROOT_DIR: /opt/hostedtoolcache/Python/3.10.19/x64
2025-12-25T12:29:50.4342162Z   Python3_ROOT_DIR: /opt/hostedtoolcache/Python/3.10.19/x64
2025-12-25T12:29:50.4342498Z   LD_LIBRARY_PATH: /opt/hostedtoolcache/Python/3.10.19/x64/lib
2025-12-25T12:29:50.4342784Z ##[endgroup]
2025-12-25T12:29:50.4440249Z fatal: pathspec 'assets/data/drug_interactions_complete.json' did not match any files
2025-12-25T12:29:50.4453606Z ##[error]Process completed with exit code 128.
2025-12-25T12:29:50.4543970Z Post job cleanup.
2025-12-25T12:29:50.5467008Z [command]/usr/bin/git version
2025-12-25T12:29:50.5501916Z git version 2.52.0
2025-12-25T12:29:50.5537251Z Copying '/home/runner/.gitconfig' to '/home/runner/work/_temp/689ca2ac-39e2-43c3-b3f9-fc29085de50f/.gitconfig'
2025-12-25T12:29:50.5547692Z Temporarily overriding HOME='/home/runner/work/_temp/689ca2ac-39e2-43c3-b3f9-fc29085de50f' before making global git config changes
2025-12-25T12:29:50.5548902Z Adding repository directory to the temporary git global config as a safe directory
2025-12-25T12:29:50.5560582Z [command]/usr/bin/git config --global --add safe.directory /home/runner/work/MediSwitch-Final/MediSwitch-Final
2025-12-25T12:29:50.5592732Z [command]/usr/bin/git config --local --name-only --get-regexp core\.sshCommand
2025-12-25T12:29:50.5623142Z [command]/usr/bin/git submodule foreach --recursive sh -c "git config --local --name-only --get-regexp 'core\.sshCommand' && git config --local --unset-all 'core.sshCommand' || :"
2025-12-25T12:29:50.5853086Z [command]/usr/bin/git config --local --name-only --get-regexp http\.https\:\/\/github\.com\/\.extraheader
2025-12-25T12:29:50.5872622Z http.https://github.com/.extraheader
2025-12-25T12:29:50.5886627Z [command]/usr/bin/git config --local --unset-all http.https://github.com/.extraheader
2025-12-25T12:29:50.5919049Z [command]/usr/bin/git submodule foreach --recursive sh -c "git config --local --name-only --get-regexp 'http\.https\:\/\/github\.com\/\.extraheader' && git config --local --unset-all 'http.https://github.com/.extraheader' || :"
2025-12-25T12:29:50.6161712Z [command]/usr/bin/git config --local --name-only --get-regexp ^includeIf\.gitdir:
2025-12-25T12:29:50.6193473Z [command]/usr/bin/git submodule foreach --recursive git config --local --show-origin --name-only --get-regexp remote.origin.url
2025-12-25T12:29:50.6554424Z Cleaning up orphan processes


ÿ¥ŸàŸÅ ÿßŸÑ workflow  ÿØÿ© ÿ®ŸäŸÅÿ¥ŸÑ ŸÑŸäÿ©
ŸàÿπÿßŸäÿ≤ŸÉ ÿ™ÿ¥ŸàŸÅ ŸáŸà ÿ®ŸäŸÇŸàŸÖ ÿ®ÿ¨ŸÑÿ® ÿ®ŸäÿßŸÜÿßÿ™ DailyMed  ÿßŸÑÿ¨ÿØŸäÿØÿ© Ÿàÿ®ŸäÿπŸÖŸÑ ŸÅŸäŸáÿß ÿßŸäÿ© ÿ®ÿßŸÑÿ∏ÿ®ÿ∑ ÿüÿü

